../Core/Src/main.c:108:5:main	40	static
../Core/Src/main.c:192:6:TaskTransmit	32	static
../Core/Src/main.c:232:6:TaskReceive	96	static
../Core/Src/main.c:474:6:TaskButton	48	static
../Core/Src/main.c:536:10:LEDBlink	32	static
../Core/Src/main.c:527:6:TaskLED	48	static
../Core/Src/main.c:614:6:TaskADC	56	static
../Core/Src/main.c:697:6:HAL_GPIO_EXTI_Callback	24	static
../Core/Src/main.c:703:6:SystemClock_Config	96	static
../Core/Src/main.c:753:13:MX_ADC3_Init	32	static
../Core/Src/main.c:792:13:MX_USART2_UART_Init	8	static
../Core/Src/main.c:813:13:MX_GPIO_Init	48	static
../Core/Src/main.c:850:6:Error_Handler	4	static,ignoring_inline_asm
