Archive member included to satisfy reference by file (symbol)

C:/ST/STM32CubeIDE_1.16.0/STM32CubeIDE/plugins/com.st.stm32cube.ide.mcu.externaltools.gnu-tools-for-stm32.12.3.rel1.win32_1.0.200.202406191623/tools/bin/../lib/gcc/arm-none-eabi/12.3.1/../../../../arm-none-eabi/lib/thumb/v7e-m+fp/hard\libc_nano.a(libc_a-atoi.o)
                              ./Core/Src/tasks.o (atoi)
C:/ST/STM32CubeIDE_1.16.0/STM32CubeIDE/plugins/com.st.stm32cube.ide.mcu.externaltools.gnu-tools-for-stm32.12.3.rel1.win32_1.0.200.202406191623/tools/bin/../lib/gcc/arm-none-eabi/12.3.1/../../../../arm-none-eabi/lib/thumb/v7e-m+fp/hard\libc_nano.a(libc_a-exit.o)
                              C:/ST/STM32CubeIDE_1.16.0/STM32CubeIDE/plugins/com.st.stm32cube.ide.mcu.externaltools.gnu-tools-for-stm32.12.3.rel1.win32_1.0.200.202406191623/tools/bin/../lib/gcc/arm-none-eabi/12.3.1/../../../../arm-none-eabi/lib/thumb/v7e-m+fp/hard/crt0.o (exit)
C:/ST/STM32CubeIDE_1.16.0/STM32CubeIDE/plugins/com.st.stm32cube.ide.mcu.externaltools.gnu-tools-for-stm32.12.3.rel1.win32_1.0.200.202406191623/tools/bin/../lib/gcc/arm-none-eabi/12.3.1/../../../../arm-none-eabi/lib/thumb/v7e-m+fp/hard\libc_nano.a(libc_a-strtol.o)
                              C:/ST/STM32CubeIDE_1.16.0/STM32CubeIDE/plugins/com.st.stm32cube.ide.mcu.externaltools.gnu-tools-for-stm32.12.3.rel1.win32_1.0.200.202406191623/tools/bin/../lib/gcc/arm-none-eabi/12.3.1/../../../../arm-none-eabi/lib/thumb/v7e-m+fp/hard\libc_nano.a(libc_a-atoi.o) (_strtol_r)
C:/ST/STM32CubeIDE_1.16.0/STM32CubeIDE/plugins/com.st.stm32cube.ide.mcu.externaltools.gnu-tools-for-stm32.12.3.rel1.win32_1.0.200.202406191623/tools/bin/../lib/gcc/arm-none-eabi/12.3.1/../../../../arm-none-eabi/lib/thumb/v7e-m+fp/hard\libc_nano.a(libc_a-ctype_.o)
                              C:/ST/STM32CubeIDE_1.16.0/STM32CubeIDE/plugins/com.st.stm32cube.ide.mcu.externaltools.gnu-tools-for-stm32.12.3.rel1.win32_1.0.200.202406191623/tools/bin/../lib/gcc/arm-none-eabi/12.3.1/../../../../arm-none-eabi/lib/thumb/v7e-m+fp/hard\libc_nano.a(libc_a-strtol.o) (_ctype_)
C:/ST/STM32CubeIDE_1.16.0/STM32CubeIDE/plugins/com.st.stm32cube.ide.mcu.externaltools.gnu-tools-for-stm32.12.3.rel1.win32_1.0.200.202406191623/tools/bin/../lib/gcc/arm-none-eabi/12.3.1/../../../../arm-none-eabi/lib/thumb/v7e-m+fp/hard\libc_nano.a(libc_a-nano-vfprintf_float.o)
                              (_printf_float)
C:/ST/STM32CubeIDE_1.16.0/STM32CubeIDE/plugins/com.st.stm32cube.ide.mcu.externaltools.gnu-tools-for-stm32.12.3.rel1.win32_1.0.200.202406191623/tools/bin/../lib/gcc/arm-none-eabi/12.3.1/../../../../arm-none-eabi/lib/thumb/v7e-m+fp/hard\libc_nano.a(libc_a-nano-vfprintf_i.o)
                              C:/ST/STM32CubeIDE_1.16.0/STM32CubeIDE/plugins/com.st.stm32cube.ide.mcu.externaltools.gnu-tools-for-stm32.12.3.rel1.win32_1.0.200.202406191623/tools/bin/../lib/gcc/arm-none-eabi/12.3.1/../../../../arm-none-eabi/lib/thumb/v7e-m+fp/hard\libc_nano.a(libc_a-nano-vfprintf_float.o) (_printf_common)
C:/ST/STM32CubeIDE_1.16.0/STM32CubeIDE/plugins/com.st.stm32cube.ide.mcu.externaltools.gnu-tools-for-stm32.12.3.rel1.win32_1.0.200.202406191623/tools/bin/../lib/gcc/arm-none-eabi/12.3.1/../../../../arm-none-eabi/lib/thumb/v7e-m+fp/hard\libc_nano.a(libc_a-findfp.o)
                              C:/ST/STM32CubeIDE_1.16.0/STM32CubeIDE/plugins/com.st.stm32cube.ide.mcu.externaltools.gnu-tools-for-stm32.12.3.rel1.win32_1.0.200.202406191623/tools/bin/../lib/gcc/arm-none-eabi/12.3.1/../../../../arm-none-eabi/lib/thumb/v7e-m+fp/hard\libc_nano.a(libc_a-exit.o) (__stdio_exit_handler)
C:/ST/STM32CubeIDE_1.16.0/STM32CubeIDE/plugins/com.st.stm32cube.ide.mcu.externaltools.gnu-tools-for-stm32.12.3.rel1.win32_1.0.200.202406191623/tools/bin/../lib/gcc/arm-none-eabi/12.3.1/../../../../arm-none-eabi/lib/thumb/v7e-m+fp/hard\libc_nano.a(libc_a-fwalk.o)
                              C:/ST/STM32CubeIDE_1.16.0/STM32CubeIDE/plugins/com.st.stm32cube.ide.mcu.externaltools.gnu-tools-for-stm32.12.3.rel1.win32_1.0.200.202406191623/tools/bin/../lib/gcc/arm-none-eabi/12.3.1/../../../../arm-none-eabi/lib/thumb/v7e-m+fp/hard\libc_nano.a(libc_a-findfp.o) (_fwalk_sglue)
C:/ST/STM32CubeIDE_1.16.0/STM32CubeIDE/plugins/com.st.stm32cube.ide.mcu.externaltools.gnu-tools-for-stm32.12.3.rel1.win32_1.0.200.202406191623/tools/bin/../lib/gcc/arm-none-eabi/12.3.1/../../../../arm-none-eabi/lib/thumb/v7e-m+fp/hard\libc_nano.a(libc_a-printf.o)
                              ./Core/Src/adc_handler.o (printf)
C:/ST/STM32CubeIDE_1.16.0/STM32CubeIDE/plugins/com.st.stm32cube.ide.mcu.externaltools.gnu-tools-for-stm32.12.3.rel1.win32_1.0.200.202406191623/tools/bin/../lib/gcc/arm-none-eabi/12.3.1/../../../../arm-none-eabi/lib/thumb/v7e-m+fp/hard\libc_nano.a(libc_a-puts.o)
                              ./Core/Src/uart_handler.o (puts)
[...]
Memory Configuration

Name             Origin             Length             Attributes
RAM              0x20000000         0x00018000         xrw
RAM2             0x10000000         0x00008000         xrw
FLASH            0x08000000         0x00100000         xr
*default*        0x00000000         0xffffffff

Linker script and memory map

LOAD C:/ST/STM32CubeIDE_1.16.0/STM32CubeIDE/plugins/com.st.stm32cube.ide.mcu.externaltools.gnu-tools-for-stm32.12.3.rel1.win32_1.0.200.202406191623/tools/bin/../lib/gcc/arm-none-eabi/12.3.1/thumb/v7e-m+fp/hard/crti.o
LOAD C:/ST/STM32CubeIDE_1.16.0/STM32CubeIDE/plugins/com.st.stm32cube.ide.mcu.externaltools.gnu-tools-for-stm32.12.3.rel1.win32_1.0.200.202406191623/tools/bin/../lib/gcc/arm-none-eabi/12.3.1/thumb/v7e-m+fp/hard/crtbegin.o
LOAD C:/ST/STM32CubeIDE_1.16.0/STM32CubeIDE/plugins/com.st.stm32cube.ide.mcu.externaltools.gnu-tools-for-stm32.12.3.rel1.win32_1.0.200.202406191623/tools/bin/../lib/gcc/arm-none-eabi/12.3.1/../../../../arm-none-eabi/lib/thumb/v7e-m+fp/hard/crt0.o
LOAD ./Core/Src/adc_handler.o
LOAD ./Core/Src/bsp.o
LOAD ./Core/Src/led_handler.o
LOAD ./Core/Src/main.o
LOAD ./Core/Src/pdu.o
LOAD ./Core/Src/retarget.o
LOAD ./Core/Src/stm32l4xx_hal_msp.o
LOAD ./Core/Src/stm32l4xx_it.o
LOAD ./Core/Src/syscalls.o
LOAD ./Core/Src/sysmem.o
LOAD ./Core/Src/system_stm32l4xx.o
LOAD ./Core/Src/tasks.o
LOAD ./Core/Src/uart_handler.o
LOAD ./Core/Startup/startup_stm32l476rgtx.o
LOAD ./Drivers/STM32L4xx_HAL_Driver/Src/stm32l4xx_hal.o
LOAD ./Drivers/STM32L4xx_HAL_Driver/Src/stm32l4xx_hal_adc.o
LOAD ./Drivers/STM32L4xx_HAL_Driver/Src/stm32l4xx_hal_adc_ex.o
LOAD ./Drivers/STM32L4xx_HAL_Driver/Src/stm32l4xx_hal_cortex.o
LOAD ./Drivers/STM32L4xx_HAL_Driver/Src/stm32l4xx_hal_dma.o
LOAD ./Drivers/STM32L4xx_HAL_Driver/Src/stm32l4xx_hal_dma_ex.o
LOAD ./Drivers/STM32L4xx_HAL_Driver/Src/stm32l4xx_hal_exti.o
LOAD ./Drivers/STM32L4xx_HAL_Driver/Src/stm32l4xx_hal_flash.o
LOAD ./Drivers/STM32L4xx_HAL_Driver/Src/stm32l4xx_hal_flash_ex.o
LOAD ./Drivers/STM32L4xx_HAL_Driver/Src/stm32l4xx_hal_flash_ramfunc.o
LOAD ./Drivers/STM32L4xx_HAL_Driver/Src/stm32l4xx_hal_gpio.o
LOAD ./Drivers/STM32L4xx_HAL_Driver/Src/stm32l4xx_hal_i2c.o
LOAD ./Drivers/STM32L4xx_HAL_Driver/Src/stm32l4xx_hal_i2c_ex.o
LOAD ./Drivers/STM32L4xx_HAL_Driver/Src/stm32l4xx_hal_pwr.o
LOAD ./Drivers/STM32L4xx_HAL_Driver/Src/stm32l4xx_hal_pwr_ex.o
LOAD ./Drivers/STM32L4xx_HAL_Driver/Src/stm32l4xx_hal_rcc.o
LOAD ./Drivers/STM32L4xx_HAL_Driver/Src/stm32l4xx_hal_rcc_ex.o
LOAD ./Drivers/STM32L4xx_HAL_Driver/Src/stm32l4xx_hal_tim.o
LOAD ./Drivers/STM32L4xx_HAL_Driver/Src/stm32l4xx_hal_tim_ex.o
LOAD ./Drivers/STM32L4xx_HAL_Driver/Src/stm32l4xx_hal_uart.o
LOAD ./Drivers/STM32L4xx_HAL_Driver/Src/stm32l4xx_hal_uart_ex.o
LOAD ./Middlewares/uCOSII/Cfg/Template/app_hooks.o
LOAD ./Middlewares/uCOSII/Ports/ARM-Cortex-M/ARMv7-M/GNU/os_cpu_a.o
LOAD ./Middlewares/uCOSII/Ports/ARM-Cortex-M/ARMv7-M/GNU/os_cpu_c.o
LOAD ./Middlewares/uCOSII/Ports/ARM-Cortex-M/ARMv7-M/GNU/os_dbg.o
LOAD ./Middlewares/uCOSII/Source/os_core.o
LOAD ./Middlewares/uCOSII/Source/os_flag.o
LOAD ./Middlewares/uCOSII/Source/os_mbox.o
LOAD ./Middlewares/uCOSII/Source/os_mem.o
LOAD ./Middlewares/uCOSII/Source/os_mutex.o
LOAD ./Middlewares/uCOSII/Source/os_q.o
LOAD ./Middlewares/uCOSII/Source/os_sem.o
LOAD ./Middlewares/uCOSII/Source/os_task.o
LOAD ./Middlewares/uCOSII/Source/os_time.o
LOAD ./Middlewares/uCOSII/Source/os_tmr.o
LOAD ./Middlewares/uCOSII/Source/ucos_ii.o
START GROUP
LOAD C:/ST/STM32CubeIDE_1.16.0/STM32CubeIDE/plugins/com.st.stm32cube.ide.mcu.externaltools.gnu-tools-for-stm32.12.3.rel1.win32_1.0.200.202406191623/tools/bin/../lib/gcc/arm-none-eabi/12.3.1/../../../../arm-none-eabi/lib/thumb/v7e-m+fp/hard\libc_nano.a
LOAD C:/ST/STM32CubeIDE_1.16.0/STM32CubeIDE/plugins/com.st.stm32cube.ide.mcu.externaltools.gnu-tools-for-stm32.12.3.rel1.win32_1.0.200.202406191623/tools/bin/../lib/gcc/arm-none-eabi/12.3.1/../../../../arm-none-eabi/lib/thumb/v7e-m+fp/hard\libm.a
END GROUP
START GROUP
LOAD C:/ST/STM32CubeIDE_1.16.0/STM32CubeIDE/plugins/com.st.stm32cube.ide.mcu.externaltools.gnu-tools-for-stm32.12.3.rel1.win32_1.0.200.202406191623/tools/bin/../lib/gcc/arm-none-eabi/12.3.1/thumb/v7e-m+fp/hard\libgcc.a
LOAD C:/ST/STM32CubeIDE_1.16.0/STM32CubeIDE/plugins/com.st.stm32cube.ide.mcu.externaltools.gnu-tools-for-stm32.12.3.rel1.win32_1.0.200.202406191623/tools/bin/../lib/gcc/arm-none-eabi/12.3.1/../../../../arm-none-eabi/lib/thumb/v7e-m+fp/hard\libc_nano.a
END GROUP
START GROUP
LOAD C:/ST/STM32CubeIDE_1.16.0/STM32CubeIDE/plugins/com.st.stm32cube.ide.mcu.externaltools.gnu-tools-for-stm32.12.3.rel1.win32_1.0.200.202406191623/tools/bin/../lib/gcc/arm-none-eabi/12.3.1/thumb/v7e-m+fp/hard\libgcc.a
LOAD C:/ST/STM32CubeIDE_1.16.0/STM32CubeIDE/plugins/com.st.stm32cube.ide.mcu.externaltools.gnu-tools-for-stm32.12.3.rel1.win32_1.0.200.202406191623/tools/bin/../lib/gcc/arm-none-eabi/12.3.1/../../../../arm-none-eabi/lib/thumb/v7e-m+fp/hard\libc_nano.a
LOAD C:/ST/STM32CubeIDE_1.16.0/STM32CubeIDE/plugins/com.st.stm32cube.ide.mcu.externaltools.gnu-tools-for-stm32.12.3.rel1.win32_1.0.200.202406191623/tools/bin/../lib/gcc/arm-none-eabi/12.3.1/../../../../arm-none-eabi/lib/thumb/v7e-m+fp/hard\libnosys.a
END GROUP
START GROUP
LOAD C:/ST/STM32CubeIDE_1.16.0/STM32CubeIDE/plugins/com.st.stm32cube.ide.mcu.externaltools.gnu-tools-for-stm32.12.3.rel1.win32_1.0.200.202406191623/tools/bin/../lib/gcc/arm-none-eabi/12.3.1/thumb/v7e-m+fp/hard\libgcc.a
LOAD C:/ST/STM32CubeIDE_1.16.0/STM32CubeIDE/plugins/com.st.stm32cube.ide.mcu.externaltools.gnu-tools-for-stm32.12.3.rel1.win32_1.0.200.202406191623/tools/bin/../lib/gcc/arm-none-eabi/12.3.1/../../../../arm-none-eabi/lib/thumb/v7e-m+fp/hard\libc_nano.a
LOAD C:/ST/STM32CubeIDE_1.16.0/STM32CubeIDE/plugins/com.st.stm32cube.ide.mcu.externaltools.gnu-tools-for-stm32.12.3.rel1.win32_1.0.200.202406191623/tools/bin/../lib/gcc/arm-none-eabi/12.3.1/../../../../arm-none-eabi/lib/thumb/v7e-m+fp/hard\libnosys.a
END GROUP
LOAD C:/ST/STM32CubeIDE_1.16.0/STM32CubeIDE/plugins/com.st.stm32cube.ide.mcu.externaltools.gnu-tools-for-stm32.12.3.rel1.win32_1.0.200.202406191623/tools/bin/../lib/gcc/arm-none-eabi/12.3.1/thumb/v7e-m+fp/hard/crtend.o
LOAD C:/ST/STM32CubeIDE_1.16.0/STM32CubeIDE/plugins/com.st.stm32cube.ide.mcu.externaltools.gnu-tools-for-stm32.12.3.rel1.win32_1.0.200.202406191623/tools/bin/../lib/gcc/arm-none-eabi/12.3.1/thumb/v7e-m+fp/hard/crtn.o
                0x20018000                        _estack = (ORIGIN (RAM) + LENGTH (RAM))
                0x00000200                        _Min_Heap_Size = 0x200
                0x00000400                        _Min_Stack_Size = 0x400

.isr_vector     0x08000000      0x188
                0x08000000                        . = ALIGN (0x4)
 *(.isr_vector)
 .isr_vector    0x08000000      0x188 ./Core/Startup/startup_stm32l476rgtx.o
                0x08000000                g_pfnVectors
                0x08000188                        . = ALIGN (0x4)

.text           0x08000190     0xd07c
                0x08000190                        . = ALIGN (0x4)
 *(.text)
 .text          0x08000190       0x40 C:/ST/STM32CubeIDE_1.16.0/STM32CubeIDE/plugins/com.st.stm32cube.ide.mcu.externaltools.gnu-tools-for-stm32.12.3.rel1.win32_1.0.200.202406191623/tools/bin/../lib/gcc/arm-none-eabi/12.3.1/thumb/v7e-m+fp/hard/crtbegin.o
 .text          0x080001d0      0x160 ./Middlewares/uCOSII/Ports/ARM-Cortex-M/ARMv7-M/GNU/os_cpu_a.o
                0x080001d0                OS_CPU_FP_Reg_Push
                0x080001e2                OS_CPU_FP_Reg_Pop
                0x080001ee                OS_CPU_SR_Save
                0x0800020a                OS_CPU_SR_Restore
                0x0800021c                OSStartHighRdy
                0x0800029c                OSIntCtxSw
                0x0800029c                OSCtxSw
                0x080002a6                OS_CPU_PendSVHandler
 .text          0x08000330       0xa0 C:/ST/STM32CubeIDE_1.16.0/STM32CubeIDE/plugins/com.st.stm32cube.ide.mcu.externaltools.gnu-tools-for-stm32.12.3.rel1.win32_1.0.200.202406191623/tools/bin/../lib/gcc/arm-none-eabi/12.3.1/../../../../arm-none-eabi/lib/thumb/v7e-m+fp/hard\libc_nano.a(libc_a-memchr.o)
                0x08000330                memchr
 .text          0x080003d0       0x10 C:/ST/STM32CubeIDE_1.16.0/STM32CubeIDE/plugins/com.st.stm32cube.ide.mcu.externaltools.gnu-tools-for-stm32.12.3.rel1.win32_1.0.200.202406191623/tools/bin/../lib/gcc/arm-none-eabi/12.3.1/../../../../arm-none-eabi/lib/thumb/v7e-m+fp/hard\libc_nano.a(libc_a-strlen.o)
                0x080003d0                strlen
 .text          0x080003e0      0x378 C:/ST/STM32CubeIDE_1.16.0/STM32CubeIDE/plugins/com.st.stm32cube.ide.mcu.externaltools.gnu-tools-for-stm32.12.3.rel1.win32_1.0.200.202406191623/tools/bin/../lib/gcc/arm-none-eabi/12.3.1/thumb/v7e-m+fp/hard\libgcc.a(_arm_addsubdf3.o)
                0x080003e0                __aeabi_drsub
                0x080003e8                __aeabi_dsub
                0x080003e8                __subdf3
                0x080003ec                __aeabi_dadd
                0x080003ec                __adddf3
                0x08000664                __floatunsidf
                0x08000664                __aeabi_ui2d
                0x08000684                __floatsidf
                0x08000684                __aeabi_i2d
                0x080006a8                __aeabi_f2d
                0x080006a8                __extendsfdf2
                0x080006ec                __floatundidf
                0x080006ec                __aeabi_ul2d
                0x080006fc                __floatdidf
                0x080006fc                __aeabi_l2d
 .text          0x08000758      0x424 C:/ST/STM32CubeIDE_1.16.0/STM32CubeIDE/plugins/com.st.stm32cube.ide.mcu.externaltools.gnu-tools-for-stm32.12.3.rel1.win32_1.0.200.202406191623/tools/bin/../lib/gcc/arm-none-eabi/12.3.1/thumb/v7e-m+fp/hard\libgcc.a(_arm_muldivdf3.o)
                0x08000758                __aeabi_dmul
                0x08000758                __muldf3
                0x080009ac                __divdf3
                0x080009ac                __aeabi_ddiv
 .text          0x08000b7c      0x110 C:/ST/STM32CubeIDE_1.16.0/STM32CubeIDE/plugins/com.st.stm32cube.ide.mcu.externaltools.gnu-tools-for-stm32.12.3.rel1.win32_1.0.200.202406191623/tools/bin/../lib/gcc/arm-none-eabi/12.3.1/thumb/v7e-m+fp/hard\libgcc.a(_arm_cmpdf2.o)
                0x08000b7c                __gtdf2
                0x08000b7c                __gedf2
                0x08000b84                __ltdf2
                0x08000b84                __ledf2
                0x08000b8c                __nedf2
                0x08000b8c                __eqdf2
                0x08000b8c                __cmpdf2
                0x08000c08                __aeabi_cdrcmple
                0x08000c18                __aeabi_cdcmpeq
                0x08000c18                __aeabi_cdcmple
                0x08000c28                __aeabi_dcmpeq
                0x08000c3c                __aeabi_dcmplt
                0x08000c50                __aeabi_dcmple
                0x08000c64                __aeabi_dcmpge
                0x08000c78                __aeabi_dcmpgt
 .text          0x08000c8c       0x2c C:/ST/STM32CubeIDE_1.16.0/STM32CubeIDE/plugins/com.st.stm32cube.ide.mcu.externaltools.gnu-tools-for-stm32.12.3.rel1.win32_1.0.200.202406191623/tools/bin/../lib/gcc/arm-none-eabi/12.3.1/thumb/v7e-m+fp/hard\libgcc.a(_arm_unorddf2.o)
                0x08000c8c                __unorddf2
                0x08000c8c                __aeabi_dcmpun
 .text          0x08000cb8       0x50 C:/ST/STM32CubeIDE_1.16.0/STM32CubeIDE/plugins/com.st.stm32cube.ide.mcu.externaltools.gnu-tools-for-stm32.12.3.rel1.win32_1.0.200.202406191623/tools/bin/../lib/gcc/arm-none-eabi/12.3.1/thumb/v7e-m+fp/hard\libgcc.a(_arm_fixdfsi.o)
                0x08000cb8                __aeabi_d2iz
                0x08000cb8                __fixdfsi
 .text          0x08000d08       0xa0 C:/ST/STM32CubeIDE_1.16.0/STM32CubeIDE/plugins/com.st.stm32cube.ide.mcu.externaltools.gnu-tools-for-stm32.12.3.rel1.win32_1.0.200.202406191623/tools/bin/../lib/gcc/arm-none-eabi/12.3.1/thumb/v7e-m+fp/hard\libgcc.a(_arm_truncdfsf2.o)
                0x08000d08                __truncdfsf2
                0x08000d08                __aeabi_d2f
 .text          0x08000da8       0x30 C:/ST/STM32CubeIDE_1.16.0/STM32CubeIDE/plugins/com.st.stm32cube.ide.mcu.externaltools.gnu-tools-for-stm32.12.3.rel1.win32_1.0.200.202406191623/tools/bin/../lib/gcc/arm-none-eabi/12.3.1/thumb/v7e-m+fp/hard\libgcc.a(_aeabi_uldivmod.o)
                0x08000da8                __aeabi_uldivmod
 .text          0x08000dd8      0x2bc C:/ST/STM32CubeIDE_1.16.0/STM32CubeIDE/plugins/com.st.stm32cube.ide.mcu.externaltools.gnu-tools-for-stm32.12.3.rel1.win32_1.0.200.202406191623/tools/bin/../lib/gcc/arm-none-eabi/12.3.1/thumb/v7e-m+fp/hard\libgcc.a(_udivmoddi4.o)
                0x08000dd8                __udivmoddi4
 .text          0x08001094        0x4 C:/ST/STM32CubeIDE_1.16.0/STM32CubeIDE/plugins/com.st.stm32cube.ide.mcu.externaltools.gnu-tools-for-stm32.12.3.rel1.win32_1.0.200.202406191623/tools/bin/../lib/gcc/arm-none-eabi/12.3.1/thumb/v7e-m+fp/hard\libgcc.a(_dvmd_tls.o)
                0x08001094                __aeabi_idiv0
                0x08001094                __aeabi_ldiv0
 *(.text*)
 .text.OffsetAddtoTemp
                0x08001098       0x2e ./Core/Src/adc_handler.o
                0x08001098                OffsetAddtoTemp
 *fill*         0x080010c6        0x2 
 .text.SendTemperature
                0x080010c8       0x78 ./Core/Src/adc_handler.o
                0x080010c8                SendTemperature
 .text.tempfunction
                0x08001140       0xd4 ./Core/Src/adc_handler.o
                0x08001140                tempfunction
 .text.SystemClock_Config
                0x08001214       0xa2 ./Core/Src/bsp.o
                0x08001214                SystemClock_Config
 *fill*         0x080012b6        0x2 
 .text.MX_ADC3_Init
                0x080012b8       0xb4 ./Core/Src/bsp.o
                0x080012b8                MX_ADC3_Init
 .text.MX_USART2_UART_Init
                0x0800136c       0x54 ./Core/Src/bsp.o
                0x0800136c                MX_USART2_UART_Init
 .text.MX_GPIO_Init
                0x080013c0       0xdc ./Core/Src/bsp.o
                0x080013c0                MX_GPIO_Init
 .text.LEDBlink
                0x0800149c       0x56 ./Core/Src/led_handler.o
                0x0800149c                LEDBlink
 *fill*         0x080014f2        0x2 
 .text.main     0x080014f4      0x1d0 ./Core/Src/main.o
                0x080014f4                main
 .text.HAL_GPIO_EXTI_Callback
                0x080016c4       0x30 ./Core/Src/main.o
                0x080016c4                HAL_GPIO_EXTI_Callback
 .text.Error_Handler
                0x080016f4        0xc ./Core/Src/main.o
                0x080016f4                Error_Handler
 .text.validate_pdu_header
                0x08001700       0x22 ./Core/Src/pdu.o
                0x08001700                validate_pdu_header
 .text.validate_led_payload
                0x08001722       0x30 ./Core/Src/pdu.o
                0x08001722                validate_led_payload
 .text.validate_adc_payload
                0x08001752       0x22 ./Core/Src/pdu.o
                0x08001752                validate_adc_payload
 .text.process_received_pdu
                0x08001774       0x94 ./Core/Src/pdu.o
                0x08001774                process_received_pdu
 .text.SendPositiveResponse
                0x08001808       0x60 ./Core/Src/pdu.o
                0x08001808                SendPositiveResponse
 .text.SendNegativeResponse
                0x08001868       0x60 ./Core/Src/pdu.o
                0x08001868                SendNegativeResponse
 .text.RetargetInit
                0x080018c8       0x30 ./Core/Src/retarget.o
                0x080018c8                RetargetInit
 .text._isatty  0x080018f8       0x2c ./Core/Src/retarget.o
                0x080018f8                _isatty
 .text._write   0x08001924       0x58 ./Core/Src/retarget.o
                0x08001924                _write
 .text._close   0x0800197c       0x2e ./Core/Src/retarget.o
                0x0800197c                _close
 *fill*         0x080019aa        0x2 
 .text._read    0x080019ac       0x50 ./Core/Src/retarget.o
                0x080019ac                _read
 .text._fstat   0x080019fc       0x36 ./Core/Src/retarget.o
                0x080019fc                _fstat
 *fill*         0x08001a32        0x2 
 .text.HAL_MspInit
                0x08001a34       0x48 ./Core/Src/stm32l4xx_hal_msp.o
                0x08001a34                HAL_MspInit
 .text.HAL_ADC_MspInit
                0x08001a7c       0x98 ./Core/Src/stm32l4xx_hal_msp.o
                0x08001a7c                HAL_ADC_MspInit
 .text.HAL_UART_MspInit
                0x08001b14       0xc8 ./Core/Src/stm32l4xx_hal_msp.o
                0x08001b14                HAL_UART_MspInit
 .text.NMI_Handler
                0x08001bdc        0x8 ./Core/Src/stm32l4xx_it.o
                0x08001bdc                NMI_Handler
 .text.HardFault_Handler
                0x08001be4        0x8 ./Core/Src/stm32l4xx_it.o
                0x08001be4                HardFault_Handler
 .text.MemManage_Handler
                0x08001bec        0x8 ./Core/Src/stm32l4xx_it.o
                0x08001bec                MemManage_Handler
 .text.BusFault_Handler
                0x08001bf4        0x8 ./Core/Src/stm32l4xx_it.o
                0x08001bf4                BusFault_Handler
 .text.UsageFault_Handler
                0x08001bfc        0x8 ./Core/Src/stm32l4xx_it.o
                0x08001bfc                UsageFault_Handler
 .text.SVC_Handler
                0x08001c04        0xe ./Core/Src/stm32l4xx_it.o
                0x08001c04                SVC_Handler
 .text.DebugMon_Handler
                0x08001c12        0xe ./Core/Src/stm32l4xx_it.o
                0x08001c12                DebugMon_Handler
 .text.USART2_IRQHandler
                0x08001c20       0x14 ./Core/Src/stm32l4xx_it.o
                0x08001c20                USART2_IRQHandler
 .text.EXTI15_10_IRQHandler
                0x08001c34       0x10 ./Core/Src/stm32l4xx_it.o
                0x08001c34                EXTI15_10_IRQHandler
 .text.ADC3_IRQHandler
                0x08001c44       0x14 ./Core/Src/stm32l4xx_it.o
                0x08001c44                ADC3_IRQHandler
 .text._getpid  0x08001c58       0x10 ./Core/Src/syscalls.o
                0x08001c58                _getpid
 .text._kill    0x08001c68       0x20 ./Core/Src/syscalls.o
                0x08001c68                _kill
 .text._exit    0x08001c88       0x16 ./Core/Src/syscalls.o
                0x08001c88                _exit
 .text._lseek   0x08001c9e       0x1a ./Core/Src/syscalls.o
                0x08001c9e                _lseek
 .text._sbrk    0x08001cb8       0x6c ./Core/Src/sysmem.o
                0x08001cb8                _sbrk
 .text.SystemInit
                0x08001d24       0x24 ./Core/Src/system_stm32l4xx.o
                0x08001d24                SystemInit
 .text.TaskReceive
                0x08001d48       0xd4 ./Core/Src/tasks.o
                0x08001d48                TaskReceive
 .text.TaskTransmit
                0x08001e1c       0x3c ./Core/Src/tasks.o
                0x08001e1c                TaskTransmit
 .text.TaskPeriodic
                0x08001e58       0x64 ./Core/Src/tasks.o
                0x08001e58                TaskPeriodic
 .text.TaskButton
                0x08001ebc       0x7c ./Core/Src/tasks.o
                0x08001ebc                TaskButton
 .text.TaskLED  0x08001f38       0x58 ./Core/Src/tasks.o
                0x08001f38                TaskLED
 .text.TaskADC  0x08001f90       0x94 ./Core/Src/tasks.o
                0x08001f90                TaskADC
 .text.PrintTransmitted
                0x08002024       0x78 ./Core/Src/uart_handler.o
                0x08002024                PrintTransmitted
 .text.AsciiHexToByte
                0x0800209c       0xc6 ./Core/Src/uart_handler.o
                0x0800209c                AsciiHexToByte
 *fill*         0x08002162        0x2 
 .text.HAL_UART_RxCpltCallback
                0x08002164       0x44 ./Core/Src/uart_handler.o
                0x08002164                HAL_UART_RxCpltCallback
 .text.Reset_Handler
                0x080021a8       0x50 ./Core/Startup/startup_stm32l476rgtx.o
                0x080021a8                Reset_Handler
 .text.Default_Handler
                0x080021f8        0x2 ./Core/Startup/startup_stm32l476rgtx.o
                0x080021f8                RTC_Alarm_IRQHandler
                0x080021f8                EXTI2_IRQHandler
                0x080021f8                TIM8_TRG_COM_IRQHandler
                0x080021f8                TIM8_CC_IRQHandler
                0x080021f8                TIM1_CC_IRQHandler
                0x080021f8                TSC_IRQHandler
                0x080021f8                TAMP_STAMP_IRQHandler
                0x080021f8                EXTI3_IRQHandler
                0x080021f8                LPTIM2_IRQHandler
                0x080021f8                DFSDM1_FLT1_IRQHandler
                0x080021f8                I2C3_ER_IRQHandler
                0x080021f8                DFSDM1_FLT2_IRQHandler
                0x080021f8                EXTI0_IRQHandler
                0x080021f8                I2C2_EV_IRQHandler
                0x080021f8                CAN1_RX0_IRQHandler
                0x080021f8                FPU_IRQHandler
                0x080021f8                TIM1_UP_TIM16_IRQHandler
                0x080021f8                ADC1_2_IRQHandler
                0x080021f8                SPI1_IRQHandler
                0x080021f8                TIM6_DAC_IRQHandler
                0x080021f8                TIM8_UP_IRQHandler
                0x080021f8                DMA2_Channel2_IRQHandler
                0x080021f8                DMA1_Channel4_IRQHandler
                0x080021f8                SAI2_IRQHandler
                0x080021f8                DFSDM1_FLT3_IRQHandler
                0x080021f8                USART3_IRQHandler
                0x080021f8                DMA1_Channel7_IRQHandler
                0x080021f8                CAN1_RX1_IRQHandler
                0x080021f8                LCD_IRQHandler
                0x080021f8                UART5_IRQHandler
                0x080021f8                TIM4_IRQHandler
                0x080021f8                DMA2_Channel1_IRQHandler
                0x080021f8                QUADSPI_IRQHandler
                0x080021f8                I2C1_EV_IRQHandler
                0x080021f8                DMA1_Channel6_IRQHandler
                0x080021f8                UART4_IRQHandler
                0x080021f8                DMA2_Channel4_IRQHandler
                0x080021f8                TIM3_IRQHandler
                0x080021f8                RCC_IRQHandler
                0x080021f8                DMA1_Channel1_IRQHandler
                0x080021f8                Default_Handler
                0x080021f8                DMA2_Channel7_IRQHandler
                0x080021f8                TIM7_IRQHandler
                0x080021f8                SDMMC1_IRQHandler
                0x080021f8                TIM5_IRQHandler
                0x080021f8                I2C3_EV_IRQHandler
                0x080021f8                EXTI9_5_IRQHandler
                0x080021f8                RTC_WKUP_IRQHandler
                0x080021f8                PVD_PVM_IRQHandler
                0x080021f8                SPI2_IRQHandler
                0x080021f8                CAN1_TX_IRQHandler
                0x080021f8                DMA2_Channel5_IRQHandler
                0x080021f8                DMA1_Channel5_IRQHandler
                0x080021f8                EXTI4_IRQHandler
                0x080021f8                RNG_IRQHandler
                0x080021f8                TIM1_TRG_COM_TIM17_IRQHandler
                0x080021f8                DMA1_Channel3_IRQHandler
                0x080021f8                COMP_IRQHandler
                0x080021f8                WWDG_IRQHandler
                0x080021f8                LPUART1_IRQHandler
                0x080021f8                DMA2_Channel6_IRQHandler
                0x080021f8                TIM2_IRQHandler
                0x080021f8                EXTI1_IRQHandler
                0x080021f8                DFSDM1_FLT0_IRQHandler
                0x080021f8                I2C2_ER_IRQHandler
                0x080021f8                DMA1_Channel2_IRQHandler
                0x080021f8                TIM8_BRK_IRQHandler
                0x080021f8                CAN1_SCE_IRQHandler
                0x080021f8                FLASH_IRQHandler
                0x080021f8                USART1_IRQHandler
                0x080021f8                OTG_FS_IRQHandler
                0x080021f8                SPI3_IRQHandler
                0x080021f8                I2C1_ER_IRQHandler
                0x080021f8                FMC_IRQHandler
                0x080021f8                SWPMI1_IRQHandler
                0x080021f8                LPTIM1_IRQHandler
                0x080021f8                SAI1_IRQHandler
                0x080021f8                DMA2_Channel3_IRQHandler
                0x080021f8                TIM1_BRK_TIM15_IRQHandler
 *fill*         0x080021fa        0x2 
 .text.HAL_Init
                0x080021fc       0x40 ./Drivers/STM32L4xx_HAL_Driver/Src/stm32l4xx_hal.o
                0x080021fc                HAL_Init
 .text.HAL_InitTick
                0x0800223c       0x78 ./Drivers/STM32L4xx_HAL_Driver/Src/stm32l4xx_hal.o
                0x0800223c                HAL_InitTick
 .text.HAL_GetTick
                0x080022b4       0x18 ./Drivers/STM32L4xx_HAL_Driver/Src/stm32l4xx_hal.o
                0x080022b4                HAL_GetTick
 .text.LL_ADC_SetCommonClock
                0x080022cc       0x26 ./Drivers/STM32L4xx_HAL_Driver/Src/stm32l4xx_hal_adc.o
 .text.LL_ADC_SetCommonPathInternalCh
                0x080022f2       0x26 ./Drivers/STM32L4xx_HAL_Driver/Src/stm32l4xx_hal_adc.o
 .text.LL_ADC_GetCommonPathInternalCh
                0x08002318       0x1c ./Drivers/STM32L4xx_HAL_Driver/Src/stm32l4xx_hal_adc.o
 .text.LL_ADC_SetOffset
                0x08002334       0x48 ./Drivers/STM32L4xx_HAL_Driver/Src/stm32l4xx_hal_adc.o
 .text.LL_ADC_GetOffsetChannel
                0x0800237c       0x2c ./Drivers/STM32L4xx_HAL_Driver/Src/stm32l4xx_hal_adc.o
 .text.LL_ADC_SetOffsetState
                0x080023a8       0x36 ./Drivers/STM32L4xx_HAL_Driver/Src/stm32l4xx_hal_adc.o
 .text.LL_ADC_REG_IsTriggerSourceSWStart
                0x080023de       0x26 ./Drivers/STM32L4xx_HAL_Driver/Src/stm32l4xx_hal_adc.o
 .text.LL_ADC_REG_SetSequencerRanks
                0x08002404       0x58 ./Drivers/STM32L4xx_HAL_Driver/Src/stm32l4xx_hal_adc.o
 .text.LL_ADC_INJ_IsTriggerSourceSWStart
                0x0800245c       0x26 ./Drivers/STM32L4xx_HAL_Driver/Src/stm32l4xx_hal_adc.o
 .text.LL_ADC_SetChannelSamplingTime
                0x08002482       0x56 ./Drivers/STM32L4xx_HAL_Driver/Src/stm32l4xx_hal_adc.o
 .text.LL_ADC_SetChannelSingleDiff
                0x080024d8       0x48 ./Drivers/STM32L4xx_HAL_Driver/Src/stm32l4xx_hal_adc.o
 .text.LL_ADC_GetMultimode
                0x08002520       0x1c ./Drivers/STM32L4xx_HAL_Driver/Src/stm32l4xx_hal_adc.o
 .text.LL_ADC_GetMultiDMATransfer
                0x0800253c       0x1c ./Drivers/STM32L4xx_HAL_Driver/Src/stm32l4xx_hal_adc.o
 .text.LL_ADC_DisableDeepPowerDown
                0x08002558       0x24 ./Drivers/STM32L4xx_HAL_Driver/Src/stm32l4xx_hal_adc.o
 .text.LL_ADC_IsDeepPowerDownEnabled
                0x0800257c       0x28 ./Drivers/STM32L4xx_HAL_Driver/Src/stm32l4xx_hal_adc.o
 .text.LL_ADC_EnableInternalRegulator
                0x080025a4       0x28 ./Drivers/STM32L4xx_HAL_Driver/Src/stm32l4xx_hal_adc.o
 .text.LL_ADC_IsInternalRegulatorEnabled
                0x080025cc       0x28 ./Drivers/STM32L4xx_HAL_Driver/Src/stm32l4xx_hal_adc.o
 .text.LL_ADC_Enable
                0x080025f4       0x28 ./Drivers/STM32L4xx_HAL_Driver/Src/stm32l4xx_hal_adc.o
 .text.LL_ADC_Disable
                0x0800261c       0x28 ./Drivers/STM32L4xx_HAL_Driver/Src/stm32l4xx_hal_adc.o
 .text.LL_ADC_IsEnabled
                0x08002644       0x26 ./Drivers/STM32L4xx_HAL_Driver/Src/stm32l4xx_hal_adc.o
 .text.LL_ADC_IsDisableOngoing
                0x0800266a       0x26 ./Drivers/STM32L4xx_HAL_Driver/Src/stm32l4xx_hal_adc.o
 .text.LL_ADC_REG_StartConversion
                0x08002690       0x28 ./Drivers/STM32L4xx_HAL_Driver/Src/stm32l4xx_hal_adc.o
 .text.LL_ADC_REG_StopConversion
                0x080026b8       0x28 ./Drivers/STM32L4xx_HAL_Driver/Src/stm32l4xx_hal_adc.o
 .text.LL_ADC_REG_IsConversionOngoing
                0x080026e0       0x26 ./Drivers/STM32L4xx_HAL_Driver/Src/stm32l4xx_hal_adc.o
 .text.LL_ADC_INJ_StopConversion
                0x08002706       0x28 ./Drivers/STM32L4xx_HAL_Driver/Src/stm32l4xx_hal_adc.o
 .text.LL_ADC_INJ_IsConversionOngoing
                0x0800272e       0x26 ./Drivers/STM32L4xx_HAL_Driver/Src/stm32l4xx_hal_adc.o
 .text.HAL_ADC_Init
                0x08002754      0x2a0 ./Drivers/STM32L4xx_HAL_Driver/Src/stm32l4xx_hal_adc.o
                0x08002754                HAL_ADC_Init
 .text.HAL_ADC_Start
                0x080029f4      0x174 ./Drivers/STM32L4xx_HAL_Driver/Src/stm32l4xx_hal_adc.o
                0x080029f4                HAL_ADC_Start
 .text.HAL_ADC_Stop
                0x08002b68       0x66 ./Drivers/STM32L4xx_HAL_Driver/Src/stm32l4xx_hal_adc.o
                0x08002b68                HAL_ADC_Stop
 *fill*         0x08002bce        0x2 
 .text.HAL_ADC_PollForConversion
                0x08002bd0      0x1b0 ./Drivers/STM32L4xx_HAL_Driver/Src/stm32l4xx_hal_adc.o
                0x08002bd0                HAL_ADC_PollForConversion
 .text.HAL_ADC_GetValue
                0x08002d80       0x1a ./Drivers/STM32L4xx_HAL_Driver/Src/stm32l4xx_hal_adc.o
                0x08002d80                HAL_ADC_GetValue
 *fill*         0x08002d9a        0x2 
 .text.HAL_ADC_IRQHandler
                0x08002d9c      0x434 ./Drivers/STM32L4xx_HAL_Driver/Src/stm32l4xx_hal_adc.o
                0x08002d9c                HAL_ADC_IRQHandler
 .text.HAL_ADC_ConvCpltCallback
                0x080031d0       0x14 ./Drivers/STM32L4xx_HAL_Driver/Src/stm32l4xx_hal_adc.o
                0x080031d0                HAL_ADC_ConvCpltCallback
 .text.HAL_ADC_LevelOutOfWindowCallback
                0x080031e4       0x14 ./Drivers/STM32L4xx_HAL_Driver/Src/stm32l4xx_hal_adc.o
                0x080031e4                HAL_ADC_LevelOutOfWindowCallback
 .text.HAL_ADC_ErrorCallback
                0x080031f8       0x14 ./Drivers/STM32L4xx_HAL_Driver/Src/stm32l4xx_hal_adc.o
                0x080031f8                HAL_ADC_ErrorCallback
 .text.HAL_ADC_ConfigChannel
                0x0800320c      0x7e4 ./Drivers/STM32L4xx_HAL_Driver/Src/stm32l4xx_hal_adc.o
                0x0800320c                HAL_ADC_ConfigChannel
 .text.ADC_ConversionStop
                0x080039f0      0x178 ./Drivers/STM32L4xx_HAL_Driver/Src/stm32l4xx_hal_adc.o
                0x080039f0                ADC_ConversionStop
 .text.ADC_Enable
                0x08003b68      0x10c ./Drivers/STM32L4xx_HAL_Driver/Src/stm32l4xx_hal_adc.o
                0x08003b68                ADC_Enable
 .text.ADC_Disable
                0x08003c74       0xbe ./Drivers/STM32L4xx_HAL_Driver/Src/stm32l4xx_hal_adc.o
                0x08003c74                ADC_Disable
 .text.LL_ADC_StartCalibration
                0x08003d32       0x32 ./Drivers/STM32L4xx_HAL_Driver/Src/stm32l4xx_hal_adc_ex.o
 .text.LL_ADC_IsCalibrationOnGoing
                0x08003d64       0x28 ./Drivers/STM32L4xx_HAL_Driver/Src/stm32l4xx_hal_adc_ex.o
 .text.HAL_ADCEx_Calibration_Start
                0x08003d8c       0xc0 ./Drivers/STM32L4xx_HAL_Driver/Src/stm32l4xx_hal_adc_ex.o
                0x08003d8c                HAL_ADCEx_Calibration_Start
 .text.HAL_ADCEx_InjectedConvCpltCallback
                0x08003e4c       0x14 ./Drivers/STM32L4xx_HAL_Driver/Src/stm32l4xx_hal_adc_ex.o
                0x08003e4c                HAL_ADCEx_InjectedConvCpltCallback
 .text.HAL_ADCEx_InjectedQueueOverflowCallback
                0x08003e60       0x14 ./Drivers/STM32L4xx_HAL_Driver/Src/stm32l4xx_hal_adc_ex.o
                0x08003e60                HAL_ADCEx_InjectedQueueOverflowCallback
 .text.HAL_ADCEx_LevelOutOfWindow2Callback
                0x08003e74       0x14 ./Drivers/STM32L4xx_HAL_Driver/Src/stm32l4xx_hal_adc_ex.o
                0x08003e74                HAL_ADCEx_LevelOutOfWindow2Callback
 .text.HAL_ADCEx_LevelOutOfWindow3Callback
                0x08003e88       0x14 ./Drivers/STM32L4xx_HAL_Driver/Src/stm32l4xx_hal_adc_ex.o
                0x08003e88                HAL_ADCEx_LevelOutOfWindow3Callback
 .text.HAL_ADCEx_EndOfSamplingCallback
                0x08003e9c       0x14 ./Drivers/STM32L4xx_HAL_Driver/Src/stm32l4xx_hal_adc_ex.o
                0x08003e9c                HAL_ADCEx_EndOfSamplingCallback
 .text.__NVIC_SetPriorityGrouping
                0x08003eb0       0x48 ./Drivers/STM32L4xx_HAL_Driver/Src/stm32l4xx_hal_cortex.o
 .text.__NVIC_GetPriorityGrouping
                0x08003ef8       0x1c ./Drivers/STM32L4xx_HAL_Driver/Src/stm32l4xx_hal_cortex.o
 .text.__NVIC_EnableIRQ
                0x08003f14       0x3c ./Drivers/STM32L4xx_HAL_Driver/Src/stm32l4xx_hal_cortex.o
 .text.__NVIC_SetPriority
                0x08003f50       0x54 ./Drivers/STM32L4xx_HAL_Driver/Src/stm32l4xx_hal_cortex.o
 .text.NVIC_EncodePriority
                0x08003fa4       0x66 ./Drivers/STM32L4xx_HAL_Driver/Src/stm32l4xx_hal_cortex.o
 *fill*         0x0800400a        0x2 
 .text.SysTick_Config
                0x0800400c       0x44 ./Drivers/STM32L4xx_HAL_Driver/Src/stm32l4xx_hal_cortex.o
 .text.HAL_NVIC_SetPriorityGrouping
                0x08004050       0x16 ./Drivers/STM32L4xx_HAL_Driver/Src/stm32l4xx_hal_cortex.o
                0x08004050                HAL_NVIC_SetPriorityGrouping
 .text.HAL_NVIC_SetPriority
                0x08004066       0x38 ./Drivers/STM32L4xx_HAL_Driver/Src/stm32l4xx_hal_cortex.o
                0x08004066                HAL_NVIC_SetPriority
 .text.HAL_NVIC_EnableIRQ
                0x0800409e       0x1c ./Drivers/STM32L4xx_HAL_Driver/Src/stm32l4xx_hal_cortex.o
                0x0800409e                HAL_NVIC_EnableIRQ
 .text.HAL_SYSTICK_Config
                0x080040ba       0x18 ./Drivers/STM32L4xx_HAL_Driver/Src/stm32l4xx_hal_cortex.o
                0x080040ba                HAL_SYSTICK_Config
 .text.HAL_DMA_Abort
                0x080040d2       0x7c ./Drivers/STM32L4xx_HAL_Driver/Src/stm32l4xx_hal_dma.o
                0x080040d2                HAL_DMA_Abort
 .text.HAL_DMA_Abort_IT
                0x0800414e       0x82 ./Drivers/STM32L4xx_HAL_Driver/Src/stm32l4xx_hal_dma.o
                0x0800414e                HAL_DMA_Abort_IT
 .text.HAL_GPIO_Init
                0x080041d0      0x354 ./Drivers/STM32L4xx_HAL_Driver/Src/stm32l4xx_hal_gpio.o
                0x080041d0                HAL_GPIO_Init
 .text.HAL_GPIO_WritePin
                0x08004524       0x30 ./Drivers/STM32L4xx_HAL_Driver/Src/stm32l4xx_hal_gpio.o
                0x08004524                HAL_GPIO_WritePin
 .text.HAL_GPIO_TogglePin
                0x08004554       0x34 ./Drivers/STM32L4xx_HAL_Driver/Src/stm32l4xx_hal_gpio.o
                0x08004554                HAL_GPIO_TogglePin
 .text.HAL_GPIO_EXTI_IRQHandler
                0x08004588       0x30 ./Drivers/STM32L4xx_HAL_Driver/Src/stm32l4xx_hal_gpio.o
                0x08004588                HAL_GPIO_EXTI_IRQHandler
 .text.HAL_PWREx_GetVoltageRange
                0x080045b8       0x1c ./Drivers/STM32L4xx_HAL_Driver/Src/stm32l4xx_hal_pwr_ex.o
                0x080045b8                HAL_PWREx_GetVoltageRange
 .text.HAL_PWREx_ControlVoltageScaling
                0x080045d4       0xac ./Drivers/STM32L4xx_HAL_Driver/Src/stm32l4xx_hal_pwr_ex.o
                0x080045d4                HAL_PWREx_ControlVoltageScaling
 .text.HAL_RCC_OscConfig
                0x08004680      0x7b8 ./Drivers/STM32L4xx_HAL_Driver/Src/stm32l4xx_hal_rcc.o
                0x08004680                HAL_RCC_OscConfig
 .text.HAL_RCC_ClockConfig
                0x08004e38      0x200 ./Drivers/STM32L4xx_HAL_Driver/Src/stm32l4xx_hal_rcc.o
                0x08004e38                HAL_RCC_ClockConfig
 .text.HAL_RCC_GetSysClockFreq
                0x08005038      0x118 ./Drivers/STM32L4xx_HAL_Driver/Src/stm32l4xx_hal_rcc.o
                0x08005038                HAL_RCC_GetSysClockFreq
 .text.HAL_RCC_GetHCLKFreq
                0x08005150       0x18 ./Drivers/STM32L4xx_HAL_Driver/Src/stm32l4xx_hal_rcc.o
                0x08005150                HAL_RCC_GetHCLKFreq
 .text.HAL_RCC_GetPCLK1Freq
                0x08005168       0x2c ./Drivers/STM32L4xx_HAL_Driver/Src/stm32l4xx_hal_rcc.o
                0x08005168                HAL_RCC_GetPCLK1Freq
 .text.HAL_RCC_GetPCLK2Freq
                0x08005194       0x2c ./Drivers/STM32L4xx_HAL_Driver/Src/stm32l4xx_hal_rcc.o
                0x08005194                HAL_RCC_GetPCLK2Freq
 .text.RCC_SetFlashLatencyFromMSIRange
                0x080051c0       0xc0 ./Drivers/STM32L4xx_HAL_Driver/Src/stm32l4xx_hal_rcc.o
 .text.HAL_RCCEx_PeriphCLKConfig
                0x08005280      0x5d4 ./Drivers/STM32L4xx_HAL_Driver/Src/stm32l4xx_hal_rcc_ex.o
                0x08005280                HAL_RCCEx_PeriphCLKConfig
 .text.RCCEx_PLLSAI1_Config
                0x08005854      0x1e8 ./Drivers/STM32L4xx_HAL_Driver/Src/stm32l4xx_hal_rcc_ex.o
 .text.RCCEx_PLLSAI2_Config
                0x08005a3c      0x1bc ./Drivers/STM32L4xx_HAL_Driver/Src/stm32l4xx_hal_rcc_ex.o
 .text.HAL_UART_Init
                0x08005bf8       0x9c ./Drivers/STM32L4xx_HAL_Driver/Src/stm32l4xx_hal_uart.o
                0x08005bf8                HAL_UART_Init
 .text.HAL_UART_Transmit
                0x08005c94      0x112 ./Drivers/STM32L4xx_HAL_Driver/Src/stm32l4xx_hal_uart.o
                0x08005c94                HAL_UART_Transmit
 .text.HAL_UART_Receive
                0x08005da6      0x192 ./Drivers/STM32L4xx_HAL_Driver/Src/stm32l4xx_hal_uart.o
                0x08005da6                HAL_UART_Receive
 .text.HAL_UART_Receive_IT
                0x08005f38       0x98 ./Drivers/STM32L4xx_HAL_Driver/Src/stm32l4xx_hal_uart.o
                0x08005f38                HAL_UART_Receive_IT
 .text.HAL_UART_IRQHandler
                0x08005fd0      0x60c ./Drivers/STM32L4xx_HAL_Driver/Src/stm32l4xx_hal_uart.o
                0x08005fd0                HAL_UART_IRQHandler
 .text.HAL_UART_TxCpltCallback
                0x080065dc       0x14 ./Drivers/STM32L4xx_HAL_Driver/Src/stm32l4xx_hal_uart.o
                0x080065dc                HAL_UART_TxCpltCallback
 .text.HAL_UART_ErrorCallback
                0x080065f0       0x14 ./Drivers/STM32L4xx_HAL_Driver/Src/stm32l4xx_hal_uart.o
                0x080065f0                HAL_UART_ErrorCallback
 .text.HAL_UARTEx_RxEventCallback
                0x08006604       0x18 ./Drivers/STM32L4xx_HAL_Driver/Src/stm32l4xx_hal_uart.o
                0x08006604                HAL_UARTEx_RxEventCallback
 .text.UART_SetConfig
                0x0800661c      0x570 ./Drivers/STM32L4xx_HAL_Driver/Src/stm32l4xx_hal_uart.o
                0x0800661c                UART_SetConfig
 .text.UART_AdvFeatureConfig
                0x08006b8c      0x144 ./Drivers/STM32L4xx_HAL_Driver/Src/stm32l4xx_hal_uart.o
                0x08006b8c                UART_AdvFeatureConfig
 .text.UART_CheckIdleState
                0x08006cd0      0x150 ./Drivers/STM32L4xx_HAL_Driver/Src/stm32l4xx_hal_uart.o
                0x08006cd0                UART_CheckIdleState
 .text.UART_WaitOnFlagUntilTimeout
                0x08006e20       0xda ./Drivers/STM32L4xx_HAL_Driver/Src/stm32l4xx_hal_uart.o
                0x08006e20                UART_WaitOnFlagUntilTimeout
 *fill*         0x08006efa        0x2 
 .text.UART_Start_Receive_IT
                0x08006efc      0x18c ./Drivers/STM32L4xx_HAL_Driver/Src/stm32l4xx_hal_uart.o
                0x08006efc                UART_Start_Receive_IT
 .text.UART_EndRxTransfer
                0x08007088       0xc8 ./Drivers/STM32L4xx_HAL_Driver/Src/stm32l4xx_hal_uart.o
 .text.UART_DMAAbortOnError
                0x08007150       0x24 ./Drivers/STM32L4xx_HAL_Driver/Src/stm32l4xx_hal_uart.o
 .text.UART_EndTransmit_IT
                0x08007174       0x54 ./Drivers/STM32L4xx_HAL_Driver/Src/stm32l4xx_hal_uart.o
 .text.UART_RxISR_8BIT
                0x080071c8      0x1bc ./Drivers/STM32L4xx_HAL_Driver/Src/stm32l4xx_hal_uart.o
 .text.UART_RxISR_16BIT
                0x08007384      0x1bc ./Drivers/STM32L4xx_HAL_Driver/Src/stm32l4xx_hal_uart.o
 .text.HAL_UARTEx_WakeupCallback
                0x08007540       0x14 ./Drivers/STM32L4xx_HAL_Driver/Src/stm32l4xx_hal_uart_ex.o
                0x08007540                HAL_UARTEx_WakeupCallback
 .text.App_TaskCreateHook
                0x08007554       0x14 ./Middlewares/uCOSII/Cfg/Template/app_hooks.o
                0x08007554                App_TaskCreateHook
 .text.App_TaskDelHook
                0x08007568       0x14 ./Middlewares/uCOSII/Cfg/Template/app_hooks.o
                0x08007568                App_TaskDelHook
 .text.App_TaskIdleHook
                0x0800757c        0xe ./Middlewares/uCOSII/Cfg/Template/app_hooks.o
                0x0800757c                App_TaskIdleHook
 .text.App_TaskStatHook
                0x0800758a        0xe ./Middlewares/uCOSII/Cfg/Template/app_hooks.o
                0x0800758a                App_TaskStatHook
 .text.App_TaskReturnHook
                0x08007598       0x14 ./Middlewares/uCOSII/Cfg/Template/app_hooks.o
                0x08007598                App_TaskReturnHook
 .text.App_TaskSwHook
                0x080075ac        0xe ./Middlewares/uCOSII/Cfg/Template/app_hooks.o
                0x080075ac                App_TaskSwHook
 .text.App_TCBInitHook
                0x080075ba       0x14 ./Middlewares/uCOSII/Cfg/Template/app_hooks.o
                0x080075ba                App_TCBInitHook
 .text.App_TimeTickHook
                0x080075ce        0xe ./Middlewares/uCOSII/Cfg/Template/app_hooks.o
                0x080075ce                App_TimeTickHook
 .text.OSInitHookBegin
                0x080075dc       0x84 ./Middlewares/uCOSII/Ports/ARM-Cortex-M/ARMv7-M/GNU/os_cpu_c.o
                0x080075dc                OSInitHookBegin
 .text.OSInitHookEnd
                0x08007660        0xe ./Middlewares/uCOSII/Ports/ARM-Cortex-M/ARMv7-M/GNU/os_cpu_c.o
                0x08007660                OSInitHookEnd
 .text.OSTaskCreateHook
                0x0800766e       0x16 ./Middlewares/uCOSII/Ports/ARM-Cortex-M/ARMv7-M/GNU/os_cpu_c.o
                0x0800766e                OSTaskCreateHook
 .text.OSTaskDelHook
                0x08007684       0x16 ./Middlewares/uCOSII/Ports/ARM-Cortex-M/ARMv7-M/GNU/os_cpu_c.o
                0x08007684                OSTaskDelHook
 .text.OSTaskIdleHook
                0x0800769a        0xc ./Middlewares/uCOSII/Ports/ARM-Cortex-M/ARMv7-M/GNU/os_cpu_c.o
                0x0800769a                OSTaskIdleHook
 .text.OSTaskReturnHook
                0x080076a6       0x16 ./Middlewares/uCOSII/Ports/ARM-Cortex-M/ARMv7-M/GNU/os_cpu_c.o
                0x080076a6                OSTaskReturnHook
 .text.OSTaskStatHook
                0x080076bc        0xc ./Middlewares/uCOSII/Ports/ARM-Cortex-M/ARMv7-M/GNU/os_cpu_c.o
                0x080076bc                OSTaskStatHook
 .text.OSTaskStkInit
                0x080076c8      0x320 ./Middlewares/uCOSII/Ports/ARM-Cortex-M/ARMv7-M/GNU/os_cpu_c.o
                0x080076c8                OSTaskStkInit
 .text.OSTaskSwHook
                0x080079e8       0x2c ./Middlewares/uCOSII/Ports/ARM-Cortex-M/ARMv7-M/GNU/os_cpu_c.o
                0x080079e8                OSTaskSwHook
 .text.OSTCBInitHook
                0x08007a14       0x16 ./Middlewares/uCOSII/Ports/ARM-Cortex-M/ARMv7-M/GNU/os_cpu_c.o
                0x08007a14                OSTCBInitHook
 *fill*         0x08007a2a        0x2 
 .text.OSTimeTickHook
                0x08007a2c       0x30 ./Middlewares/uCOSII/Ports/ARM-Cortex-M/ARMv7-M/GNU/os_cpu_c.o
                0x08007a2c                OSTimeTickHook
 .text.OS_CPU_SysTickHandler
                0x08007a5c       0x28 ./Middlewares/uCOSII/Ports/ARM-Cortex-M/ARMv7-M/GNU/os_cpu_c.o
                0x08007a5c                OS_CPU_SysTickHandler
 .text.OSDebugInit
                0x08007a84      0x1dc ./Middlewares/uCOSII/Ports/ARM-Cortex-M/ARMv7-M/GNU/os_dbg.o
                0x08007a84                OSDebugInit
 .text.OSEventNameSet
                0x08007c60       0x74 ./Middlewares/uCOSII/Source/os_core.o
                0x08007c60                OSEventNameSet
 .text.OSInit   0x08007cd4       0x3c ./Middlewares/uCOSII/Source/os_core.o
                0x08007cd4                OSInit
 .text.OSIntEnter
                0x08007d10       0x34 ./Middlewares/uCOSII/Source/os_core.o
                0x08007d10                OSIntEnter
 .text.OSIntExit
                0x08007d44       0xa4 ./Middlewares/uCOSII/Source/os_core.o
                0x08007d44                OSIntExit
 .text.OSSchedLock
                0x08007de8       0x50 ./Middlewares/uCOSII/Source/os_core.o
                0x08007de8                OSSchedLock
 .text.OSSchedUnlock
                0x08007e38       0x74 ./Middlewares/uCOSII/Source/os_core.o
                0x08007e38                OSSchedUnlock
 .text.OSStart  0x08007eac       0x50 ./Middlewares/uCOSII/Source/os_core.o
                0x08007eac                OSStart
 .text.OSTimeTick
                0x08007efc      0x144 ./Middlewares/uCOSII/Source/os_core.o
                0x08007efc                OSTimeTick
 .text.OS_Dummy
                0x08008040        0xe ./Middlewares/uCOSII/Source/os_core.o
                0x08008040                OS_Dummy
 *fill*         0x0800804e        0x2 
 .text.OS_EventTaskRdy
                0x08008050       0xec ./Middlewares/uCOSII/Source/os_core.o
                0x08008050                OS_EventTaskRdy
 .text.OS_EventTaskWait
                0x0800813c       0xb0 ./Middlewares/uCOSII/Source/os_core.o
                0x0800813c                OS_EventTaskWait
 .text.OS_EventTaskRemove
                0x080081ec       0x66 ./Middlewares/uCOSII/Source/os_core.o
                0x080081ec                OS_EventTaskRemove
 .text.OS_EventTaskRemoveMulti
                0x08008252       0x88 ./Middlewares/uCOSII/Source/os_core.o
                0x08008252                OS_EventTaskRemoveMulti
 .text.OS_EventWaitListInit
                0x080082da       0x38 ./Middlewares/uCOSII/Source/os_core.o
                0x080082da                OS_EventWaitListInit
 *fill*         0x08008312        0x2 
 .text.OS_InitEventList
                0x08008314       0x94 ./Middlewares/uCOSII/Source/os_core.o
 .text.OS_InitMisc
                0x080083a8       0x7c ./Middlewares/uCOSII/Source/os_core.o
 .text.OS_InitRdyList
                0x08008424       0x64 ./Middlewares/uCOSII/Source/os_core.o
 .text.OS_InitTaskIdle
                0x08008488       0x4c ./Middlewares/uCOSII/Source/os_core.o
 .text.OS_InitTaskStat
                0x080084d4       0x4c ./Middlewares/uCOSII/Source/os_core.o
 .text.OS_InitTCBList
                0x08008520       0x9c ./Middlewares/uCOSII/Source/os_core.o
 .text.OS_MemClr
                0x080085bc       0x32 ./Middlewares/uCOSII/Source/os_core.o
                0x080085bc                OS_MemClr
 *fill*         0x080085ee        0x2 
 .text.OS_Sched
                0x080085f0       0x84 ./Middlewares/uCOSII/Source/os_core.o
                0x080085f0                OS_Sched
 .text.OS_SchedNew
                0x08008674       0x48 ./Middlewares/uCOSII/Source/os_core.o
 .text.OS_TaskIdle
                0x080086bc       0x30 ./Middlewares/uCOSII/Source/os_core.o
                0x080086bc                OS_TaskIdle
 .text.OS_TaskStat
                0x080086ec       0xf0 ./Middlewares/uCOSII/Source/os_core.o
                0x080086ec                OS_TaskStat
 .text.OS_TaskStatStkChk
                0x080087dc       0x68 ./Middlewares/uCOSII/Source/os_core.o
                0x080087dc                OS_TaskStatStkChk
 .text.OS_TCBInit
                0x08008844      0x1ec ./Middlewares/uCOSII/Source/os_core.o
                0x08008844                OS_TCBInit
 .text.OSFlagCreate
                0x08008a30       0x88 ./Middlewares/uCOSII/Source/os_flag.o
                0x08008a30                OSFlagCreate
 .text.OSFlagPend
                0x08008ab8      0x320 ./Middlewares/uCOSII/Source/os_flag.o
                0x08008ab8                OSFlagPend
 .text.OSFlagPost
                0x08008dd8      0x1e0 ./Middlewares/uCOSII/Source/os_flag.o
                0x08008dd8                OSFlagPost
 .text.OS_FlagBlock
                0x08008fb8       0xe8 ./Middlewares/uCOSII/Source/os_flag.o
 .text.OS_FlagInit
                0x080090a0       0x84 ./Middlewares/uCOSII/Source/os_flag.o
                0x080090a0                OS_FlagInit
 .text.OS_FlagTaskRdy
                0x08009124       0x9c ./Middlewares/uCOSII/Source/os_flag.o
 .text.OS_FlagUnlink
                0x080091c0       0x5e ./Middlewares/uCOSII/Source/os_flag.o
                0x080091c0                OS_FlagUnlink
 *fill*         0x0800921e        0x2 
 .text.OSMemCreate
                0x08009220       0xf8 ./Middlewares/uCOSII/Source/os_mem.o
                0x08009220                OSMemCreate
 .text.OSMemGet
                0x08009318       0x6c ./Middlewares/uCOSII/Source/os_mem.o
                0x08009318                OSMemGet
 .text.OSMemPut
                0x08009384       0x68 ./Middlewares/uCOSII/Source/os_mem.o
                0x08009384                OSMemPut
 .text.OS_MemInit
                0x080093ec       0x80 ./Middlewares/uCOSII/Source/os_mem.o
                0x080093ec                OS_MemInit
 .text.OSQCreate
                0x0800946c       0xe8 ./Middlewares/uCOSII/Source/os_q.o
                0x0800946c                OSQCreate
 .text.OSQPend  0x08009554      0x180 ./Middlewares/uCOSII/Source/os_q.o
                0x08009554                OSQPend
 .text.OSQPost  0x080096d4       0xa8 ./Middlewares/uCOSII/Source/os_q.o
                0x080096d4                OSQPost
 .text.OS_QInit
                0x0800977c       0x78 ./Middlewares/uCOSII/Source/os_q.o
                0x0800977c                OS_QInit
 .text.OSSemCreate
                0x080097f4       0x7c ./Middlewares/uCOSII/Source/os_sem.o
                0x080097f4                OSSemCreate
 .text.OSSemPend
                0x08009870      0x134 ./Middlewares/uCOSII/Source/os_sem.o
                0x08009870                OSSemPend
 .text.OSSemPost
                0x080099a4       0x7e ./Middlewares/uCOSII/Source/os_sem.o
                0x080099a4                OSSemPost
 *fill*         0x08009a22        0x2 
 .text.OSTaskCreateExt
                0x08009a24       0xd8 ./Middlewares/uCOSII/Source/os_task.o
                0x08009a24                OSTaskCreateExt
 .text.OSTaskDel
                0x08009afc      0x1f0 ./Middlewares/uCOSII/Source/os_task.o
                0x08009afc                OSTaskDel
 .text.OSTaskNameSet
                0x08009cec       0xb4 ./Middlewares/uCOSII/Source/os_task.o
                0x08009cec                OSTaskNameSet
 .text.OSTaskStkChk
                0x08009da0       0xdc ./Middlewares/uCOSII/Source/os_task.o
                0x08009da0                OSTaskStkChk
 .text.OSTaskSuspend
                0x08009e7c      0x108 ./Middlewares/uCOSII/Source/os_task.o
                0x08009e7c                OSTaskSuspend
 .text.OS_TaskReturn
                0x08009f84       0x1c ./Middlewares/uCOSII/Source/os_task.o
                0x08009f84                OS_TaskReturn
 .text.OS_TaskStkClr
                0x08009fa0       0x46 ./Middlewares/uCOSII/Source/os_task.o
                0x08009fa0                OS_TaskStkClr
 *fill*         0x08009fe6        0x2 
 .text.OSTimeDly
                0x08009fe8       0xa8 ./Middlewares/uCOSII/Source/os_time.o
                0x08009fe8                OSTimeDly
 .text.OSTimeDlyHMSM
                0x0800a090       0xc8 ./Middlewares/uCOSII/Source/os_time.o
                0x0800a090                OSTimeDlyHMSM
 .text.OSTimeGet
                0x0800a158       0x2c ./Middlewares/uCOSII/Source/os_time.o
                0x0800a158                OSTimeGet
 .text.OSTmrSignal
                0x0800a184       0x24 ./Middlewares/uCOSII/Source/os_tmr.o
                0x0800a184                OSTmrSignal
 .text.OSTmr_Init
                0x0800a1a8      0x118 ./Middlewares/uCOSII/Source/os_tmr.o
                0x0800a1a8                OSTmr_Init
 .text.OSTmr_InitTask
                0x0800a2c0       0x4c ./Middlewares/uCOSII/Source/os_tmr.o
 .text.OSTmr_Link
                0x0800a30c       0xd8 ./Middlewares/uCOSII/Source/os_tmr.o
 .text.OSTmr_Unlink
                0x0800a3e4       0xa8 ./Middlewares/uCOSII/Source/os_tmr.o
 .text.OSTmr_Task
                0x0800a48c       0xc4 ./Middlewares/uCOSII/Source/os_tmr.o
 .text.atoi     0x0800a550        0x8 C:/ST/STM32CubeIDE_1.16.0/STM32CubeIDE/plugins/com.st.stm32cube.ide.mcu.externaltools.gnu-tools-for-stm32.12.3.rel1.win32_1.0.200.202406191623/tools/bin/../lib/gcc/arm-none-eabi/12.3.1/../../../../arm-none-eabi/lib/thumb/v7e-m+fp/hard\libc_nano.a(libc_a-atoi.o)
                0x0800a550                atoi
 .text._strtol_l.constprop.0
                0x0800a558       0xf4 C:/ST/STM32CubeIDE_1.16.0/STM32CubeIDE/plugins/com.st.stm32cube.ide.mcu.externaltools.gnu-tools-for-stm32.12.3.rel1.win32_1.0.200.202406191623/tools/bin/../lib/gcc/arm-none-eabi/12.3.1/../../../../arm-none-eabi/lib/thumb/v7e-m+fp/hard\libc_nano.a(libc_a-strtol.o)
 .text.strtol   0x0800a64c       0x14 C:/ST/STM32CubeIDE_1.16.0/STM32CubeIDE/plugins/com.st.stm32cube.ide.mcu.externaltools.gnu-tools-for-stm32.12.3.rel1.win32_1.0.200.202406191623/tools/bin/../lib/gcc/arm-none-eabi/12.3.1/../../../../arm-none-eabi/lib/thumb/v7e-m+fp/hard\libc_nano.a(libc_a-strtol.o)
                0x0800a64c                strtol
 .text.__cvt    0x0800a660       0xca C:/ST/STM32CubeIDE_1.16.0/STM32CubeIDE/plugins/com.st.stm32cube.ide.mcu.externaltools.gnu-tools-for-stm32.12.3.rel1.win32_1.0.200.202406191623/tools/bin/../lib/gcc/arm-none-eabi/12.3.1/../../../../arm-none-eabi/lib/thumb/v7e-m+fp/hard\libc_nano.a(libc_a-nano-vfprintf_float.o)
                0x0800a660                __cvt
 .text.__exponent
                0x0800a72a       0x74 C:/ST/STM32CubeIDE_1.16.0/STM32CubeIDE/plugins/com.st.stm32cube.ide.mcu.externaltools.gnu-tools-for-stm32.12.3.rel1.win32_1.0.200.202406191623/tools/bin/../lib/gcc/arm-none-eabi/12.3.1/../../../../arm-none-eabi/lib/thumb/v7e-m+fp/hard\libc_nano.a(libc_a-nano-vfprintf_float.o)
                0x0800a72a                __exponent
 *fill*         0x0800a79e        0x2 
 .text._printf_float
                0x0800a7a0      0x454 C:/ST/STM32CubeIDE_1.16.0/STM32CubeIDE/plugins/com.st.stm32cube.ide.mcu.externaltools.gnu-tools-for-stm32.12.3.rel1.win32_1.0.200.202406191623/tools/bin/../lib/gcc/arm-none-eabi/12.3.1/../../../../arm-none-eabi/lib/thumb/v7e-m+fp/hard\libc_nano.a(libc_a-nano-vfprintf_float.o)
                0x0800a7a0                _printf_float
 .text._printf_common
                0x0800abf4       0xda C:/ST/STM32CubeIDE_1.16.0/STM32CubeIDE/plugins/com.st.stm32cube.ide.mcu.externaltools.gnu-tools-for-stm32.12.3.rel1.win32_1.0.200.202406191623/tools/bin/../lib/gcc/arm-none-eabi/12.3.1/../../../../arm-none-eabi/lib/thumb/v7e-m+fp/hard\libc_nano.a(libc_a-nano-vfprintf_i.o)
                0x0800abf4                _printf_common
 *fill*         0x0800acce        0x2 
 .text._printf_i
                0x0800acd0      0x240 C:/ST/STM32CubeIDE_1.16.0/STM32CubeIDE/plugins/com.st.stm32cube.ide.mcu.externaltools.gnu-tools-for-stm32.12.3.rel1.win32_1.0.200.202406191623/tools/bin/../lib/gcc/arm-none-eabi/12.3.1/../../../../arm-none-eabi/lib/thumb/v7e-m+fp/hard\libc_nano.a(libc_a-nano-vfprintf_i.o)
                0x0800acd0                _printf_i
 .text.std      0x0800af10       0x6c C:/ST/STM32CubeIDE_1.16.0/STM32CubeIDE/plugins/com.st.stm32cube.ide.mcu.externaltools.gnu-tools-for-stm32.12.3.rel1.win32_1.0.200.202406191623/tools/bin/../lib/gcc/arm-none-eabi/12.3.1/../../../../arm-none-eabi/lib/thumb/v7e-m+fp/hard\libc_nano.a(libc_a-findfp.o)
 .text.stdio_exit_handler
                0x0800af7c       0x18 C:/ST/STM32CubeIDE_1.16.0/STM32CubeIDE/plugins/com.st.stm32cube.ide.mcu.externaltools.gnu-tools-for-stm32.12.3.rel1.win32_1.0.200.202406191623/tools/bin/../lib/gcc/arm-none-eabi/12.3.1/../../../../arm-none-eabi/lib/thumb/v7e-m+fp/hard\libc_nano.a(libc_a-findfp.o)
 .text.cleanup_stdio
                0x0800af94       0x40 C:/ST/STM32CubeIDE_1.16.0/STM32CubeIDE/plugins/com.st.stm32cube.ide.mcu.externaltools.gnu-tools-for-stm32.12.3.rel1.win32_1.0.200.202406191623/tools/bin/../lib/gcc/arm-none-eabi/12.3.1/../../../../arm-none-eabi/lib/thumb/v7e-m+fp/hard\libc_nano.a(libc_a-findfp.o)
 .text.global_stdio_init.part.0
                0x0800afd4       0x3c C:/ST/STM32CubeIDE_1.16.0/STM32CubeIDE/plugins/com.st.stm32cube.ide.mcu.externaltools.gnu-tools-for-stm32.12.3.rel1.win32_1.0.200.202406191623/tools/bin/../lib/gcc/arm-none-eabi/12.3.1/../../../../arm-none-eabi/lib/thumb/v7e-m+fp/hard\libc_nano.a(libc_a-findfp.o)
 .text.__sfp_lock_acquire
                0x0800b010        0xc C:/ST/STM32CubeIDE_1.16.0/STM32CubeIDE/plugins/com.st.stm32cube.ide.mcu.externaltools.gnu-tools-for-stm32.12.3.rel1.win32_1.0.200.202406191623/tools/bin/../lib/gcc/arm-none-eabi/12.3.1/../../../../arm-none-eabi/lib/thumb/v7e-m+fp/hard\libc_nano.a(libc_a-findfp.o)
                0x0800b010                __sfp_lock_acquire
 .text.__sfp_lock_release
                0x0800b01c        0xc C:/ST/STM32CubeIDE_1.16.0/STM32CubeIDE/plugins/com.st.stm32cube.ide.mcu.externaltools.gnu-tools-for-stm32.12.3.rel1.win32_1.0.200.202406191623/tools/bin/../lib/gcc/arm-none-eabi/12.3.1/../../../../arm-none-eabi/lib/thumb/v7e-m+fp/hard\libc_nano.a(libc_a-findfp.o)
                0x0800b01c                __sfp_lock_release
 .text.__sinit  0x0800b028       0x30 C:/ST/STM32CubeIDE_1.16.0/STM32CubeIDE/plugins/com.st.stm32cube.ide.mcu.externaltools.gnu-tools-for-stm32.12.3.rel1.win32_1.0.200.202406191623/tools/bin/../lib/gcc/arm-none-eabi/12.3.1/../../../../arm-none-eabi/lib/thumb/v7e-m+fp/hard\libc_nano.a(libc_a-findfp.o)
                0x0800b028                __sinit
 .text._fwalk_sglue
                0x0800b058       0x3c C:/ST/STM32CubeIDE_1.16.0/STM32CubeIDE/plugins/com.st.stm32cube.ide.mcu.externaltools.gnu-tools-for-stm32.12.3.rel1.win32_1.0.200.202406191623/tools/bin/../lib/gcc/arm-none-eabi/12.3.1/../../../../arm-none-eabi/lib/thumb/v7e-m+fp/hard\libc_nano.a(libc_a-fwalk.o)
                0x0800b058                _fwalk_sglue
 .text.printf   0x0800b094       0x24 C:/ST/STM32CubeIDE_1.16.0/STM32CubeIDE/plugins/com.st.stm32cube.ide.mcu.externaltools.gnu-tools-for-stm32.12.3.rel1.win32_1.0.200.202406191623/tools/bin/../lib/gcc/arm-none-eabi/12.3.1/../../../../arm-none-eabi/lib/thumb/v7e-m+fp/hard\libc_nano.a(libc_a-printf.o)
                0x0800b094                iprintf
                0x0800b094                printf
 .text._puts_r  0x0800b0b8       0xaa C:/ST/STM32CubeIDE_1.16.0/STM32CubeIDE/plugins/com.st.stm32cube.ide.mcu.externaltools.gnu-tools-for-stm32.12.3.rel1.win32_1.0.200.202406191623/tools/bin/../lib/gcc/arm-none-eabi/12.3.1/../../../../arm-none-eabi/lib/thumb/v7e-m+fp/hard\libc_nano.a(libc_a-puts.o)
                0x0800b0b8                _puts_r
 *fill*         0x0800b162        0x2 
 .text.puts     0x0800b164       0x10 C:/ST/STM32CubeIDE_1.16.0/STM32CubeIDE/plugins/com.st.stm32cube.ide.mcu.externaltools.gnu-tools-for-stm32.12.3.rel1.win32_1.0.200.202406191623/tools/bin/../lib/gcc/arm-none-eabi/12.3.1/../../../../arm-none-eabi/lib/thumb/v7e-m+fp/hard\libc_nano.a(libc_a-puts.o)
                0x0800b164                puts
 .text.setvbuf  0x0800b174      0x168 C:/ST/STM32CubeIDE_1.16.0/STM32CubeIDE/plugins/com.st.stm32cube.ide.mcu.externaltools.gnu-tools-for-stm32.12.3.rel1.win32_1.0.200.202406191623/tools/bin/../lib/gcc/arm-none-eabi/12.3.1/../../../../arm-none-eabi/lib/thumb/v7e-m+fp/hard\libc_nano.a(libc_a-setvbuf.o)
                0x0800b174                setvbuf
 .text.__sread  0x0800b2dc       0x22 C:/ST/STM32CubeIDE_1.16.0/STM32CubeIDE/plugins/com.st.stm32cube.ide.mcu.externaltools.gnu-tools-for-stm32.12.3.rel1.win32_1.0.200.202406191623/tools/bin/../lib/gcc/arm-none-eabi/12.3.1/../../../../arm-none-eabi/lib/thumb/v7e-m+fp/hard\libc_nano.a(libc_a-stdio.o)
                0x0800b2dc                __sread
 .text.__swrite
                0x0800b2fe       0x38 C:/ST/STM32CubeIDE_1.16.0/STM32CubeIDE/plugins/com.st.stm32cube.ide.mcu.externaltools.gnu-tools-for-stm32.12.3.rel1.win32_1.0.200.202406191623/tools/bin/../lib/gcc/arm-none-eabi/12.3.1/../../../../arm-none-eabi/lib/thumb/v7e-m+fp/hard\libc_nano.a(libc_a-stdio.o)
                0x0800b2fe                __swrite
 .text.__sseek  0x0800b336       0x24 C:/ST/STM32CubeIDE_1.16.0/STM32CubeIDE/plugins/com.st.stm32cube.ide.mcu.externaltools.gnu-tools-for-stm32.12.3.rel1.win32_1.0.200.202406191623/tools/bin/../lib/gcc/arm-none-eabi/12.3.1/../../../../arm-none-eabi/lib/thumb/v7e-m+fp/hard\libc_nano.a(libc_a-stdio.o)
                0x0800b336                __sseek
 .text.__sclose
                0x0800b35a        0x8 C:/ST/STM32CubeIDE_1.16.0/STM32CubeIDE/plugins/com.st.stm32cube.ide.mcu.externaltools.gnu-tools-for-stm32.12.3.rel1.win32_1.0.200.202406191623/tools/bin/../lib/gcc/arm-none-eabi/12.3.1/../../../../arm-none-eabi/lib/thumb/v7e-m+fp/hard\libc_nano.a(libc_a-stdio.o)
                0x0800b35a                __sclose
 .text.__swbuf_r
                0x0800b362       0x7c C:/ST/STM32CubeIDE_1.16.0/STM32CubeIDE/plugins/com.st.stm32cube.ide.mcu.externaltools.gnu-tools-for-stm32.12.3.rel1.win32_1.0.200.202406191623/tools/bin/../lib/gcc/arm-none-eabi/12.3.1/../../../../arm-none-eabi/lib/thumb/v7e-m+fp/hard\libc_nano.a(libc_a-wbuf.o)
                0x0800b362                __swbuf_r
 *fill*         0x0800b3de        0x2 
 .text.__swsetup_r
                0x0800b3e0       0xac C:/ST/STM32CubeIDE_1.16.0/STM32CubeIDE/plugins/com.st.stm32cube.ide.mcu.externaltools.gnu-tools-for-stm32.12.3.rel1.win32_1.0.200.202406191623/tools/bin/../lib/gcc/arm-none-eabi/12.3.1/../../../../arm-none-eabi/lib/thumb/v7e-m+fp/hard\libc_nano.a(libc_a-wsetup.o)
                0x0800b3e0                __swsetup_r
 .text.memset   0x0800b48c       0x10 C:/ST/STM32CubeIDE_1.16.0/STM32CubeIDE/plugins/com.st.stm32cube.ide.mcu.externaltools.gnu-tools-for-stm32.12.3.rel1.win32_1.0.200.202406191623/tools/bin/../lib/gcc/arm-none-eabi/12.3.1/../../../../arm-none-eabi/lib/thumb/v7e-m+fp/hard\libc_nano.a(libc_a-memset.o)
                0x0800b48c                memset
 .text._localeconv_r
                0x0800b49c        0x8 C:/ST/STM32CubeIDE_1.16.0/STM32CubeIDE/plugins/com.st.stm32cube.ide.mcu.externaltools.gnu-tools-for-stm32.12.3.rel1.win32_1.0.200.202406191623/tools/bin/../lib/gcc/arm-none-eabi/12.3.1/../../../../arm-none-eabi/lib/thumb/v7e-m+fp/hard\libc_nano.a(libc_a-localeconv.o)
                0x0800b49c                _localeconv_r
 .text._close_r
                0x0800b4a4       0x20 C:/ST/STM32CubeIDE_1.16.0/STM32CubeIDE/plugins/com.st.stm32cube.ide.mcu.externaltools.gnu-tools-for-stm32.12.3.rel1.win32_1.0.200.202406191623/tools/bin/../lib/gcc/arm-none-eabi/12.3.1/../../../../arm-none-eabi/lib/thumb/v7e-m+fp/hard\libc_nano.a(libc_a-closer.o)
                0x0800b4a4                _close_r
 .text._lseek_r
                0x0800b4c4       0x24 C:/ST/STM32CubeIDE_1.16.0/STM32CubeIDE/plugins/com.st.stm32cube.ide.mcu.externaltools.gnu-tools-for-stm32.12.3.rel1.win32_1.0.200.202406191623/tools/bin/../lib/gcc/arm-none-eabi/12.3.1/../../../../arm-none-eabi/lib/thumb/v7e-m+fp/hard\libc_nano.a(libc_a-lseekr.o)
                0x0800b4c4                _lseek_r
 .text._read_r  0x0800b4e8       0x24 C:/ST/STM32CubeIDE_1.16.0/STM32CubeIDE/plugins/com.st.stm32cube.ide.mcu.externaltools.gnu-tools-for-stm32.12.3.rel1.win32_1.0.200.202406191623/tools/bin/../lib/gcc/arm-none-eabi/12.3.1/../../../../arm-none-eabi/lib/thumb/v7e-m+fp/hard\libc_nano.a(libc_a-readr.o)
                0x0800b4e8                _read_r
 .text._write_r
                0x0800b50c       0x24 C:/ST/STM32CubeIDE_1.16.0/STM32CubeIDE/plugins/com.st.stm32cube.ide.mcu.externaltools.gnu-tools-for-stm32.12.3.rel1.win32_1.0.200.202406191623/tools/bin/../lib/gcc/arm-none-eabi/12.3.1/../../../../arm-none-eabi/lib/thumb/v7e-m+fp/hard\libc_nano.a(libc_a-writer.o)
                0x0800b50c                _write_r
 .text.__errno  0x0800b530        0xc C:/ST/STM32CubeIDE_1.16.0/STM32CubeIDE/plugins/com.st.stm32cube.ide.mcu.externaltools.gnu-tools-for-stm32.12.3.rel1.win32_1.0.200.202406191623/tools/bin/../lib/gcc/arm-none-eabi/12.3.1/../../../../arm-none-eabi/lib/thumb/v7e-m+fp/hard\libc_nano.a(libc_a-errno.o)
                0x0800b530                __errno
 .text.__libc_init_array
                0x0800b53c       0x48 C:/ST/STM32CubeIDE_1.16.0/STM32CubeIDE/plugins/com.st.stm32cube.ide.mcu.externaltools.gnu-tools-for-stm32.12.3.rel1.win32_1.0.200.202406191623/tools/bin/../lib/gcc/arm-none-eabi/12.3.1/../../../../arm-none-eabi/lib/thumb/v7e-m+fp/hard\libc_nano.a(libc_a-init.o)
                0x0800b53c                __libc_init_array
 .text.__retarget_lock_init_recursive
                0x0800b584        0x2 C:/ST/STM32CubeIDE_1.16.0/STM32CubeIDE/plugins/com.st.stm32cube.ide.mcu.externaltools.gnu-tools-for-stm32.12.3.rel1.win32_1.0.200.202406191623/tools/bin/../lib/gcc/arm-none-eabi/12.3.1/../../../../arm-none-eabi/lib/thumb/v7e-m+fp/hard\libc_nano.a(libc_a-lock.o)
                0x0800b584                __retarget_lock_init_recursive
 .text.__retarget_lock_acquire_recursive
                0x0800b586        0x2 C:/ST/STM32CubeIDE_1.16.0/STM32CubeIDE/plugins/com.st.stm32cube.ide.mcu.externaltools.gnu-tools-for-stm32.12.3.rel1.win32_1.0.200.202406191623/tools/bin/../lib/gcc/arm-none-eabi/12.3.1/../../../../arm-none-eabi/lib/thumb/v7e-m+fp/hard\libc_nano.a(libc_a-lock.o)
                0x0800b586                __retarget_lock_acquire_recursive
 .text.__retarget_lock_release_recursive
                0x0800b588        0x2 C:/ST/STM32CubeIDE_1.16.0/STM32CubeIDE/plugins/com.st.stm32cube.ide.mcu.externaltools.gnu-tools-for-stm32.12.3.rel1.win32_1.0.200.202406191623/tools/bin/../lib/gcc/arm-none-eabi/12.3.1/../../../../arm-none-eabi/lib/thumb/v7e-m+fp/hard\libc_nano.a(libc_a-lock.o)
                0x0800b588                __retarget_lock_release_recursive
 .text.quorem   0x0800b58a      0x110 C:/ST/STM32CubeIDE_1.16.0/STM32CubeIDE/plugins/com.st.stm32cube.ide.mcu.externaltools.gnu-tools-for-stm32.12.3.rel1.win32_1.0.200.202406191623/tools/bin/../lib/gcc/arm-none-eabi/12.3.1/../../../../arm-none-eabi/lib/thumb/v7e-m+fp/hard\libc_nano.a(libc_a-dtoa.o)
 *fill*         0x0800b69a        0x6 
 .text._dtoa_r  0x0800b6a0      0xb88 C:/ST/STM32CubeIDE_1.16.0/STM32CubeIDE/plugins/com.st.stm32cube.ide.mcu.externaltools.gnu-tools-for-stm32.12.3.rel1.win32_1.0.200.202406191623/tools/bin/../lib/gcc/arm-none-eabi/12.3.1/../../../../arm-none-eabi/lib/thumb/v7e-m+fp/hard\libc_nano.a(libc_a-dtoa.o)
                0x0800b6a0                _dtoa_r
 .text._free_r  0x0800c228       0x94 C:/ST/STM32CubeIDE_1.16.0/STM32CubeIDE/plugins/com.st.stm32cube.ide.mcu.externaltools.gnu-tools-for-stm32.12.3.rel1.win32_1.0.200.202406191623/tools/bin/../lib/gcc/arm-none-eabi/12.3.1/../../../../arm-none-eabi/lib/thumb/v7e-m+fp/hard\libc_nano.a(libc_a-freer.o)
                0x0800c228                _free_r
 .text.malloc   0x0800c2bc       0x10 C:/ST/STM32CubeIDE_1.16.0/STM32CubeIDE/plugins/com.st.stm32cube.ide.mcu.externaltools.gnu-tools-for-stm32.12.3.rel1.win32_1.0.200.202406191623/tools/bin/../lib/gcc/arm-none-eabi/12.3.1/../../../../arm-none-eabi/lib/thumb/v7e-m+fp/hard\libc_nano.a(libc_a-malloc.o)
                0x0800c2bc                malloc
 .text.sbrk_aligned
                0x0800c2cc       0x44 C:/ST/STM32CubeIDE_1.16.0/STM32CubeIDE/plugins/com.st.stm32cube.ide.mcu.externaltools.gnu-tools-for-stm32.12.3.rel1.win32_1.0.200.202406191623/tools/bin/../lib/gcc/arm-none-eabi/12.3.1/../../../../arm-none-eabi/lib/thumb/v7e-m+fp/hard\libc_nano.a(libc_a-mallocr.o)
 .text._malloc_r
                0x0800c310      0x100 C:/ST/STM32CubeIDE_1.16.0/STM32CubeIDE/plugins/com.st.stm32cube.ide.mcu.externaltools.gnu-tools-for-stm32.12.3.rel1.win32_1.0.200.202406191623/tools/bin/../lib/gcc/arm-none-eabi/12.3.1/../../../../arm-none-eabi/lib/thumb/v7e-m+fp/hard\libc_nano.a(libc_a-mallocr.o)
                0x0800c310                _malloc_r
 .text.__malloc_lock
                0x0800c410        0xc C:/ST/STM32CubeIDE_1.16.0/STM32CubeIDE/plugins/com.st.stm32cube.ide.mcu.externaltools.gnu-tools-for-stm32.12.3.rel1.win32_1.0.200.202406191623/tools/bin/../lib/gcc/arm-none-eabi/12.3.1/../../../../arm-none-eabi/lib/thumb/v7e-m+fp/hard\libc_nano.a(libc_a-mlock.o)
                0x0800c410                __malloc_lock
 .text.__malloc_unlock
                0x0800c41c        0xc C:/ST/STM32CubeIDE_1.16.0/STM32CubeIDE/plugins/com.st.stm32cube.ide.mcu.externaltools.gnu-tools-for-stm32.12.3.rel1.win32_1.0.200.202406191623/tools/bin/../lib/gcc/arm-none-eabi/12.3.1/../../../../arm-none-eabi/lib/thumb/v7e-m+fp/hard\libc_nano.a(libc_a-mlock.o)
                0x0800c41c                __malloc_unlock
 .text._Balloc  0x0800c428       0x80 C:/ST/STM32CubeIDE_1.16.0/STM32CubeIDE/plugins/com.st.stm32cube.ide.mcu.externaltools.gnu-tools-for-stm32.12.3.rel1.win32_1.0.200.202406191623/tools/bin/../lib/gcc/arm-none-eabi/12.3.1/../../../../arm-none-eabi/lib/thumb/v7e-m+fp/hard\libc_nano.a(libc_a-mprec.o)
                0x0800c428                _Balloc
 .text._Bfree   0x0800c4a8       0x44 C:/ST/STM32CubeIDE_1.16.0/STM32CubeIDE/plugins/com.st.stm32cube.ide.mcu.externaltools.gnu-tools-for-stm32.12.3.rel1.win32_1.0.200.202406191623/tools/bin/../lib/gcc/arm-none-eabi/12.3.1/../../../../arm-none-eabi/lib/thumb/v7e-m+fp/hard\libc_nano.a(libc_a-mprec.o)
                0x0800c4a8                _Bfree
 .text.__multadd
                0x0800c4ec       0x8c C:/ST/STM32CubeIDE_1.16.0/STM32CubeIDE/plugins/com.st.stm32cube.ide.mcu.externaltools.gnu-tools-for-stm32.12.3.rel1.win32_1.0.200.202406191623/tools/bin/../lib/gcc/arm-none-eabi/12.3.1/../../../../arm-none-eabi/lib/thumb/v7e-m+fp/hard\libc_nano.a(libc_a-mprec.o)
                0x0800c4ec                __multadd
 .text.__hi0bits
                0x0800c578       0x3e C:/ST/STM32CubeIDE_1.16.0/STM32CubeIDE/plugins/com.st.stm32cube.ide.mcu.externaltools.gnu-tools-for-stm32.12.3.rel1.win32_1.0.200.202406191623/tools/bin/../lib/gcc/arm-none-eabi/12.3.1/../../../../arm-none-eabi/lib/thumb/v7e-m+fp/hard\libc_nano.a(libc_a-mprec.o)
                0x0800c578                __hi0bits
 .text.__lo0bits
                0x0800c5b6       0x5a C:/ST/STM32CubeIDE_1.16.0/STM32CubeIDE/plugins/com.st.stm32cube.ide.mcu.externaltools.gnu-tools-for-stm32.12.3.rel1.win32_1.0.200.202406191623/tools/bin/../lib/gcc/arm-none-eabi/12.3.1/../../../../arm-none-eabi/lib/thumb/v7e-m+fp/hard\libc_nano.a(libc_a-mprec.o)
                0x0800c5b6                __lo0bits
 .text.__i2b    0x0800c610       0x2c C:/ST/STM32CubeIDE_1.16.0/STM32CubeIDE/plugins/com.st.stm32cube.ide.mcu.externaltools.gnu-tools-for-stm32.12.3.rel1.win32_1.0.200.202406191623/tools/bin/../lib/gcc/arm-none-eabi/12.3.1/../../../../arm-none-eabi/lib/thumb/v7e-m+fp/hard\libc_nano.a(libc_a-mprec.o)
                0x0800c610                __i2b
 .text.__multiply
                0x0800c63c      0x154 C:/ST/STM32CubeIDE_1.16.0/STM32CubeIDE/plugins/com.st.stm32cube.ide.mcu.externaltools.gnu-tools-for-stm32.12.3.rel1.win32_1.0.200.202406191623/tools/bin/../lib/gcc/arm-none-eabi/12.3.1/../../../../arm-none-eabi/lib/thumb/v7e-m+fp/hard\libc_nano.a(libc_a-mprec.o)
                0x0800c63c                __multiply
 .text.__pow5mult
                0x0800c790       0xb4 C:/ST/STM32CubeIDE_1.16.0/STM32CubeIDE/plugins/com.st.stm32cube.ide.mcu.externaltools.gnu-tools-for-stm32.12.3.rel1.win32_1.0.200.202406191623/tools/bin/../lib/gcc/arm-none-eabi/12.3.1/../../../../arm-none-eabi/lib/thumb/v7e-m+fp/hard\libc_nano.a(libc_a-mprec.o)
                0x0800c790                __pow5mult
 .text.__lshift
                0x0800c844       0xd8 C:/ST/STM32CubeIDE_1.16.0/STM32CubeIDE/plugins/com.st.stm32cube.ide.mcu.externaltools.gnu-tools-for-stm32.12.3.rel1.win32_1.0.200.202406191623/tools/bin/../lib/gcc/arm-none-eabi/12.3.1/../../../../arm-none-eabi/lib/thumb/v7e-m+fp/hard\libc_nano.a(libc_a-mprec.o)
                0x0800c844                __lshift
 .text.__mcmp   0x0800c91c       0x36 C:/ST/STM32CubeIDE_1.16.0/STM32CubeIDE/plugins/com.st.stm32cube.ide.mcu.externaltools.gnu-tools-for-stm32.12.3.rel1.win32_1.0.200.202406191623/tools/bin/../lib/gcc/arm-none-eabi/12.3.1/../../../../arm-none-eabi/lib/thumb/v7e-m+fp/hard\libc_nano.a(libc_a-mprec.o)
                0x0800c91c                __mcmp
 *fill*         0x0800c952        0x2 
 .text.__mdiff  0x0800c954      0x128 C:/ST/STM32CubeIDE_1.16.0/STM32CubeIDE/plugins/com.st.stm32cube.ide.mcu.externaltools.gnu-tools-for-stm32.12.3.rel1.win32_1.0.200.202406191623/tools/bin/../lib/gcc/arm-none-eabi/12.3.1/../../../../arm-none-eabi/lib/thumb/v7e-m+fp/hard\libc_nano.a(libc_a-mprec.o)
                0x0800c954                __mdiff
 .text.__d2b    0x0800ca7c       0xb0 C:/ST/STM32CubeIDE_1.16.0/STM32CubeIDE/plugins/com.st.stm32cube.ide.mcu.externaltools.gnu-tools-for-stm32.12.3.rel1.win32_1.0.200.202406191623/tools/bin/../lib/gcc/arm-none-eabi/12.3.1/../../../../arm-none-eabi/lib/thumb/v7e-m+fp/hard\libc_nano.a(libc_a-mprec.o)
                0x0800ca7c                __d2b
 .text.__sfputc_r
                0x0800cb2c       0x2e C:/ST/STM32CubeIDE_1.16.0/STM32CubeIDE/plugins/com.st.stm32cube.ide.mcu.externaltools.gnu-tools-for-stm32.12.3.rel1.win32_1.0.200.202406191623/tools/bin/../lib/gcc/arm-none-eabi/12.3.1/../../../../arm-none-eabi/lib/thumb/v7e-m+fp/hard\libc_nano.a(libc_a-nano-vfprintf.o)
 .text.__sfputs_r
                0x0800cb5a       0x24 C:/ST/STM32CubeIDE_1.16.0/STM32CubeIDE/plugins/com.st.stm32cube.ide.mcu.externaltools.gnu-tools-for-stm32.12.3.rel1.win32_1.0.200.202406191623/tools/bin/../lib/gcc/arm-none-eabi/12.3.1/../../../../arm-none-eabi/lib/thumb/v7e-m+fp/hard\libc_nano.a(libc_a-nano-vfprintf.o)
                0x0800cb5a                __sfputs_r
 *fill*         0x0800cb7e        0x2 
 .text._vfprintf_r
                0x0800cb80      0x230 C:/ST/STM32CubeIDE_1.16.0/STM32CubeIDE/plugins/com.st.stm32cube.ide.mcu.externaltools.gnu-tools-for-stm32.12.3.rel1.win32_1.0.200.202406191623/tools/bin/../lib/gcc/arm-none-eabi/12.3.1/../../../../arm-none-eabi/lib/thumb/v7e-m+fp/hard\libc_nano.a(libc_a-nano-vfprintf.o)
                0x0800cb80                _vfprintf_r
                0x0800cb80                _vfiprintf_r
 .text.__sflush_r
                0x0800cdb0      0x108 C:/ST/STM32CubeIDE_1.16.0/STM32CubeIDE/plugins/com.st.stm32cube.ide.mcu.externaltools.gnu-tools-for-stm32.12.3.rel1.win32_1.0.200.202406191623/tools/bin/../lib/gcc/arm-none-eabi/12.3.1/../../../../arm-none-eabi/lib/thumb/v7e-m+fp/hard\libc_nano.a(libc_a-fflush.o)
                0x0800cdb0                __sflush_r
 .text._fflush_r
                0x0800ceb8       0x50 C:/ST/STM32CubeIDE_1.16.0/STM32CubeIDE/plugins/com.st.stm32cube.ide.mcu.externaltools.gnu-tools-for-stm32.12.3.rel1.win32_1.0.200.202406191623/tools/bin/../lib/gcc/arm-none-eabi/12.3.1/../../../../arm-none-eabi/lib/thumb/v7e-m+fp/hard\libc_nano.a(libc_a-fflush.o)
                0x0800ceb8                _fflush_r
 .text.__swhatbuf_r
                0x0800cf08       0x4c C:/ST/STM32CubeIDE_1.16.0/STM32CubeIDE/plugins/com.st.stm32cube.ide.mcu.externaltools.gnu-tools-for-stm32.12.3.rel1.win32_1.0.200.202406191623/tools/bin/../lib/gcc/arm-none-eabi/12.3.1/../../../../arm-none-eabi/lib/thumb/v7e-m+fp/hard\libc_nano.a(libc_a-makebuf.o)
                0x0800cf08                __swhatbuf_r
 .text.__smakebuf_r
                0x0800cf54       0x78 C:/ST/STM32CubeIDE_1.16.0/STM32CubeIDE/plugins/com.st.stm32cube.ide.mcu.externaltools.gnu-tools-for-stm32.12.3.rel1.win32_1.0.200.202406191623/tools/bin/../lib/gcc/arm-none-eabi/12.3.1/../../../../arm-none-eabi/lib/thumb/v7e-m+fp/hard\libc_nano.a(libc_a-makebuf.o)
                0x0800cf54                __smakebuf_r
 .text._fstat_r
                0x0800cfcc       0x24 C:/ST/STM32CubeIDE_1.16.0/STM32CubeIDE/plugins/com.st.stm32cube.ide.mcu.externaltools.gnu-tools-for-stm32.12.3.rel1.win32_1.0.200.202406191623/tools/bin/../lib/gcc/arm-none-eabi/12.3.1/../../../../arm-none-eabi/lib/thumb/v7e-m+fp/hard\libc_nano.a(libc_a-fstatr.o)
                0x0800cfcc                _fstat_r
 .text._isatty_r
                0x0800cff0       0x20 C:/ST/STM32CubeIDE_1.16.0/STM32CubeIDE/plugins/com.st.stm32cube.ide.mcu.externaltools.gnu-tools-for-stm32.12.3.rel1.win32_1.0.200.202406191623/tools/bin/../lib/gcc/arm-none-eabi/12.3.1/../../../../arm-none-eabi/lib/thumb/v7e-m+fp/hard\libc_nano.a(libc_a-isattyr.o)
                0x0800cff0                _isatty_r
 .text._sbrk_r  0x0800d010       0x20 C:/ST/STM32CubeIDE_1.16.0/STM32CubeIDE/plugins/com.st.stm32cube.ide.mcu.externaltools.gnu-tools-for-stm32.12.3.rel1.win32_1.0.200.202406191623/tools/bin/../lib/gcc/arm-none-eabi/12.3.1/../../../../arm-none-eabi/lib/thumb/v7e-m+fp/hard\libc_nano.a(libc_a-sbrkr.o)
                0x0800d010                _sbrk_r
 .text.memcpy   0x0800d030       0x1c C:/ST/STM32CubeIDE_1.16.0/STM32CubeIDE/plugins/com.st.stm32cube.ide.mcu.externaltools.gnu-tools-for-stm32.12.3.rel1.win32_1.0.200.202406191623/tools/bin/../lib/gcc/arm-none-eabi/12.3.1/../../../../arm-none-eabi/lib/thumb/v7e-m+fp/hard\libc_nano.a(libc_a-memcpy-stub.o)
                0x0800d030                memcpy
 .text.__assert_func
                0x0800d04c       0x3c C:/ST/STM32CubeIDE_1.16.0/STM32CubeIDE/plugins/com.st.stm32cube.ide.mcu.externaltools.gnu-tools-for-stm32.12.3.rel1.win32_1.0.200.202406191623/tools/bin/../lib/gcc/arm-none-eabi/12.3.1/../../../../arm-none-eabi/lib/thumb/v7e-m+fp/hard\libc_nano.a(libc_a-assert.o)
                0x0800d04c                __assert_func
 .text._calloc_r
                0x0800d088       0x28 C:/ST/STM32CubeIDE_1.16.0/STM32CubeIDE/plugins/com.st.stm32cube.ide.mcu.externaltools.gnu-tools-for-stm32.12.3.rel1.win32_1.0.200.202406191623/tools/bin/../lib/gcc/arm-none-eabi/12.3.1/../../../../arm-none-eabi/lib/thumb/v7e-m+fp/hard\libc_nano.a(libc_a-callocr.o)
                0x0800d088                _calloc_r
 .text.__ascii_mbtowc
                0x0800d0b0       0x24 C:/ST/STM32CubeIDE_1.16.0/STM32CubeIDE/plugins/com.st.stm32cube.ide.mcu.externaltools.gnu-tools-for-stm32.12.3.rel1.win32_1.0.200.202406191623/tools/bin/../lib/gcc/arm-none-eabi/12.3.1/../../../../arm-none-eabi/lib/thumb/v7e-m+fp/hard\libc_nano.a(libc_a-mbtowc_r.o)
                0x0800d0b0                __ascii_mbtowc
 .text.__ascii_wctomb
                0x0800d0d4       0x1a C:/ST/STM32CubeIDE_1.16.0/STM32CubeIDE/plugins/com.st.stm32cube.ide.mcu.externaltools.gnu-tools-for-stm32.12.3.rel1.win32_1.0.200.202406191623/tools/bin/../lib/gcc/arm-none-eabi/12.3.1/../../../../arm-none-eabi/lib/thumb/v7e-m+fp/hard\libc_nano.a(libc_a-wctomb_r.o)
                0x0800d0d4                __ascii_wctomb
 *fill*         0x0800d0ee        0x2 
 .text.fprintf  0x0800d0f0       0x24 C:/ST/STM32CubeIDE_1.16.0/STM32CubeIDE/plugins/com.st.stm32cube.ide.mcu.externaltools.gnu-tools-for-stm32.12.3.rel1.win32_1.0.200.202406191623/tools/bin/../lib/gcc/arm-none-eabi/12.3.1/../../../../arm-none-eabi/lib/thumb/v7e-m+fp/hard\libc_nano.a(libc_a-fprintf.o)
                0x0800d0f0                fiprintf
                0x0800d0f0                fprintf
 .text.abort    0x0800d114        0xe C:/ST/STM32CubeIDE_1.16.0/STM32CubeIDE/plugins/com.st.stm32cube.ide.mcu.externaltools.gnu-tools-for-stm32.12.3.rel1.win32_1.0.200.202406191623/tools/bin/../lib/gcc/arm-none-eabi/12.3.1/../../../../arm-none-eabi/lib/thumb/v7e-m+fp/hard\libc_nano.a(libc_a-abort.o)
                0x0800d114                abort
 .text._raise_r
                0x0800d122       0x50 C:/ST/STM32CubeIDE_1.16.0/STM32CubeIDE/plugins/com.st.stm32cube.ide.mcu.externaltools.gnu-tools-for-stm32.12.3.rel1.win32_1.0.200.202406191623/tools/bin/../lib/gcc/arm-none-eabi/12.3.1/../../../../arm-none-eabi/lib/thumb/v7e-m+fp/hard\libc_nano.a(libc_a-signal.o)
                0x0800d122                _raise_r
 *fill*         0x0800d172        0x2 
 .text.raise    0x0800d174       0x10 C:/ST/STM32CubeIDE_1.16.0/STM32CubeIDE/plugins/com.st.stm32cube.ide.mcu.externaltools.gnu-tools-for-stm32.12.3.rel1.win32_1.0.200.202406191623/tools/bin/../lib/gcc/arm-none-eabi/12.3.1/../../../../arm-none-eabi/lib/thumb/v7e-m+fp/hard\libc_nano.a(libc_a-signal.o)
                0x0800d174                raise
 .text._kill_r  0x0800d184       0x24 C:/ST/STM32CubeIDE_1.16.0/STM32CubeIDE/plugins/com.st.stm32cube.ide.mcu.externaltools.gnu-tools-for-stm32.12.3.rel1.win32_1.0.200.202406191623/tools/bin/../lib/gcc/arm-none-eabi/12.3.1/../../../../arm-none-eabi/lib/thumb/v7e-m+fp/hard\libc_nano.a(libc_a-signalr.o)
                0x0800d184                _kill_r
 .text._getpid_r
                0x0800d1a8        0x4 C:/ST/STM32CubeIDE_1.16.0/STM32CubeIDE/plugins/com.st.stm32cube.ide.mcu.externaltools.gnu-tools-for-stm32.12.3.rel1.win32_1.0.200.202406191623/tools/bin/../lib/gcc/arm-none-eabi/12.3.1/../../../../arm-none-eabi/lib/thumb/v7e-m+fp/hard\libc_nano.a(libc_a-signalr.o)
                0x0800d1a8                _getpid_r
 .text.roundf   0x0800d1ac       0x48 C:/ST/STM32CubeIDE_1.16.0/STM32CubeIDE/plugins/com.st.stm32cube.ide.mcu.externaltools.gnu-tools-for-stm32.12.3.rel1.win32_1.0.200.202406191623/tools/bin/../lib/gcc/arm-none-eabi/12.3.1/../../../../arm-none-eabi/lib/thumb/v7e-m+fp/hard\libm.a(libm_a-sf_round.o)
                0x0800d1ac                roundf
 *(.glue_7)
 .glue_7        0x0800d1f4        0x0 linker stubs
 *(.glue_7t)
 .glue_7t       0x0800d1f4        0x0 linker stubs
 *(.eh_frame)
 .eh_frame      0x0800d1f4        0x0 C:/ST/STM32CubeIDE_1.16.0/STM32CubeIDE/plugins/com.st.stm32cube.ide.mcu.externaltools.gnu-tools-for-stm32.12.3.rel1.win32_1.0.200.202406191623/tools/bin/../lib/gcc/arm-none-eabi/12.3.1/thumb/v7e-m+fp/hard/crtbegin.o
 *(.init)
 .init          0x0800d1f4        0x4 C:/ST/STM32CubeIDE_1.16.0/STM32CubeIDE/plugins/com.st.stm32cube.ide.mcu.externaltools.gnu-tools-for-stm32.12.3.rel1.win32_1.0.200.202406191623/tools/bin/../lib/gcc/arm-none-eabi/12.3.1/thumb/v7e-m+fp/hard/crti.o
                0x0800d1f4                _init
 .init          0x0800d1f8        0x8 C:/ST/STM32CubeIDE_1.16.0/STM32CubeIDE/plugins/com.st.stm32cube.ide.mcu.externaltools.gnu-tools-for-stm32.12.3.rel1.win32_1.0.200.202406191623/tools/bin/../lib/gcc/arm-none-eabi/12.3.1/thumb/v7e-m+fp/hard/crtn.o
 *(.fini)
 .fini          0x0800d200        0x4 C:/ST/STM32CubeIDE_1.16.0/STM32CubeIDE/plugins/com.st.stm32cube.ide.mcu.externaltools.gnu-tools-for-stm32.12.3.rel1.win32_1.0.200.202406191623/tools/bin/../lib/gcc/arm-none-eabi/12.3.1/thumb/v7e-m+fp/hard/crti.o
                0x0800d200                _fini
 .fini          0x0800d204        0x8 C:/ST/STM32CubeIDE_1.16.0/STM32CubeIDE/plugins/com.st.stm32cube.ide.mcu.externaltools.gnu-tools-for-stm32.12.3.rel1.win32_1.0.200.202406191623/tools/bin/../lib/gcc/arm-none-eabi/12.3.1/thumb/v7e-m+fp/hard/crtn.o
                0x0800d20c                        . = ALIGN (0x4)
                0x0800d20c                        _etext = .

.vfp11_veneer   0x0800d20c        0x0
 .vfp11_veneer  0x0800d20c        0x0 linker stubs

.v4_bx          0x0800d20c        0x0
 .v4_bx         0x0800d20c        0x0 linker stubs

.iplt           0x0800d20c        0x0
 .iplt          0x0800d20c        0x0 C:/ST/STM32CubeIDE_1.16.0/STM32CubeIDE/plugins/com.st.stm32cube.ide.mcu.externaltools.gnu-tools-for-stm32.12.3.rel1.win32_1.0.200.202406191623/tools/bin/../lib/gcc/arm-none-eabi/12.3.1/thumb/v7e-m+fp/hard/crtbegin.o

.rodata         0x0800d210      0x610
                0x0800d210                        . = ALIGN (0x4)
 *(.rodata)
 .rodata        0x0800d210       0x14 ./Core/Src/adc_handler.o
 .rodata        0x0800d224       0x5a ./Core/Src/uart_handler.o
 *fill*         0x0800d27e        0x2 
 .rodata        0x0800d280       0x22 ./Middlewares/uCOSII/Source/os_core.o
 *fill*         0x0800d2a2        0x2 
 .rodata        0x0800d2a4        0x2 ./Middlewares/uCOSII/Source/os_flag.o
 *fill*         0x0800d2a6        0x2 
 .rodata        0x0800d2a8        0x2 ./Middlewares/uCOSII/Source/os_mem.o
 *fill*         0x0800d2aa        0x2 
 .rodata        0x0800d2ac        0x2 ./Middlewares/uCOSII/Source/os_q.o
 *fill*         0x0800d2ae        0x2 
 .rodata        0x0800d2b0        0x2 ./Middlewares/uCOSII/Source/os_sem.o
 *fill*         0x0800d2b2        0x2 
 .rodata        0x0800d2b4        0x2 ./Middlewares/uCOSII/Source/os_task.o
 *fill*         0x0800d2b6        0x2 
 .rodata        0x0800d2b8       0x39 ./Middlewares/uCOSII/Source/os_tmr.o
 *(.rodata*)
 *fill*         0x0800d2f1        0x3 
 .rodata.AHBPrescTable
                0x0800d2f4       0x10 ./Core/Src/system_stm32l4xx.o
                0x0800d2f4                AHBPrescTable
 .rodata.APBPrescTable
                0x0800d304        0x8 ./Core/Src/system_stm32l4xx.o
                0x0800d304                APBPrescTable
 .rodata.MSIRangeTable
                0x0800d30c       0x30 ./Core/Src/system_stm32l4xx.o
                0x0800d30c                MSIRangeTable
 .rodata.OSDebugEn
                0x0800d33c        0x2 ./Middlewares/uCOSII/Ports/ARM-Cortex-M/ARMv7-M/GNU/os_dbg.o
                0x0800d33c                OSDebugEn
 *fill*         0x0800d33e        0x2 
 .rodata.OSEndiannessTest
                0x0800d340        0x4 ./Middlewares/uCOSII/Ports/ARM-Cortex-M/ARMv7-M/GNU/os_dbg.o
                0x0800d340                OSEndiannessTest
 .rodata.OSEventEn
                0x0800d344        0x2 ./Middlewares/uCOSII/Ports/ARM-Cortex-M/ARMv7-M/GNU/os_dbg.o
                0x0800d344                OSEventEn
 .rodata.OSEventMax
                0x0800d346        0x2 ./Middlewares/uCOSII/Ports/ARM-Cortex-M/ARMv7-M/GNU/os_dbg.o
                0x0800d346                OSEventMax
 .rodata.OSEventNameEn
                0x0800d348        0x2 ./Middlewares/uCOSII/Ports/ARM-Cortex-M/ARMv7-M/GNU/os_dbg.o
                0x0800d348                OSEventNameEn
 .rodata.OSEventSize
                0x0800d34a        0x2 ./Middlewares/uCOSII/Ports/ARM-Cortex-M/ARMv7-M/GNU/os_dbg.o
                0x0800d34a                OSEventSize
 .rodata.OSEventTblSize
                0x0800d34c        0x2 ./Middlewares/uCOSII/Ports/ARM-Cortex-M/ARMv7-M/GNU/os_dbg.o
                0x0800d34c                OSEventTblSize
 .rodata.OSEventMultiEn
                0x0800d34e        0x2 ./Middlewares/uCOSII/Ports/ARM-Cortex-M/ARMv7-M/GNU/os_dbg.o
                0x0800d34e                OSEventMultiEn
 .rodata.OSFlagEn
                0x0800d350        0x2 ./Middlewares/uCOSII/Ports/ARM-Cortex-M/ARMv7-M/GNU/os_dbg.o
                0x0800d350                OSFlagEn
 .rodata.OSFlagGrpSize
                0x0800d352        0x2 ./Middlewares/uCOSII/Ports/ARM-Cortex-M/ARMv7-M/GNU/os_dbg.o
                0x0800d352                OSFlagGrpSize
 .rodata.OSFlagNodeSize
                0x0800d354        0x2 ./Middlewares/uCOSII/Ports/ARM-Cortex-M/ARMv7-M/GNU/os_dbg.o
                0x0800d354                OSFlagNodeSize
 .rodata.OSFlagWidth
                0x0800d356        0x2 ./Middlewares/uCOSII/Ports/ARM-Cortex-M/ARMv7-M/GNU/os_dbg.o
                0x0800d356                OSFlagWidth
 .rodata.OSFlagMax
                0x0800d358        0x2 ./Middlewares/uCOSII/Ports/ARM-Cortex-M/ARMv7-M/GNU/os_dbg.o
                0x0800d358                OSFlagMax
 .rodata.OSFlagNameEn
                0x0800d35a        0x2 ./Middlewares/uCOSII/Ports/ARM-Cortex-M/ARMv7-M/GNU/os_dbg.o
                0x0800d35a                OSFlagNameEn
 .rodata.OSLowestPrio
                0x0800d35c        0x2 ./Middlewares/uCOSII/Ports/ARM-Cortex-M/ARMv7-M/GNU/os_dbg.o
                0x0800d35c                OSLowestPrio
 .rodata.OSMboxEn
                0x0800d35e        0x2 ./Middlewares/uCOSII/Ports/ARM-Cortex-M/ARMv7-M/GNU/os_dbg.o
                0x0800d35e                OSMboxEn
 .rodata.OSMemEn
                0x0800d360        0x2 ./Middlewares/uCOSII/Ports/ARM-Cortex-M/ARMv7-M/GNU/os_dbg.o
                0x0800d360                OSMemEn
 .rodata.OSMemMax
                0x0800d362        0x2 ./Middlewares/uCOSII/Ports/ARM-Cortex-M/ARMv7-M/GNU/os_dbg.o
                0x0800d362                OSMemMax
 .rodata.OSMemNameEn
                0x0800d364        0x2 ./Middlewares/uCOSII/Ports/ARM-Cortex-M/ARMv7-M/GNU/os_dbg.o
                0x0800d364                OSMemNameEn
 .rodata.OSMemSize
                0x0800d366        0x2 ./Middlewares/uCOSII/Ports/ARM-Cortex-M/ARMv7-M/GNU/os_dbg.o
                0x0800d366                OSMemSize
 .rodata.OSMemTblSize
                0x0800d368        0x2 ./Middlewares/uCOSII/Ports/ARM-Cortex-M/ARMv7-M/GNU/os_dbg.o
                0x0800d368                OSMemTblSize
 .rodata.OSMutexEn
                0x0800d36a        0x2 ./Middlewares/uCOSII/Ports/ARM-Cortex-M/ARMv7-M/GNU/os_dbg.o
                0x0800d36a                OSMutexEn
 .rodata.OSPtrSize
                0x0800d36c        0x2 ./Middlewares/uCOSII/Ports/ARM-Cortex-M/ARMv7-M/GNU/os_dbg.o
                0x0800d36c                OSPtrSize
 .rodata.OSQEn  0x0800d36e        0x2 ./Middlewares/uCOSII/Ports/ARM-Cortex-M/ARMv7-M/GNU/os_dbg.o
                0x0800d36e                OSQEn
 .rodata.OSQMax
                0x0800d370        0x2 ./Middlewares/uCOSII/Ports/ARM-Cortex-M/ARMv7-M/GNU/os_dbg.o
                0x0800d370                OSQMax
 .rodata.OSQSize
                0x0800d372        0x2 ./Middlewares/uCOSII/Ports/ARM-Cortex-M/ARMv7-M/GNU/os_dbg.o
                0x0800d372                OSQSize
 .rodata.OSRdyTblSize
                0x0800d374        0x2 ./Middlewares/uCOSII/Ports/ARM-Cortex-M/ARMv7-M/GNU/os_dbg.o
                0x0800d374                OSRdyTblSize
 .rodata.OSSemEn
                0x0800d376        0x2 ./Middlewares/uCOSII/Ports/ARM-Cortex-M/ARMv7-M/GNU/os_dbg.o
                0x0800d376                OSSemEn
 .rodata.OSStkWidth
                0x0800d378        0x2 ./Middlewares/uCOSII/Ports/ARM-Cortex-M/ARMv7-M/GNU/os_dbg.o
                0x0800d378                OSStkWidth
 .rodata.OSTaskCreateEn
                0x0800d37a        0x2 ./Middlewares/uCOSII/Ports/ARM-Cortex-M/ARMv7-M/GNU/os_dbg.o
                0x0800d37a                OSTaskCreateEn
 .rodata.OSTaskCreateExtEn
                0x0800d37c        0x2 ./Middlewares/uCOSII/Ports/ARM-Cortex-M/ARMv7-M/GNU/os_dbg.o
                0x0800d37c                OSTaskCreateExtEn
 .rodata.OSTaskDelEn
                0x0800d37e        0x2 ./Middlewares/uCOSII/Ports/ARM-Cortex-M/ARMv7-M/GNU/os_dbg.o
                0x0800d37e                OSTaskDelEn
 .rodata.OSTaskIdleStkSize
                0x0800d380        0x2 ./Middlewares/uCOSII/Ports/ARM-Cortex-M/ARMv7-M/GNU/os_dbg.o
                0x0800d380                OSTaskIdleStkSize
 .rodata.OSTaskProfileEn
                0x0800d382        0x2 ./Middlewares/uCOSII/Ports/ARM-Cortex-M/ARMv7-M/GNU/os_dbg.o
                0x0800d382                OSTaskProfileEn
 .rodata.OSTaskMax
                0x0800d384        0x2 ./Middlewares/uCOSII/Ports/ARM-Cortex-M/ARMv7-M/GNU/os_dbg.o
                0x0800d384                OSTaskMax
 .rodata.OSTaskNameEn
                0x0800d386        0x2 ./Middlewares/uCOSII/Ports/ARM-Cortex-M/ARMv7-M/GNU/os_dbg.o
                0x0800d386                OSTaskNameEn
 .rodata.OSTaskStatEn
                0x0800d388        0x2 ./Middlewares/uCOSII/Ports/ARM-Cortex-M/ARMv7-M/GNU/os_dbg.o
                0x0800d388                OSTaskStatEn
 .rodata.OSTaskStatStkSize
                0x0800d38a        0x2 ./Middlewares/uCOSII/Ports/ARM-Cortex-M/ARMv7-M/GNU/os_dbg.o
                0x0800d38a                OSTaskStatStkSize
 .rodata.OSTaskStatStkChkEn
                0x0800d38c        0x2 ./Middlewares/uCOSII/Ports/ARM-Cortex-M/ARMv7-M/GNU/os_dbg.o
                0x0800d38c                OSTaskStatStkChkEn
 .rodata.OSTaskSwHookEn
                0x0800d38e        0x2 ./Middlewares/uCOSII/Ports/ARM-Cortex-M/ARMv7-M/GNU/os_dbg.o
                0x0800d38e                OSTaskSwHookEn
 .rodata.OSTCBPrioTblMax
                0x0800d390        0x2 ./Middlewares/uCOSII/Ports/ARM-Cortex-M/ARMv7-M/GNU/os_dbg.o
                0x0800d390                OSTCBPrioTblMax
 .rodata.OSTCBSize
                0x0800d392        0x2 ./Middlewares/uCOSII/Ports/ARM-Cortex-M/ARMv7-M/GNU/os_dbg.o
                0x0800d392                OSTCBSize
 .rodata.OSTicksPerSec
                0x0800d394        0x2 ./Middlewares/uCOSII/Ports/ARM-Cortex-M/ARMv7-M/GNU/os_dbg.o
                0x0800d394                OSTicksPerSec
 .rodata.OSTimeTickHookEn
                0x0800d396        0x2 ./Middlewares/uCOSII/Ports/ARM-Cortex-M/ARMv7-M/GNU/os_dbg.o
                0x0800d396                OSTimeTickHookEn
 .rodata.OSVersionNbr
                0x0800d398        0x2 ./Middlewares/uCOSII/Ports/ARM-Cortex-M/ARMv7-M/GNU/os_dbg.o
                0x0800d398                OSVersionNbr
 .rodata.OSTmrEn
                0x0800d39a        0x2 ./Middlewares/uCOSII/Ports/ARM-Cortex-M/ARMv7-M/GNU/os_dbg.o
                0x0800d39a                OSTmrEn
 .rodata.OSTmrCfgMax
                0x0800d39c        0x2 ./Middlewares/uCOSII/Ports/ARM-Cortex-M/ARMv7-M/GNU/os_dbg.o
                0x0800d39c                OSTmrCfgMax
 .rodata.OSTmrCfgNameEn
                0x0800d39e        0x2 ./Middlewares/uCOSII/Ports/ARM-Cortex-M/ARMv7-M/GNU/os_dbg.o
                0x0800d39e                OSTmrCfgNameEn
 .rodata.OSTmrCfgWheelSize
                0x0800d3a0        0x2 ./Middlewares/uCOSII/Ports/ARM-Cortex-M/ARMv7-M/GNU/os_dbg.o
                0x0800d3a0                OSTmrCfgWheelSize