Archive member included to satisfy reference by file (symbol)

C:/ST/STM32CubeIDE_1.16.0/STM32CubeIDE/plugins/com.st.stm32cube.ide.mcu.externaltools.gnu-tools-for-stm32.12.3.rel1.win32_1.0.200.202406191623/tools/bin/../lib/gcc/arm-none-eabi/12.3.1/../../../../arm-none-eabi/lib/thumb/v7e-m+fp/hard\libc_nano.a(libc_a-atoi.o)
                              ./Core/Src/tasks.o (atoi)
C:/ST/STM32CubeIDE_1.16.0/STM32CubeIDE/plugins/com.st.stm32cube.ide.mcu.externaltools.gnu-tools-for-stm32.12.3.rel1.win32_1.0.200.202406191623/tools/bin/../lib/gcc/arm-none-eabi/12.3.1/../../../../arm-none-eabi/lib/thumb/v7e-m+fp/hard\libc_nano.a(libc_a-exit.o)
                              C:/ST/STM32CubeIDE_1.16.0/STM32CubeIDE/plugins/com.st.stm32cube.ide.mcu.externaltools.gnu-tools-for-stm32.12.3.rel1.win32_1.0.200.202406191623/tools/bin/../lib/gcc/arm-none-eabi/12.3.1/../../../../arm-none-eabi/lib/thumb/v7e-m+fp/hard/crt0.o (exit)
C:/ST/STM32CubeIDE_1.16.0/STM32CubeIDE/plugins/com.st.stm32cube.ide.mcu.externaltools.gnu-tools-for-stm32.12.3.rel1.win32_1.0.200.202406191623/tools/bin/../lib/gcc/arm-none-eabi/12.3.1/../../../../arm-none-eabi/lib/thumb/v7e-m+fp/hard\libc_nano.a(libc_a-strtol.o)
                              C:/ST/STM32CubeIDE_1.16.0/STM32CubeIDE/plugins/com.st.stm32cube.ide.mcu.externaltools.gnu-tools-for-stm32.12.3.rel1.win32_1.0.200.202406191623/tools/bin/../lib/gcc/arm-none-eabi/12.3.1/../../../../arm-none-eabi/lib/thumb/v7e-m+fp/hard\libc_nano.a(libc_a-atoi.o) (_strtol_r)
C:/ST/STM32CubeIDE_1.16.0/STM32CubeIDE/plugins/com.st.stm32cube.ide.mcu.externaltools.gnu-tools-for-stm32.12.3.rel1.win32_1.0.200.202406191623/tools/bin/../lib/gcc/arm-none-eabi/12.3.1/../../../../arm-none-eabi/lib/thumb/v7e-m+fp/hard\libc_nano.a(libc_a-ctype_.o)
                              C:/ST/STM32CubeIDE_1.16.0/STM32CubeIDE/plugins/com.st.stm32cube.ide.mcu.externaltools.gnu-tools-for-stm32.12.3.rel1.win32_1.0.200.202406191623/tools/bin/../lib/gcc/arm-none-eabi/12.3.1/../../../../arm-none-eabi/lib/thumb/v7e-m+fp/hard\libc_nano.a(libc_a-strtol.o) (_ctype_)
C:/ST/STM32CubeIDE_1.16.0/STM32CubeIDE/plugins/com.st.stm32cube.ide.mcu.externaltools.gnu-tools-for-stm32.12.3.rel1.win32_1.0.200.202406191623/tools/bin/../lib/gcc/arm-none-eabi/12.3.1/../../../../arm-none-eabi/lib/thumb/v7e-m+fp/hard\libc_nano.a(libc_a-nano-vfprintf_float.o)
                              (_printf_float)
C:/ST/STM32CubeIDE_1.16.0/STM32CubeIDE/plugins/com.st.stm32cube.ide.mcu.externaltools.gnu-tools-for-stm32.12.3.rel1.win32_1.0.200.202406191623/tools/bin/../lib/gcc/arm-none-eabi/12.3.1/../../../../arm-none-eabi/lib/thumb/v7e-m+fp/hard\libc_nano.a(libc_a-nano-vfprintf_i.o)
                              C:/ST/STM32CubeIDE_1.16.0/STM32CubeIDE/plugins/com.st.stm32cube.ide.mcu.externaltools.gnu-tools-for-stm32.12.3.rel1.win32_1.0.200.202406191623/tools/bin/../lib/gcc/arm-none-eabi/12.3.1/../../../../arm-none-eabi/lib/thumb/v7e-m+fp/hard\libc_nano.a(libc_a-nano-vfprintf_float.o) (_printf_common)
C:/ST/STM32CubeIDE_1.16.0/STM32CubeIDE/plugins/com.st.stm32cube.ide.mcu.externaltools.gnu-tools-for-stm32.12.3.rel1.win32_1.0.200.202406191623/tools/bin/../lib/gcc/arm-none-eabi/12.3.1/../../../../arm-none-eabi/lib/thumb/v7e-m+fp/hard\libc_nano.a(libc_a-findfp.o)
                              C:/ST/STM32CubeIDE_1.16.0/STM32CubeIDE/plugins/com.st.stm32cube.ide.mcu.externaltools.gnu-tools-for-stm32.12.3.rel1.win32_1.0.200.202406191623/tools/bin/../lib/gcc/arm-none-eabi/12.3.1/../../../../arm-none-eabi/lib/thumb/v7e-m+fp/hard\libc_nano.a(libc_a-exit.o) (__stdio_exit_handler)
C:/ST/STM32CubeIDE_1.16.0/STM32CubeIDE/plugins/com.st.stm32cube.ide.mcu.externaltools.gnu-tools-for-stm32.12.3.rel1.win32_1.0.200.202406191623/tools/bin/../lib/gcc/arm-none-eabi/12.3.1/../../../../arm-none-eabi/lib/thumb/v7e-m+fp/hard\libc_nano.a(libc_a-fwalk.o)
                              C:/ST/STM32CubeIDE_1.16.0/STM32CubeIDE/plugins/com.st.stm32cube.ide.mcu.externaltools.gnu-tools-for-stm32.12.3.rel1.win32_1.0.200.202406191623/tools/bin/../lib/gcc/arm-none-eabi/12.3.1/../../../../arm-none-eabi/lib/thumb/v7e-m+fp/hard\libc_nano.a(libc_a-findfp.o) (_fwalk_sglue)
C:/ST/STM32CubeIDE_1.16.0/STM32CubeIDE/plugins/com.st.stm32cube.ide.mcu.externaltools.gnu-tools-for-stm32.12.3.rel1.win32_1.0.200.202406191623/tools/bin/../lib/gcc/arm-none-eabi/12.3.1/../../../../arm-none-eabi/lib/thumb/v7e-m+fp/hard\libc_nano.a(libc_a-printf.o)
                              ./Core/Src/adc_handler.o (printf)
C:/ST/STM32CubeIDE_1.16.0/STM32CubeIDE/plugins/com.st.stm32cube.ide.mcu.externaltools.gnu-tools-for-stm32.12.3.rel1.win32_1.0.200.202406191623/tools/bin/../lib/gcc/arm-none-eabi/12.3.1/../../../../arm-none-eabi/lib/thumb/v7e-m+fp/hard\libc_nano.a(libc_a-puts.o)
                              ./Core/Src/main.o (puts)
[...]
Memory Configuration

Name             Origin             Length             Attributes
RAM              0x20000000         0x00018000         xrw
RAM2             0x10000000         0x00008000         xrw
FLASH            0x08000000         0x00100000         xr
*default*        0x00000000         0xffffffff

Linker script and memory map

LOAD C:/ST/STM32CubeIDE_1.16.0/STM32CubeIDE/plugins/com.st.stm32cube.ide.mcu.externaltools.gnu-tools-for-stm32.12.3.rel1.win32_1.0.200.202406191623/tools/bin/../lib/gcc/arm-none-eabi/12.3.1/thumb/v7e-m+fp/hard/crti.o
LOAD C:/ST/STM32CubeIDE_1.16.0/STM32CubeIDE/plugins/com.st.stm32cube.ide.mcu.externaltools.gnu-tools-for-stm32.12.3.rel1.win32_1.0.200.202406191623/tools/bin/../lib/gcc/arm-none-eabi/12.3.1/thumb/v7e-m+fp/hard/crtbegin.o
LOAD C:/ST/STM32CubeIDE_1.16.0/STM32CubeIDE/plugins/com.st.stm32cube.ide.mcu.externaltools.gnu-tools-for-stm32.12.3.rel1.win32_1.0.200.202406191623/tools/bin/../lib/gcc/arm-none-eabi/12.3.1/../../../../arm-none-eabi/lib/thumb/v7e-m+fp/hard/crt0.o
LOAD ./Core/Src/adc_handler.o
LOAD ./Core/Src/bsp.o
LOAD ./Core/Src/led_handler.o
LOAD ./Core/Src/main.o
LOAD ./Core/Src/pdu.o
LOAD ./Core/Src/retarget.o
LOAD ./Core/Src/stm32l4xx_hal_msp.o
LOAD ./Core/Src/stm32l4xx_it.o
LOAD ./Core/Src/syscalls.o
LOAD ./Core/Src/sysmem.o
LOAD ./Core/Src/system_stm32l4xx.o
LOAD ./Core/Src/tasks.o
LOAD ./Core/Src/uart_handler.o
LOAD ./Core/Startup/startup_stm32l476rgtx.o
LOAD ./Drivers/STM32L4xx_HAL_Driver/Src/stm32l4xx_hal.o
LOAD ./Drivers/STM32L4xx_HAL_Driver/Src/stm32l4xx_hal_adc.o
LOAD ./Drivers/STM32L4xx_HAL_Driver/Src/stm32l4xx_hal_adc_ex.o
LOAD ./Drivers/STM32L4xx_HAL_Driver/Src/stm32l4xx_hal_cortex.o
LOAD ./Drivers/STM32L4xx_HAL_Driver/Src/stm32l4xx_hal_dma.o
LOAD ./Drivers/STM32L4xx_HAL_Driver/Src/stm32l4xx_hal_dma_ex.o
LOAD ./Drivers/STM32L4xx_HAL_Driver/Src/stm32l4xx_hal_exti.o
LOAD ./Drivers/STM32L4xx_HAL_Driver/Src/stm32l4xx_hal_flash.o
LOAD ./Drivers/STM32L4xx_HAL_Driver/Src/stm32l4xx_hal_flash_ex.o
LOAD ./Drivers/STM32L4xx_HAL_Driver/Src/stm32l4xx_hal_flash_ramfunc.o
LOAD ./Drivers/STM32L4xx_HAL_Driver/Src/stm32l4xx_hal_gpio.o
LOAD ./Drivers/STM32L4xx_HAL_Driver/Src/stm32l4xx_hal_i2c.o
LOAD ./Drivers/STM32L4xx_HAL_Driver/Src/stm32l4xx_hal_i2c_ex.o
LOAD ./Drivers/STM32L4xx_HAL_Driver/Src/stm32l4xx_hal_pwr.o
LOAD ./Drivers/STM32L4xx_HAL_Driver/Src/stm32l4xx_hal_pwr_ex.o
LOAD ./Drivers/STM32L4xx_HAL_Driver/Src/stm32l4xx_hal_rcc.o
LOAD ./Drivers/STM32L4xx_HAL_Driver/Src/stm32l4xx_hal_rcc_ex.o
LOAD ./Drivers/STM32L4xx_HAL_Driver/Src/stm32l4xx_hal_tim.o
LOAD ./Drivers/STM32L4xx_HAL_Driver/Src/stm32l4xx_hal_tim_ex.o
LOAD ./Drivers/STM32L4xx_HAL_Driver/Src/stm32l4xx_hal_uart.o
LOAD ./Drivers/STM32L4xx_HAL_Driver/Src/stm32l4xx_hal_uart_ex.o
LOAD ./Middlewares/uCOSII/Cfg/Template/app_hooks.o
LOAD ./Middlewares/uCOSII/Ports/ARM-Cortex-M/ARMv7-M/GNU/os_cpu_a.o
LOAD ./Middlewares/uCOSII/Ports/ARM-Cortex-M/ARMv7-M/GNU/os_cpu_c.o
LOAD ./Middlewares/uCOSII/Ports/ARM-Cortex-M/ARMv7-M/GNU/os_dbg.o
LOAD ./Middlewares/uCOSII/Source/os_core.o
LOAD ./Middlewares/uCOSII/Source/os_flag.o
LOAD ./Middlewares/uCOSII/Source/os_mbox.o
LOAD ./Middlewares/uCOSII/Source/os_mem.o
LOAD ./Middlewares/uCOSII/Source/os_mutex.o
LOAD ./Middlewares/uCOSII/Source/os_q.o
LOAD ./Middlewares/uCOSII/Source/os_sem.o
LOAD ./Middlewares/uCOSII/Source/os_task.o
LOAD ./Middlewares/uCOSII/Source/os_time.o
LOAD ./Middlewares/uCOSII/Source/os_tmr.o
LOAD ./Middlewares/uCOSII/Source/ucos_ii.o
START GROUP
LOAD C:/ST/STM32CubeIDE_1.16.0/STM32CubeIDE/plugins/com.st.stm32cube.ide.mcu.externaltools.gnu-tools-for-stm32.12.3.rel1.win32_1.0.200.202406191623/tools/bin/../lib/gcc/arm-none-eabi/12.3.1/../../../../arm-none-eabi/lib/thumb/v7e-m+fp/hard\libc_nano.a
LOAD C:/ST/STM32CubeIDE_1.16.0/STM32CubeIDE/plugins/com.st.stm32cube.ide.mcu.externaltools.gnu-tools-for-stm32.12.3.rel1.win32_1.0.200.202406191623/tools/bin/../lib/gcc/arm-none-eabi/12.3.1/../../../../arm-none-eabi/lib/thumb/v7e-m+fp/hard\libm.a
END GROUP
START GROUP
LOAD C:/ST/STM32CubeIDE_1.16.0/STM32CubeIDE/plugins/com.st.stm32cube.ide.mcu.externaltools.gnu-tools-for-stm32.12.3.rel1.win32_1.0.200.202406191623/tools/bin/../lib/gcc/arm-none-eabi/12.3.1/thumb/v7e-m+fp/hard\libgcc.a
LOAD C:/ST/STM32CubeIDE_1.16.0/STM32CubeIDE/plugins/com.st.stm32cube.ide.mcu.externaltools.gnu-tools-for-stm32.12.3.rel1.win32_1.0.200.202406191623/tools/bin/../lib/gcc/arm-none-eabi/12.3.1/../../../../arm-none-eabi/lib/thumb/v7e-m+fp/hard\libc_nano.a
END GROUP
START GROUP
LOAD C:/ST/STM32CubeIDE_1.16.0/STM32CubeIDE/plugins/com.st.stm32cube.ide.mcu.externaltools.gnu-tools-for-stm32.12.3.rel1.win32_1.0.200.202406191623/tools/bin/../lib/gcc/arm-none-eabi/12.3.1/thumb/v7e-m+fp/hard\libgcc.a
LOAD C:/ST/STM32CubeIDE_1.16.0/STM32CubeIDE/plugins/com.st.stm32cube.ide.mcu.externaltools.gnu-tools-for-stm32.12.3.rel1.win32_1.0.200.202406191623/tools/bin/../lib/gcc/arm-none-eabi/12.3.1/../../../../arm-none-eabi/lib/thumb/v7e-m+fp/hard\libc_nano.a
LOAD C:/ST/STM32CubeIDE_1.16.0/STM32CubeIDE/plugins/com.st.stm32cube.ide.mcu.externaltools.gnu-tools-for-stm32.12.3.rel1.win32_1.0.200.202406191623/tools/bin/../lib/gcc/arm-none-eabi/12.3.1/../../../../arm-none-eabi/lib/thumb/v7e-m+fp/hard\libnosys.a
END GROUP
START GROUP
LOAD C:/ST/STM32CubeIDE_1.16.0/STM32CubeIDE/plugins/com.st.stm32cube.ide.mcu.externaltools.gnu-tools-for-stm32.12.3.rel1.win32_1.0.200.202406191623/tools/bin/../lib/gcc/arm-none-eabi/12.3.1/thumb/v7e-m+fp/hard\libgcc.a
LOAD C:/ST/STM32CubeIDE_1.16.0/STM32CubeIDE/plugins/com.st.stm32cube.ide.mcu.externaltools.gnu-tools-for-stm32.12.3.rel1.win32_1.0.200.202406191623/tools/bin/../lib/gcc/arm-none-eabi/12.3.1/../../../../arm-none-eabi/lib/thumb/v7e-m+fp/hard\libc_nano.a
LOAD C:/ST/STM32CubeIDE_1.16.0/STM32CubeIDE/plugins/com.st.stm32cube.ide.mcu.externaltools.gnu-tools-for-stm32.12.3.rel1.win32_1.0.200.202406191623/tools/bin/../lib/gcc/arm-none-eabi/12.3.1/../../../../arm-none-eabi/lib/thumb/v7e-m+fp/hard\libnosys.a
END GROUP
LOAD C:/ST/STM32CubeIDE_1.16.0/STM32CubeIDE/plugins/com.st.stm32cube.ide.mcu.externaltools.gnu-tools-for-stm32.12.3.rel1.win32_1.0.200.202406191623/tools/bin/../lib/gcc/arm-none-eabi/12.3.1/thumb/v7e-m+fp/hard/crtend.o
LOAD C:/ST/STM32CubeIDE_1.16.0/STM32CubeIDE/plugins/com.st.stm32cube.ide.mcu.externaltools.gnu-tools-for-stm32.12.3.rel1.win32_1.0.200.202406191623/tools/bin/../lib/gcc/arm-none-eabi/12.3.1/thumb/v7e-m+fp/hard/crtn.o
                0x20018000                        _estack = (ORIGIN (RAM) + LENGTH (RAM))
                0x00000200                        _Min_Heap_Size = 0x200
                0x00000400                        _Min_Stack_Size = 0x400

.isr_vector     0x08000000      0x188
                0x08000000                        . = ALIGN (0x4)
 *(.isr_vector)
 .isr_vector    0x08000000      0x188 ./Core/Startup/startup_stm32l476rgtx.o
                0x08000000                g_pfnVectors
                0x08000188                        . = ALIGN (0x4)

.text           0x08000190     0xd144
                0x08000190                        . = ALIGN (0x4)
 *(.text)
 .text          0x08000190       0x40 C:/ST/STM32CubeIDE_1.16.0/STM32CubeIDE/plugins/com.st.stm32cube.ide.mcu.externaltools.gnu-tools-for-stm32.12.3.rel1.win32_1.0.200.202406191623/tools/bin/../lib/gcc/arm-none-eabi/12.3.1/thumb/v7e-m+fp/hard/crtbegin.o
 .text          0x080001d0      0x160 ./Middlewares/uCOSII/Ports/ARM-Cortex-M/ARMv7-M/GNU/os_cpu_a.o
                0x080001d0                OS_CPU_FP_Reg_Push
                0x080001e2                OS_CPU_FP_Reg_Pop
                0x080001ee                OS_CPU_SR_Save
                0x0800020a                OS_CPU_SR_Restore
                0x0800021c                OSStartHighRdy
                0x0800029c                OSIntCtxSw
                0x0800029c                OSCtxSw
                0x080002a6                OS_CPU_PendSVHandler
 .text          0x08000330       0xa0 C:/ST/STM32CubeIDE_1.16.0/STM32CubeIDE/plugins/com.st.stm32cube.ide.mcu.externaltools.gnu-tools-for-stm32.12.3.rel1.win32_1.0.200.202406191623/tools/bin/../lib/gcc/arm-none-eabi/12.3.1/../../../../arm-none-eabi/lib/thumb/v7e-m+fp/hard\libc_nano.a(libc_a-memchr.o)
                0x08000330                memchr
 .text          0x080003d0       0x10 C:/ST/STM32CubeIDE_1.16.0/STM32CubeIDE/plugins/com.st.stm32cube.ide.mcu.externaltools.gnu-tools-for-stm32.12.3.rel1.win32_1.0.200.202406191623/tools/bin/../lib/gcc/arm-none-eabi/12.3.1/../../../../arm-none-eabi/lib/thumb/v7e-m+fp/hard\libc_nano.a(libc_a-strlen.o)
                0x080003d0                strlen
 .text          0x080003e0      0x378 C:/ST/STM32CubeIDE_1.16.0/STM32CubeIDE/plugins/com.st.stm32cube.ide.mcu.externaltools.gnu-tools-for-stm32.12.3.rel1.win32_1.0.200.202406191623/tools/bin/../lib/gcc/arm-none-eabi/12.3.1/thumb/v7e-m+fp/hard\libgcc.a(_arm_addsubdf3.o)
                0x080003e0                __aeabi_drsub
                0x080003e8                __aeabi_dsub
                0x080003e8                __subdf3
                0x080003ec                __aeabi_dadd
                0x080003ec                __adddf3
                0x08000664                __floatunsidf
                0x08000664                __aeabi_ui2d
                0x08000684                __floatsidf
                0x08000684                __aeabi_i2d
                0x080006a8                __aeabi_f2d
                0x080006a8                __extendsfdf2
                0x080006ec                __floatundidf
                0x080006ec                __aeabi_ul2d
                0x080006fc                __floatdidf
                0x080006fc                __aeabi_l2d
 .text          0x08000758      0x424 C:/ST/STM32CubeIDE_1.16.0/STM32CubeIDE/plugins/com.st.stm32cube.ide.mcu.externaltools.gnu-tools-for-stm32.12.3.rel1.win32_1.0.200.202406191623/tools/bin/../lib/gcc/arm-none-eabi/12.3.1/thumb/v7e-m+fp/hard\libgcc.a(_arm_muldivdf3.o)
                0x08000758                __aeabi_dmul
                0x08000758                __muldf3
                0x080009ac                __divdf3
                0x080009ac                __aeabi_ddiv
 .text          0x08000b7c      0x110 C:/ST/STM32CubeIDE_1.16.0/STM32CubeIDE/plugins/com.st.stm32cube.ide.mcu.externaltools.gnu-tools-for-stm32.12.3.rel1.win32_1.0.200.202406191623/tools/bin/../lib/gcc/arm-none-eabi/12.3.1/thumb/v7e-m+fp/hard\libgcc.a(_arm_cmpdf2.o)
                0x08000b7c                __gtdf2
                0x08000b7c                __gedf2
                0x08000b84                __ltdf2
                0x08000b84                __ledf2
                0x08000b8c                __nedf2
                0x08000b8c                __eqdf2
                0x08000b8c                __cmpdf2
                0x08000c08                __aeabi_cdrcmple
                0x08000c18                __aeabi_cdcmpeq
                0x08000c18                __aeabi_cdcmple
                0x08000c28                __aeabi_dcmpeq
                0x08000c3c                __aeabi_dcmplt
                0x08000c50                __aeabi_dcmple
                0x08000c64                __aeabi_dcmpge
                0x08000c78                __aeabi_dcmpgt
 .text          0x08000c8c       0x2c C:/ST/STM32CubeIDE_1.16.0/STM32CubeIDE/plugins/com.st.stm32cube.ide.mcu.externaltools.gnu-tools-for-stm32.12.3.rel1.win32_1.0.200.202406191623/tools/bin/../lib/gcc/arm-none-eabi/12.3.1/thumb/v7e-m+fp/hard\libgcc.a(_arm_unorddf2.o)
                0x08000c8c                __unorddf2
                0x08000c8c                __aeabi_dcmpun
 .text          0x08000cb8       0x50 C:/ST/STM32CubeIDE_1.16.0/STM32CubeIDE/plugins/com.st.stm32cube.ide.mcu.externaltools.gnu-tools-for-stm32.12.3.rel1.win32_1.0.200.202406191623/tools/bin/../lib/gcc/arm-none-eabi/12.3.1/thumb/v7e-m+fp/hard\libgcc.a(_arm_fixdfsi.o)
                0x08000cb8                __aeabi_d2iz
                0x08000cb8                __fixdfsi
 .text          0x08000d08       0xa0 C:/ST/STM32CubeIDE_1.16.0/STM32CubeIDE/plugins/com.st.stm32cube.ide.mcu.externaltools.gnu-tools-for-stm32.12.3.rel1.win32_1.0.200.202406191623/tools/bin/../lib/gcc/arm-none-eabi/12.3.1/thumb/v7e-m+fp/hard\libgcc.a(_arm_truncdfsf2.o)
                0x08000d08                __truncdfsf2
                0x08000d08                __aeabi_d2f
 .text          0x08000da8       0x30 C:/ST/STM32CubeIDE_1.16.0/STM32CubeIDE/plugins/com.st.stm32cube.ide.mcu.externaltools.gnu-tools-for-stm32.12.3.rel1.win32_1.0.200.202406191623/tools/bin/../lib/gcc/arm-none-eabi/12.3.1/thumb/v7e-m+fp/hard\libgcc.a(_aeabi_uldivmod.o)
                0x08000da8                __aeabi_uldivmod
 .text          0x08000dd8      0x2bc C:/ST/STM32CubeIDE_1.16.0/STM32CubeIDE/plugins/com.st.stm32cube.ide.mcu.externaltools.gnu-tools-for-stm32.12.3.rel1.win32_1.0.200.202406191623/tools/bin/../lib/gcc/arm-none-eabi/12.3.1/thumb/v7e-m+fp/hard\libgcc.a(_udivmoddi4.o)
                0x08000dd8                __udivmoddi4
 .text          0x08001094        0x4 C:/ST/STM32CubeIDE_1.16.0/STM32CubeIDE/plugins/com.st.stm32cube.ide.mcu.externaltools.gnu-tools-for-stm32.12.3.rel1.win32_1.0.200.202406191623/tools/bin/../lib/gcc/arm-none-eabi/12.3.1/thumb/v7e-m+fp/hard\libgcc.a(_dvmd_tls.o)
                0x08001094                __aeabi_idiv0
                0x08001094                __aeabi_ldiv0
 *(.text*)
 .text.OffsetAddtoTemp
                0x08001098       0x2e ./Core/Src/adc_handler.o
                0x08001098                OffsetAddtoTemp
 *fill*         0x080010c6        0x2 
 .text.SendTemperature
                0x080010c8       0x8c ./Core/Src/adc_handler.o
                0x080010c8                SendTemperature
 .text.tempfunction
                0x08001154       0xd4 ./Core/Src/adc_handler.o
                0x08001154                tempfunction
 .text.SystemClock_Config
                0x08001228       0xa2 ./Core/Src/bsp.o
                0x08001228                SystemClock_Config
 *fill*         0x080012ca        0x2 
 .text.MX_ADC3_Init
                0x080012cc       0xb4 ./Core/Src/bsp.o
                0x080012cc                MX_ADC3_Init
 .text.MX_USART2_UART_Init
                0x08001380       0x54 ./Core/Src/bsp.o
                0x08001380                MX_USART2_UART_Init
 .text.MX_GPIO_Init
                0x080013d4       0xdc ./Core/Src/bsp.o
                0x080013d4                MX_GPIO_Init
 .text.LEDBlink
                0x080014b0       0x56 ./Core/Src/led_handler.o
                0x080014b0                LEDBlink
 *fill*         0x08001506        0x2 
 .text.main     0x08001508      0x1c4 ./Core/Src/main.o
                0x08001508                main
 .text.HAL_GPIO_EXTI_Callback
                0x080016cc       0x30 ./Core/Src/main.o
                0x080016cc                HAL_GPIO_EXTI_Callback
 .text.Error_Handler
                0x080016fc        0xc ./Core/Src/main.o
                0x080016fc                Error_Handler
 .text.validate_pdu_header
                0x08001708       0x22 ./Core/Src/pdu.o
                0x08001708                validate_pdu_header
 .text.validate_led_payload
                0x0800172a       0x30 ./Core/Src/pdu.o
                0x0800172a                validate_led_payload
 .text.validate_adc_payload
                0x0800175a       0x22 ./Core/Src/pdu.o
                0x0800175a                validate_adc_payload
 .text.process_received_pdu
                0x0800177c       0xb4 ./Core/Src/pdu.o
                0x0800177c                process_received_pdu
 .text.SendPositiveResponse
                0x08001830       0x74 ./Core/Src/pdu.o
                0x08001830                SendPositiveResponse
 .text.SendNegativeResponse
                0x080018a4       0x74 ./Core/Src/pdu.o
                0x080018a4                SendNegativeResponse
 .text.RetargetInit
                0x08001918       0x30 ./Core/Src/retarget.o
                0x08001918                RetargetInit
 .text._isatty  0x08001948       0x2c ./Core/Src/retarget.o
                0x08001948                _isatty
 .text._write   0x08001974       0x58 ./Core/Src/retarget.o
                0x08001974                _write
 .text._close   0x080019cc       0x2e ./Core/Src/retarget.o
                0x080019cc                _close
 *fill*         0x080019fa        0x2 
 .text._read    0x080019fc       0x50 ./Core/Src/retarget.o
                0x080019fc                _read
 .text._fstat   0x08001a4c       0x36 ./Core/Src/retarget.o
                0x08001a4c                _fstat
 *fill*         0x08001a82        0x2 
 .text.HAL_MspInit
                0x08001a84       0x48 ./Core/Src/stm32l4xx_hal_msp.o
                0x08001a84                HAL_MspInit
 .text.HAL_ADC_MspInit
                0x08001acc       0x98 ./Core/Src/stm32l4xx_hal_msp.o
                0x08001acc                HAL_ADC_MspInit
 .text.HAL_UART_MspInit
                0x08001b64       0xc8 ./Core/Src/stm32l4xx_hal_msp.o
                0x08001b64                HAL_UART_MspInit
 .text.NMI_Handler
                0x08001c2c        0x8 ./Core/Src/stm32l4xx_it.o
                0x08001c2c                NMI_Handler
 .text.HardFault_Handler
                0x08001c34        0x8 ./Core/Src/stm32l4xx_it.o
                0x08001c34                HardFault_Handler
 .text.MemManage_Handler
                0x08001c3c        0x8 ./Core/Src/stm32l4xx_it.o
                0x08001c3c                MemManage_Handler
 .text.BusFault_Handler
                0x08001c44        0x8 ./Core/Src/stm32l4xx_it.o
                0x08001c44                BusFault_Handler
 .text.UsageFault_Handler
                0x08001c4c        0x8 ./Core/Src/stm32l4xx_it.o
                0x08001c4c                UsageFault_Handler
 .text.SVC_Handler
                0x08001c54        0xe ./Core/Src/stm32l4xx_it.o
                0x08001c54                SVC_Handler
 .text.DebugMon_Handler
                0x08001c62        0xe ./Core/Src/stm32l4xx_it.o
                0x08001c62                DebugMon_Handler
 .text.USART2_IRQHandler
                0x08001c70       0x14 ./Core/Src/stm32l4xx_it.o
                0x08001c70                USART2_IRQHandler
 .text.EXTI15_10_IRQHandler
                0x08001c84       0x10 ./Core/Src/stm32l4xx_it.o
                0x08001c84                EXTI15_10_IRQHandler
 .text.ADC3_IRQHandler
                0x08001c94       0x14 ./Core/Src/stm32l4xx_it.o
                0x08001c94                ADC3_IRQHandler
 .text._getpid  0x08001ca8       0x10 ./Core/Src/syscalls.o
                0x08001ca8                _getpid
 .text._kill    0x08001cb8       0x20 ./Core/Src/syscalls.o
                0x08001cb8                _kill
 .text._exit    0x08001cd8       0x16 ./Core/Src/syscalls.o
                0x08001cd8                _exit
 .text._lseek   0x08001cee       0x1a ./Core/Src/syscalls.o
                0x08001cee                _lseek
 .text._sbrk    0x08001d08       0x6c ./Core/Src/sysmem.o
                0x08001d08                _sbrk
 .text.SystemInit
                0x08001d74       0x24 ./Core/Src/system_stm32l4xx.o
                0x08001d74                SystemInit
 .text.TaskReceive
                0x08001d98       0xd4 ./Core/Src/tasks.o
                0x08001d98                TaskReceive
 .text.TaskTransmit
                0x08001e6c       0x64 ./Core/Src/tasks.o
                0x08001e6c                TaskTransmit
 .text.TaskPeriodic
                0x08001ed0       0x78 ./Core/Src/tasks.o
                0x08001ed0                TaskPeriodic
 .text.TaskButton
                0x08001f48       0x6c ./Core/Src/tasks.o
                0x08001f48                TaskButton
 .text.TaskLED  0x08001fb4       0x7c ./Core/Src/tasks.o
                0x08001fb4                TaskLED
 .text.TaskADC  0x08002030       0xbc ./Core/Src/tasks.o
                0x08002030                TaskADC
 .text.PrintTransmitted
                0x080020ec       0x78 ./Core/Src/uart_handler.o
                0x080020ec                PrintTransmitted
 .text.AsciiHexToByte
                0x08002164       0xc6 ./Core/Src/uart_handler.o
                0x08002164                AsciiHexToByte
 *fill*         0x0800222a        0x2 
 .text.HAL_UART_RxCpltCallback
                0x0800222c       0x44 ./Core/Src/uart_handler.o
                0x0800222c                HAL_UART_RxCpltCallback
 .text.Reset_Handler
                0x08002270       0x50 ./Core/Startup/startup_stm32l476rgtx.o
                0x08002270                Reset_Handler
 .text.Default_Handler
                0x080022c0        0x2 ./Core/Startup/startup_stm32l476rgtx.o
                0x080022c0                RTC_Alarm_IRQHandler
                0x080022c0                EXTI2_IRQHandler
                0x080022c0                TIM8_TRG_COM_IRQHandler
                0x080022c0                TIM8_CC_IRQHandler
                0x080022c0                TIM1_CC_IRQHandler
                0x080022c0                TSC_IRQHandler
                0x080022c0                TAMP_STAMP_IRQHandler
                0x080022c0                EXTI3_IRQHandler
                0x080022c0                LPTIM2_IRQHandler
                0x080022c0                DFSDM1_FLT1_IRQHandler
                0x080022c0                I2C3_ER_IRQHandler
                0x080022c0                DFSDM1_FLT2_IRQHandler
                0x080022c0                EXTI0_IRQHandler
                0x080022c0                I2C2_EV_IRQHandler
                0x080022c0                CAN1_RX0_IRQHandler
                0x080022c0                FPU_IRQHandler
                0x080022c0                TIM1_UP_TIM16_IRQHandler
                0x080022c0                ADC1_2_IRQHandler
                0x080022c0                SPI1_IRQHandler
                0x080022c0                TIM6_DAC_IRQHandler
                0x080022c0                TIM8_UP_IRQHandler
                0x080022c0                DMA2_Channel2_IRQHandler
                0x080022c0                DMA1_Channel4_IRQHandler
                0x080022c0                SAI2_IRQHandler
                0x080022c0                DFSDM1_FLT3_IRQHandler
                0x080022c0                USART3_IRQHandler
                0x080022c0                DMA1_Channel7_IRQHandler
                0x080022c0                CAN1_RX1_IRQHandler
                0x080022c0                LCD_IRQHandler
                0x080022c0                UART5_IRQHandler
                0x080022c0                TIM4_IRQHandler
                0x080022c0                DMA2_Channel1_IRQHandler
                0x080022c0                QUADSPI_IRQHandler
                0x080022c0                I2C1_EV_IRQHandler
                0x080022c0                DMA1_Channel6_IRQHandler
                0x080022c0                UART4_IRQHandler
                0x080022c0                DMA2_Channel4_IRQHandler
                0x080022c0                TIM3_IRQHandler
                0x080022c0                RCC_IRQHandler
                0x080022c0                DMA1_Channel1_IRQHandler
                0x080022c0                Default_Handler
                0x080022c0                DMA2_Channel7_IRQHandler
                0x080022c0                TIM7_IRQHandler
                0x080022c0                SDMMC1_IRQHandler
                0x080022c0                TIM5_IRQHandler
                0x080022c0                I2C3_EV_IRQHandler
                0x080022c0                EXTI9_5_IRQHandler
                0x080022c0                RTC_WKUP_IRQHandler
                0x080022c0                PVD_PVM_IRQHandler
                0x080022c0                SPI2_IRQHandler
                0x080022c0                CAN1_TX_IRQHandler
                0x080022c0                DMA2_Channel5_IRQHandler
                0x080022c0                DMA1_Channel5_IRQHandler
                0x080022c0                EXTI4_IRQHandler
                0x080022c0                RNG_IRQHandler
                0x080022c0                TIM1_TRG_COM_TIM17_IRQHandler
                0x080022c0                DMA1_Channel3_IRQHandler
                0x080022c0                COMP_IRQHandler
                0x080022c0                WWDG_IRQHandler
                0x080022c0                LPUART1_IRQHandler
                0x080022c0                DMA2_Channel6_IRQHandler
                0x080022c0                TIM2_IRQHandler
                0x080022c0                EXTI1_IRQHandler
                0x080022c0                DFSDM1_FLT0_IRQHandler
                0x080022c0                I2C2_ER_IRQHandler
                0x080022c0                DMA1_Channel2_IRQHandler
                0x080022c0                TIM8_BRK_IRQHandler
                0x080022c0                CAN1_SCE_IRQHandler
                0x080022c0                FLASH_IRQHandler
                0x080022c0                USART1_IRQHandler
                0x080022c0                OTG_FS_IRQHandler
                0x080022c0                SPI3_IRQHandler
                0x080022c0                I2C1_ER_IRQHandler
                0x080022c0                FMC_IRQHandler
                0x080022c0                SWPMI1_IRQHandler
                0x080022c0                LPTIM1_IRQHandler
                0x080022c0                SAI1_IRQHandler
                0x080022c0                DMA2_Channel3_IRQHandler
                0x080022c0                TIM1_BRK_TIM15_IRQHandler
 *fill*         0x080022c2        0x2 
 .text.HAL_Init
                0x080022c4       0x40 ./Drivers/STM32L4xx_HAL_Driver/Src/stm32l4xx_hal.o
                0x080022c4                HAL_Init
 .text.HAL_InitTick
                0x08002304       0x78 ./Drivers/STM32L4xx_HAL_Driver/Src/stm32l4xx_hal.o
                0x08002304                HAL_InitTick
 .text.HAL_GetTick
                0x0800237c       0x18 ./Drivers/STM32L4xx_HAL_Driver/Src/stm32l4xx_hal.o
                0x0800237c                HAL_GetTick
 .text.LL_ADC_SetCommonClock
                0x08002394       0x26 ./Drivers/STM32L4xx_HAL_Driver/Src/stm32l4xx_hal_adc.o
 .text.LL_ADC_SetCommonPathInternalCh
                0x080023ba       0x26 ./Drivers/STM32L4xx_HAL_Driver/Src/stm32l4xx_hal_adc.o
 .text.LL_ADC_GetCommonPathInternalCh
                0x080023e0       0x1c ./Drivers/STM32L4xx_HAL_Driver/Src/stm32l4xx_hal_adc.o
 .text.LL_ADC_SetOffset
                0x080023fc       0x48 ./Drivers/STM32L4xx_HAL_Driver/Src/stm32l4xx_hal_adc.o
 .text.LL_ADC_GetOffsetChannel
                0x08002444       0x2c ./Drivers/STM32L4xx_HAL_Driver/Src/stm32l4xx_hal_adc.o
 .text.LL_ADC_SetOffsetState
                0x08002470       0x36 ./Drivers/STM32L4xx_HAL_Driver/Src/stm32l4xx_hal_adc.o
 .text.LL_ADC_REG_IsTriggerSourceSWStart
                0x080024a6       0x26 ./Drivers/STM32L4xx_HAL_Driver/Src/stm32l4xx_hal_adc.o
 .text.LL_ADC_REG_SetSequencerRanks
                0x080024cc       0x58 ./Drivers/STM32L4xx_HAL_Driver/Src/stm32l4xx_hal_adc.o
 .text.LL_ADC_INJ_IsTriggerSourceSWStart
                0x08002524       0x26 ./Drivers/STM32L4xx_HAL_Driver/Src/stm32l4xx_hal_adc.o
 .text.LL_ADC_SetChannelSamplingTime
                0x0800254a       0x56 ./Drivers/STM32L4xx_HAL_Driver/Src/stm32l4xx_hal_adc.o
 .text.LL_ADC_SetChannelSingleDiff
                0x080025a0       0x48 ./Drivers/STM32L4xx_HAL_Driver/Src/stm32l4xx_hal_adc.o
 .text.LL_ADC_GetMultimode
                0x080025e8       0x1c ./Drivers/STM32L4xx_HAL_Driver/Src/stm32l4xx_hal_adc.o
 .text.LL_ADC_GetMultiDMATransfer
                0x08002604       0x1c ./Drivers/STM32L4xx_HAL_Driver/Src/stm32l4xx_hal_adc.o
 .text.LL_ADC_DisableDeepPowerDown
                0x08002620       0x24 ./Drivers/STM32L4xx_HAL_Driver/Src/stm32l4xx_hal_adc.o
 .text.LL_ADC_IsDeepPowerDownEnabled
                0x08002644       0x28 ./Drivers/STM32L4xx_HAL_Driver/Src/stm32l4xx_hal_adc.o
 .text.LL_ADC_EnableInternalRegulator
                0x0800266c       0x28 ./Drivers/STM32L4xx_HAL_Driver/Src/stm32l4xx_hal_adc.o
 .text.LL_ADC_IsInternalRegulatorEnabled
                0x08002694       0x28 ./Drivers/STM32L4xx_HAL_Driver/Src/stm32l4xx_hal_adc.o
 .text.LL_ADC_Enable
                0x080026bc       0x28 ./Drivers/STM32L4xx_HAL_Driver/Src/stm32l4xx_hal_adc.o
 .text.LL_ADC_Disable
                0x080026e4       0x28 ./Drivers/STM32L4xx_HAL_Driver/Src/stm32l4xx_hal_adc.o
 .text.LL_ADC_IsEnabled
                0x0800270c       0x26 ./Drivers/STM32L4xx_HAL_Driver/Src/stm32l4xx_hal_adc.o
 .text.LL_ADC_IsDisableOngoing
                0x08002732       0x26 ./Drivers/STM32L4xx_HAL_Driver/Src/stm32l4xx_hal_adc.o
 .text.LL_ADC_REG_StartConversion
                0x08002758       0x28 ./Drivers/STM32L4xx_HAL_Driver/Src/stm32l4xx_hal_adc.o
 .text.LL_ADC_REG_StopConversion
                0x08002780       0x28 ./Drivers/STM32L4xx_HAL_Driver/Src/stm32l4xx_hal_adc.o
 .text.LL_ADC_REG_IsConversionOngoing
                0x080027a8       0x26 ./Drivers/STM32L4xx_HAL_Driver/Src/stm32l4xx_hal_adc.o
 .text.LL_ADC_INJ_StopConversion
                0x080027ce       0x28 ./Drivers/STM32L4xx_HAL_Driver/Src/stm32l4xx_hal_adc.o
 .text.LL_ADC_INJ_IsConversionOngoing
                0x080027f6       0x26 ./Drivers/STM32L4xx_HAL_Driver/Src/stm32l4xx_hal_adc.o
 .text.HAL_ADC_Init
                0x0800281c      0x2a0 ./Drivers/STM32L4xx_HAL_Driver/Src/stm32l4xx_hal_adc.o
                0x0800281c                HAL_ADC_Init
 .text.HAL_ADC_Start
                0x08002abc      0x174 ./Drivers/STM32L4xx_HAL_Driver/Src/stm32l4xx_hal_adc.o
                0x08002abc                HAL_ADC_Start
 .text.HAL_ADC_Stop
                0x08002c30       0x66 ./Drivers/STM32L4xx_HAL_Driver/Src/stm32l4xx_hal_adc.o
                0x08002c30                HAL_ADC_Stop
 *fill*         0x08002c96        0x2 
 .text.HAL_ADC_PollForConversion
                0x08002c98      0x1b0 ./Drivers/STM32L4xx_HAL_Driver/Src/stm32l4xx_hal_adc.o
                0x08002c98                HAL_ADC_PollForConversion
 .text.HAL_ADC_GetValue
                0x08002e48       0x1a ./Drivers/STM32L4xx_HAL_Driver/Src/stm32l4xx_hal_adc.o
                0x08002e48                HAL_ADC_GetValue
 *fill*         0x08002e62        0x2 
 .text.HAL_ADC_IRQHandler
                0x08002e64      0x434 ./Drivers/STM32L4xx_HAL_Driver/Src/stm32l4xx_hal_adc.o
                0x08002e64                HAL_ADC_IRQHandler
 .text.HAL_ADC_ConvCpltCallback
                0x08003298       0x14 ./Drivers/STM32L4xx_HAL_Driver/Src/stm32l4xx_hal_adc.o
                0x08003298                HAL_ADC_ConvCpltCallback
 .text.HAL_ADC_LevelOutOfWindowCallback
                0x080032ac       0x14 ./Drivers/STM32L4xx_HAL_Driver/Src/stm32l4xx_hal_adc.o
                0x080032ac                HAL_ADC_LevelOutOfWindowCallback
 .text.HAL_ADC_ErrorCallback
                0x080032c0       0x14 ./Drivers/STM32L4xx_HAL_Driver/Src/stm32l4xx_hal_adc.o
                0x080032c0                HAL_ADC_ErrorCallback
 .text.HAL_ADC_ConfigChannel
                0x080032d4      0x7e4 ./Drivers/STM32L4xx_HAL_Driver/Src/stm32l4xx_hal_adc.o
                0x080032d4                HAL_ADC_ConfigChannel
 .text.ADC_ConversionStop
                0x08003ab8      0x178 ./Drivers/STM32L4xx_HAL_Driver/Src/stm32l4xx_hal_adc.o
                0x08003ab8                ADC_ConversionStop
 .text.ADC_Enable
                0x08003c30      0x10c ./Drivers/STM32L4xx_HAL_Driver/Src/stm32l4xx_hal_adc.o
                0x08003c30                ADC_Enable
 .text.ADC_Disable
                0x08003d3c       0xbe ./Drivers/STM32L4xx_HAL_Driver/Src/stm32l4xx_hal_adc.o
                0x08003d3c                ADC_Disable
 .text.LL_ADC_StartCalibration
                0x08003dfa       0x32 ./Drivers/STM32L4xx_HAL_Driver/Src/stm32l4xx_hal_adc_ex.o
 .text.LL_ADC_IsCalibrationOnGoing
                0x08003e2c       0x28 ./Drivers/STM32L4xx_HAL_Driver/Src/stm32l4xx_hal_adc_ex.o
 .text.HAL_ADCEx_Calibration_Start
                0x08003e54       0xc0 ./Drivers/STM32L4xx_HAL_Driver/Src/stm32l4xx_hal_adc_ex.o
                0x08003e54                HAL_ADCEx_Calibration_Start
 .text.HAL_ADCEx_InjectedConvCpltCallback
                0x08003f14       0x14 ./Drivers/STM32L4xx_HAL_Driver/Src/stm32l4xx_hal_adc_ex.o
                0x08003f14                HAL_ADCEx_InjectedConvCpltCallback
 .text.HAL_ADCEx_InjectedQueueOverflowCallback
                0x08003f28       0x14 ./Drivers/STM32L4xx_HAL_Driver/Src/stm32l4xx_hal_adc_ex.o
                0x08003f28                HAL_ADCEx_InjectedQueueOverflowCallback
 .text.HAL_ADCEx_LevelOutOfWindow2Callback
                0x08003f3c       0x14 ./Drivers/STM32L4xx_HAL_Driver/Src/stm32l4xx_hal_adc_ex.o
                0x08003f3c                HAL_ADCEx_LevelOutOfWindow2Callback
 .text.HAL_ADCEx_LevelOutOfWindow3Callback
                0x08003f50       0x14 ./Drivers/STM32L4xx_HAL_Driver/Src/stm32l4xx_hal_adc_ex.o
                0x08003f50                HAL_ADCEx_LevelOutOfWindow3Callback
 .text.HAL_ADCEx_EndOfSamplingCallback
                0x08003f64       0x14 ./Drivers/STM32L4xx_HAL_Driver/Src/stm32l4xx_hal_adc_ex.o
                0x08003f64                HAL_ADCEx_EndOfSamplingCallback
 .text.__NVIC_SetPriorityGrouping
                0x08003f78       0x48 ./Drivers/STM32L4xx_HAL_Driver/Src/stm32l4xx_hal_cortex.o
 .text.__NVIC_GetPriorityGrouping
                0x08003fc0       0x1c ./Drivers/STM32L4xx_HAL_Driver/Src/stm32l4xx_hal_cortex.o
 .text.__NVIC_EnableIRQ
                0x08003fdc       0x3c ./Drivers/STM32L4xx_HAL_Driver/Src/stm32l4xx_hal_cortex.o
 .text.__NVIC_SetPriority
                0x08004018       0x54 ./Drivers/STM32L4xx_HAL_Driver/Src/stm32l4xx_hal_cortex.o
 .text.NVIC_EncodePriority
                0x0800406c       0x66 ./Drivers/STM32L4xx_HAL_Driver/Src/stm32l4xx_hal_cortex.o
 *fill*         0x080040d2        0x2 
 .text.SysTick_Config
                0x080040d4       0x44 ./Drivers/STM32L4xx_HAL_Driver/Src/stm32l4xx_hal_cortex.o
 .text.HAL_NVIC_SetPriorityGrouping
                0x08004118       0x16 ./Drivers/STM32L4xx_HAL_Driver/Src/stm32l4xx_hal_cortex.o
                0x08004118                HAL_NVIC_SetPriorityGrouping
 .text.HAL_NVIC_SetPriority
                0x0800412e       0x38 ./Drivers/STM32L4xx_HAL_Driver/Src/stm32l4xx_hal_cortex.o
                0x0800412e                HAL_NVIC_SetPriority
 .text.HAL_NVIC_EnableIRQ
                0x08004166       0x1c ./Drivers/STM32L4xx_HAL_Driver/Src/stm32l4xx_hal_cortex.o
                0x08004166                HAL_NVIC_EnableIRQ
 .text.HAL_SYSTICK_Config
                0x08004182       0x18 ./Drivers/STM32L4xx_HAL_Driver/Src/stm32l4xx_hal_cortex.o
                0x08004182                HAL_SYSTICK_Config
 .text.HAL_DMA_Abort
                0x0800419a       0x7c ./Drivers/STM32L4xx_HAL_Driver/Src/stm32l4xx_hal_dma.o
                0x0800419a                HAL_DMA_Abort
 .text.HAL_DMA_Abort_IT
                0x08004216       0x82 ./Drivers/STM32L4xx_HAL_Driver/Src/stm32l4xx_hal_dma.o
                0x08004216                HAL_DMA_Abort_IT
 .text.HAL_GPIO_Init
                0x08004298      0x354 ./Drivers/STM32L4xx_HAL_Driver/Src/stm32l4xx_hal_gpio.o
                0x08004298                HAL_GPIO_Init
 .text.HAL_GPIO_WritePin
                0x080045ec       0x30 ./Drivers/STM32L4xx_HAL_Driver/Src/stm32l4xx_hal_gpio.o
                0x080045ec                HAL_GPIO_WritePin
 .text.HAL_GPIO_TogglePin
                0x0800461c       0x34 ./Drivers/STM32L4xx_HAL_Driver/Src/stm32l4xx_hal_gpio.o
                0x0800461c                HAL_GPIO_TogglePin
 .text.HAL_GPIO_EXTI_IRQHandler
                0x08004650       0x30 ./Drivers/STM32L4xx_HAL_Driver/Src/stm32l4xx_hal_gpio.o
                0x08004650                HAL_GPIO_EXTI_IRQHandler
 .text.HAL_PWREx_GetVoltageRange
                0x08004680       0x1c ./Drivers/STM32L4xx_HAL_Driver/Src/stm32l4xx_hal_pwr_ex.o
                0x08004680                HAL_PWREx_GetVoltageRange
 .text.HAL_PWREx_ControlVoltageScaling
                0x0800469c       0xac ./Drivers/STM32L4xx_HAL_Driver/Src/stm32l4xx_hal_pwr_ex.o
                0x0800469c                HAL_PWREx_ControlVoltageScaling
 .text.HAL_RCC_OscConfig
                0x08004748      0x7b8 ./Drivers/STM32L4xx_HAL_Driver/Src/stm32l4xx_hal_rcc.o
                0x08004748                HAL_RCC_OscConfig
 .text.HAL_RCC_ClockConfig
                0x08004f00      0x200 ./Drivers/STM32L4xx_HAL_Driver/Src/stm32l4xx_hal_rcc.o
                0x08004f00                HAL_RCC_ClockConfig
 .text.HAL_RCC_GetSysClockFreq
                0x08005100      0x118 ./Drivers/STM32L4xx_HAL_Driver/Src/stm32l4xx_hal_rcc.o
                0x08005100                HAL_RCC_GetSysClockFreq
 .text.HAL_RCC_GetHCLKFreq
                0x08005218       0x18 ./Drivers/STM32L4xx_HAL_Driver/Src/stm32l4xx_hal_rcc.o
                0x08005218                HAL_RCC_GetHCLKFreq
 .text.HAL_RCC_GetPCLK1Freq
                0x08005230       0x2c ./Drivers/STM32L4xx_HAL_Driver/Src/stm32l4xx_hal_rcc.o
                0x08005230                HAL_RCC_GetPCLK1Freq
 .text.HAL_RCC_GetPCLK2Freq
                0x0800525c       0x2c ./Drivers/STM32L4xx_HAL_Driver/Src/stm32l4xx_hal_rcc.o
                0x0800525c                HAL_RCC_GetPCLK2Freq
 .text.RCC_SetFlashLatencyFromMSIRange
                0x08005288       0xc0 ./Drivers/STM32L4xx_HAL_Driver/Src/stm32l4xx_hal_rcc.o
 .text.HAL_RCCEx_PeriphCLKConfig
                0x08005348      0x5d4 ./Drivers/STM32L4xx_HAL_Driver/Src/stm32l4xx_hal_rcc_ex.o
                0x08005348                HAL_RCCEx_PeriphCLKConfig
 .text.RCCEx_PLLSAI1_Config
                0x0800591c      0x1e8 ./Drivers/STM32L4xx_HAL_Driver/Src/stm32l4xx_hal_rcc_ex.o
 .text.RCCEx_PLLSAI2_Config
                0x08005b04      0x1bc ./Drivers/STM32L4xx_HAL_Driver/Src/stm32l4xx_hal_rcc_ex.o
 .text.HAL_UART_Init
                0x08005cc0       0x9c ./Drivers/STM32L4xx_HAL_Driver/Src/stm32l4xx_hal_uart.o
                0x08005cc0                HAL_UART_Init
 .text.HAL_UART_Transmit
                0x08005d5c      0x112 ./Drivers/STM32L4xx_HAL_Driver/Src/stm32l4xx_hal_uart.o
                0x08005d5c                HAL_UART_Transmit
 .text.HAL_UART_Receive
                0x08005e6e      0x192 ./Drivers/STM32L4xx_HAL_Driver/Src/stm32l4xx_hal_uart.o
                0x08005e6e                HAL_UART_Receive
 .text.HAL_UART_Receive_IT
                0x08006000       0x98 ./Drivers/STM32L4xx_HAL_Driver/Src/stm32l4xx_hal_uart.o
                0x08006000                HAL_UART_Receive_IT
 .text.HAL_UART_IRQHandler
                0x08006098      0x60c ./Drivers/STM32L4xx_HAL_Driver/Src/stm32l4xx_hal_uart.o
                0x08006098                HAL_UART_IRQHandler
 .text.HAL_UART_TxCpltCallback
                0x080066a4       0x14 ./Drivers/STM32L4xx_HAL_Driver/Src/stm32l4xx_hal_uart.o
                0x080066a4                HAL_UART_TxCpltCallback
 .text.HAL_UART_ErrorCallback
                0x080066b8       0x14 ./Drivers/STM32L4xx_HAL_Driver/Src/stm32l4xx_hal_uart.o
                0x080066b8                HAL_UART_ErrorCallback
 .text.HAL_UARTEx_RxEventCallback
                0x080066cc       0x18 ./Drivers/STM32L4xx_HAL_Driver/Src/stm32l4xx_hal_uart.o
                0x080066cc                HAL_UARTEx_RxEventCallback
 .text.UART_SetConfig
                0x080066e4      0x570 ./Drivers/STM32L4xx_HAL_Driver/Src/stm32l4xx_hal_uart.o
                0x080066e4                UART_SetConfig
 .text.UART_AdvFeatureConfig
                0x08006c54      0x144 ./Drivers/STM32L4xx_HAL_Driver/Src/stm32l4xx_hal_uart.o
                0x08006c54                UART_AdvFeatureConfig
 .text.UART_CheckIdleState
                0x08006d98      0x150 ./Drivers/STM32L4xx_HAL_Driver/Src/stm32l4xx_hal_uart.o
                0x08006d98                UART_CheckIdleState
 .text.UART_WaitOnFlagUntilTimeout
                0x08006ee8       0xda ./Drivers/STM32L4xx_HAL_Driver/Src/stm32l4xx_hal_uart.o
                0x08006ee8                UART_WaitOnFlagUntilTimeout
 *fill*         0x08006fc2        0x2 
 .text.UART_Start_Receive_IT
                0x08006fc4      0x18c ./Drivers/STM32L4xx_HAL_Driver/Src/stm32l4xx_hal_uart.o
                0x08006fc4                UART_Start_Receive_IT
 .text.UART_EndRxTransfer
                0x08007150       0xc8 ./Drivers/STM32L4xx_HAL_Driver/Src/stm32l4xx_hal_uart.o
 .text.UART_DMAAbortOnError
                0x08007218       0x24 ./Drivers/STM32L4xx_HAL_Driver/Src/stm32l4xx_hal_uart.o
 .text.UART_EndTransmit_IT
                0x0800723c       0x54 ./Drivers/STM32L4xx_HAL_Driver/Src/stm32l4xx_hal_uart.o
 .text.UART_RxISR_8BIT
                0x08007290      0x1bc ./Drivers/STM32L4xx_HAL_Driver/Src/stm32l4xx_hal_uart.o
 .text.UART_RxISR_16BIT
                0x0800744c      0x1bc ./Drivers/STM32L4xx_HAL_Driver/Src/stm32l4xx_hal_uart.o
 .text.HAL_UARTEx_WakeupCallback
                0x08007608       0x14 ./Drivers/STM32L4xx_HAL_Driver/Src/stm32l4xx_hal_uart_ex.o
                0x08007608                HAL_UARTEx_WakeupCallback
 .text.App_TaskCreateHook
                0x0800761c       0x14 ./Middlewares/uCOSII/Cfg/Template/app_hooks.o
                0x0800761c                App_TaskCreateHook
 .text.App_TaskDelHook
                0x08007630       0x14 ./Middlewares/uCOSII/Cfg/Template/app_hooks.o
                0x08007630                App_TaskDelHook
 .text.App_TaskIdleHook
                0x08007644        0xe ./Middlewares/uCOSII/Cfg/Template/app_hooks.o
                0x08007644                App_TaskIdleHook
 .text.App_TaskStatHook
                0x08007652        0xe ./Middlewares/uCOSII/Cfg/Template/app_hooks.o
                0x08007652                App_TaskStatHook
 .text.App_TaskReturnHook
                0x08007660       0x14 ./Middlewares/uCOSII/Cfg/Template/app_hooks.o
                0x08007660                App_TaskReturnHook
 .text.App_TaskSwHook
                0x08007674        0xe ./Middlewares/uCOSII/Cfg/Template/app_hooks.o
                0x08007674                App_TaskSwHook
 .text.App_TCBInitHook
                0x08007682       0x14 ./Middlewares/uCOSII/Cfg/Template/app_hooks.o
                0x08007682                App_TCBInitHook
 .text.App_TimeTickHook
                0x08007696        0xe ./Middlewares/uCOSII/Cfg/Template/app_hooks.o
                0x08007696                App_TimeTickHook
 .text.OSInitHookBegin
                0x080076a4       0x84 ./Middlewares/uCOSII/Ports/ARM-Cortex-M/ARMv7-M/GNU/os_cpu_c.o
                0x080076a4                OSInitHookBegin
 .text.OSInitHookEnd
                0x08007728        0xe ./Middlewares/uCOSII/Ports/ARM-Cortex-M/ARMv7-M/GNU/os_cpu_c.o
                0x08007728                OSInitHookEnd
 .text.OSTaskCreateHook
                0x08007736       0x16 ./Middlewares/uCOSII/Ports/ARM-Cortex-M/ARMv7-M/GNU/os_cpu_c.o
                0x08007736                OSTaskCreateHook
 .text.OSTaskDelHook
                0x0800774c       0x16 ./Middlewares/uCOSII/Ports/ARM-Cortex-M/ARMv7-M/GNU/os_cpu_c.o
                0x0800774c                OSTaskDelHook
 .text.OSTaskIdleHook
                0x08007762        0xc ./Middlewares/uCOSII/Ports/ARM-Cortex-M/ARMv7-M/GNU/os_cpu_c.o
                0x08007762                OSTaskIdleHook
 .text.OSTaskReturnHook
                0x0800776e       0x16 ./Middlewares/uCOSII/Ports/ARM-Cortex-M/ARMv7-M/GNU/os_cpu_c.o
                0x0800776e                OSTaskReturnHook
 .text.OSTaskStatHook
                0x08007784        0xc ./Middlewares/uCOSII/Ports/ARM-Cortex-M/ARMv7-M/GNU/os_cpu_c.o
                0x08007784                OSTaskStatHook
 .text.OSTaskStkInit
                0x08007790      0x320 ./Middlewares/uCOSII/Ports/ARM-Cortex-M/ARMv7-M/GNU/os_cpu_c.o
                0x08007790                OSTaskStkInit
 .text.OSTaskSwHook
                0x08007ab0       0x2c ./Middlewares/uCOSII/Ports/ARM-Cortex-M/ARMv7-M/GNU/os_cpu_c.o
                0x08007ab0                OSTaskSwHook
 .text.OSTCBInitHook
                0x08007adc       0x16 ./Middlewares/uCOSII/Ports/ARM-Cortex-M/ARMv7-M/GNU/os_cpu_c.o
                0x08007adc                OSTCBInitHook
 *fill*         0x08007af2        0x2 
 .text.OSTimeTickHook
                0x08007af4       0x30 ./Middlewares/uCOSII/Ports/ARM-Cortex-M/ARMv7-M/GNU/os_cpu_c.o
                0x08007af4                OSTimeTickHook
 .text.OS_CPU_SysTickHandler
                0x08007b24       0x28 ./Middlewares/uCOSII/Ports/ARM-Cortex-M/ARMv7-M/GNU/os_cpu_c.o
                0x08007b24                OS_CPU_SysTickHandler
 .text.OSDebugInit
                0x08007b4c      0x1dc ./Middlewares/uCOSII/Ports/ARM-Cortex-M/ARMv7-M/GNU/os_dbg.o
                0x08007b4c                OSDebugInit
 .text.OSEventNameSet
                0x08007d28       0x74 ./Middlewares/uCOSII/Source/os_core.o
                0x08007d28                OSEventNameSet
 .text.OSInit   0x08007d9c       0x3c ./Middlewares/uCOSII/Source/os_core.o
                0x08007d9c                OSInit
 .text.OSIntEnter
                0x08007dd8       0x34 ./Middlewares/uCOSII/Source/os_core.o
                0x08007dd8                OSIntEnter
 .text.OSIntExit
                0x08007e0c       0xa4 ./Middlewares/uCOSII/Source/os_core.o
                0x08007e0c                OSIntExit
 .text.OSSchedLock
                0x08007eb0       0x50 ./Middlewares/uCOSII/Source/os_core.o
                0x08007eb0                OSSchedLock
 .text.OSSchedUnlock
                0x08007f00       0x74 ./Middlewares/uCOSII/Source/os_core.o
                0x08007f00                OSSchedUnlock
 .text.OSStart  0x08007f74       0x50 ./Middlewares/uCOSII/Source/os_core.o
                0x08007f74                OSStart
 .text.OSTimeTick
                0x08007fc4      0x144 ./Middlewares/uCOSII/Source/os_core.o
                0x08007fc4                OSTimeTick
 .text.OS_Dummy
                0x08008108        0xe ./Middlewares/uCOSII/Source/os_core.o
                0x08008108                OS_Dummy
 *fill*         0x08008116        0x2 
 .text.OS_EventTaskRdy
                0x08008118       0xec ./Middlewares/uCOSII/Source/os_core.o
                0x08008118                OS_EventTaskRdy
 .text.OS_EventTaskWait
                0x08008204       0xb0 ./Middlewares/uCOSII/Source/os_core.o
                0x08008204                OS_EventTaskWait
 .text.OS_EventTaskRemove
                0x080082b4       0x66 ./Middlewares/uCOSII/Source/os_core.o
                0x080082b4                OS_EventTaskRemove
 .text.OS_EventTaskRemoveMulti
                0x0800831a       0x88 ./Middlewares/uCOSII/Source/os_core.o
                0x0800831a                OS_EventTaskRemoveMulti
 .text.OS_EventWaitListInit
                0x080083a2       0x38 ./Middlewares/uCOSII/Source/os_core.o
                0x080083a2                OS_EventWaitListInit
 *fill*         0x080083da        0x2 
 .text.OS_InitEventList
                0x080083dc       0x94 ./Middlewares/uCOSII/Source/os_core.o
 .text.OS_InitMisc
                0x08008470       0x7c ./Middlewares/uCOSII/Source/os_core.o
 .text.OS_InitRdyList
                0x080084ec       0x64 ./Middlewares/uCOSII/Source/os_core.o
 .text.OS_InitTaskIdle
                0x08008550       0x4c ./Middlewares/uCOSII/Source/os_core.o
 .text.OS_InitTaskStat
                0x0800859c       0x4c ./Middlewares/uCOSII/Source/os_core.o
 .text.OS_InitTCBList
                0x080085e8       0x9c ./Middlewares/uCOSII/Source/os_core.o
 .text.OS_MemClr
                0x08008684       0x32 ./Middlewares/uCOSII/Source/os_core.o
                0x08008684                OS_MemClr
 *fill*         0x080086b6        0x2 
 .text.OS_Sched
                0x080086b8       0x84 ./Middlewares/uCOSII/Source/os_core.o
                0x080086b8                OS_Sched
 .text.OS_SchedNew
                0x0800873c       0x48 ./Middlewares/uCOSII/Source/os_core.o
 .text.OS_TaskIdle
                0x08008784       0x30 ./Middlewares/uCOSII/Source/os_core.o
                0x08008784                OS_TaskIdle
 .text.OS_TaskStat
                0x080087b4       0xf0 ./Middlewares/uCOSII/Source/os_core.o
                0x080087b4                OS_TaskStat
 .text.OS_TaskStatStkChk
                0x080088a4       0x68 ./Middlewares/uCOSII/Source/os_core.o
                0x080088a4                OS_TaskStatStkChk
 .text.OS_TCBInit
                0x0800890c      0x1ec ./Middlewares/uCOSII/Source/os_core.o
                0x0800890c                OS_TCBInit
 .text.OSFlagCreate
                0x08008af8       0x88 ./Middlewares/uCOSII/Source/os_flag.o
                0x08008af8                OSFlagCreate
 .text.OSFlagPend
                0x08008b80      0x320 ./Middlewares/uCOSII/Source/os_flag.o
                0x08008b80                OSFlagPend
 .text.OSFlagPost
                0x08008ea0      0x1e0 ./Middlewares/uCOSII/Source/os_flag.o
                0x08008ea0                OSFlagPost
 .text.OS_FlagBlock
                0x08009080       0xe8 ./Middlewares/uCOSII/Source/os_flag.o
 .text.OS_FlagInit
                0x08009168       0x84 ./Middlewares/uCOSII/Source/os_flag.o
                0x08009168                OS_FlagInit
 .text.OS_FlagTaskRdy
                0x080091ec       0x9c ./Middlewares/uCOSII/Source/os_flag.o
 .text.OS_FlagUnlink
                0x08009288       0x5e ./Middlewares/uCOSII/Source/os_flag.o
                0x08009288                OS_FlagUnlink
 *fill*         0x080092e6        0x2 
 .text.OSMemCreate
                0x080092e8       0xf8 ./Middlewares/uCOSII/Source/os_mem.o
                0x080092e8                OSMemCreate
 .text.OSMemGet
                0x080093e0       0x6c ./Middlewares/uCOSII/Source/os_mem.o
                0x080093e0                OSMemGet
 .text.OSMemPut
                0x0800944c       0x68 ./Middlewares/uCOSII/Source/os_mem.o
                0x0800944c                OSMemPut
 .text.OS_MemInit
                0x080094b4       0x80 ./Middlewares/uCOSII/Source/os_mem.o
                0x080094b4                OS_MemInit
 .text.OSQCreate
                0x08009534       0xe8 ./Middlewares/uCOSII/Source/os_q.o
                0x08009534                OSQCreate
 .text.OSQPend  0x0800961c      0x180 ./Middlewares/uCOSII/Source/os_q.o
                0x0800961c                OSQPend
 .text.OSQPost  0x0800979c       0xa8 ./Middlewares/uCOSII/Source/os_q.o
                0x0800979c                OSQPost
 .text.OS_QInit
                0x08009844       0x78 ./Middlewares/uCOSII/Source/os_q.o
                0x08009844                OS_QInit
 .text.OSSemCreate
                0x080098bc       0x7c ./Middlewares/uCOSII/Source/os_sem.o
                0x080098bc                OSSemCreate
 .text.OSSemPend
                0x08009938      0x134 ./Middlewares/uCOSII/Source/os_sem.o
                0x08009938                OSSemPend
 .text.OSSemPost
                0x08009a6c       0x7e ./Middlewares/uCOSII/Source/os_sem.o
                0x08009a6c                OSSemPost
 *fill*         0x08009aea        0x2 
 .text.OSTaskCreateExt
                0x08009aec       0xd8 ./Middlewares/uCOSII/Source/os_task.o
                0x08009aec                OSTaskCreateExt
 .text.OSTaskDel
                0x08009bc4      0x1f0 ./Middlewares/uCOSII/Source/os_task.o
                0x08009bc4                OSTaskDel
 .text.OSTaskNameSet
                0x08009db4       0xb4 ./Middlewares/uCOSII/Source/os_task.o
                0x08009db4                OSTaskNameSet
 .text.OSTaskStkChk
                0x08009e68       0xdc ./Middlewares/uCOSII/Source/os_task.o
                0x08009e68                OSTaskStkChk
 .text.OSTaskSuspend
                0x08009f44      0x108 ./Middlewares/uCOSII/Source/os_task.o
                0x08009f44                OSTaskSuspend
 .text.OS_TaskReturn
                0x0800a04c       0x1c ./Middlewares/uCOSII/Source/os_task.o
                0x0800a04c                OS_TaskReturn
 .text.OS_TaskStkClr
                0x0800a068       0x46 ./Middlewares/uCOSII/Source/os_task.o
                0x0800a068                OS_TaskStkClr
 *fill*         0x0800a0ae        0x2 
 .text.OSTimeDly
                0x0800a0b0       0xa8 ./Middlewares/uCOSII/Source/os_time.o
                0x0800a0b0                OSTimeDly
 .text.OSTimeDlyHMSM
                0x0800a158       0xc8 ./Middlewares/uCOSII/Source/os_time.o
                0x0800a158                OSTimeDlyHMSM
 .text.OSTimeGet
                0x0800a220       0x2c ./Middlewares/uCOSII/Source/os_time.o
                0x0800a220                OSTimeGet
 .text.OSTmrSignal
                0x0800a24c       0x24 ./Middlewares/uCOSII/Source/os_tmr.o
                0x0800a24c                OSTmrSignal
 .text.OSTmr_Init
                0x0800a270      0x118 ./Middlewares/uCOSII/Source/os_tmr.o
                0x0800a270                OSTmr_Init
 .text.OSTmr_InitTask
                0x0800a388       0x4c ./Middlewares/uCOSII/Source/os_tmr.o
 .text.OSTmr_Link
                0x0800a3d4       0xd8 ./Middlewares/uCOSII/Source/os_tmr.o
 .text.OSTmr_Unlink
                0x0800a4ac       0xa8 ./Middlewares/uCOSII/Source/os_tmr.o
 .text.OSTmr_Task
                0x0800a554       0xc4 ./Middlewares/uCOSII/Source/os_tmr.o
 .text.atoi     0x0800a618        0x8 C:/ST/STM32CubeIDE_1.16.0/STM32CubeIDE/plugins/com.st.stm32cube.ide.mcu.externaltools.gnu-tools-for-stm32.12.3.rel1.win32_1.0.200.202406191623/tools/bin/../lib/gcc/arm-none-eabi/12.3.1/../../../../arm-none-eabi/lib/thumb/v7e-m+fp/hard\libc_nano.a(libc_a-atoi.o)
                0x0800a618                atoi
 .text._strtol_l.constprop.0
                0x0800a620       0xf4 C:/ST/STM32CubeIDE_1.16.0/STM32CubeIDE/plugins/com.st.stm32cube.ide.mcu.externaltools.gnu-tools-for-stm32.12.3.rel1.win32_1.0.200.202406191623/tools/bin/../lib/gcc/arm-none-eabi/12.3.1/../../../../arm-none-eabi/lib/thumb/v7e-m+fp/hard\libc_nano.a(libc_a-strtol.o)
 .text.strtol   0x0800a714       0x14 C:/ST/STM32CubeIDE_1.16.0/STM32CubeIDE/plugins/com.st.stm32cube.ide.mcu.externaltools.gnu-tools-for-stm32.12.3.rel1.win32_1.0.200.202406191623/tools/bin/../lib/gcc/arm-none-eabi/12.3.1/../../../../arm-none-eabi/lib/thumb/v7e-m+fp/hard\libc_nano.a(libc_a-strtol.o)
                0x0800a714                strtol
 .text.__cvt    0x0800a728       0xca C:/ST/STM32CubeIDE_1.16.0/STM32CubeIDE/plugins/com.st.stm32cube.ide.mcu.externaltools.gnu-tools-for-stm32.12.3.rel1.win32_1.0.200.202406191623/tools/bin/../lib/gcc/arm-none-eabi/12.3.1/../../../../arm-none-eabi/lib/thumb/v7e-m+fp/hard\libc_nano.a(libc_a-nano-vfprintf_float.o)
                0x0800a728                __cvt
 .text.__exponent
                0x0800a7f2       0x74 C:/ST/STM32CubeIDE_1.16.0/STM32CubeIDE/plugins/com.st.stm32cube.ide.mcu.externaltools.gnu-tools-for-stm32.12.3.rel1.win32_1.0.200.202406191623/tools/bin/../lib/gcc/arm-none-eabi/12.3.1/../../../../arm-none-eabi/lib/thumb/v7e-m+fp/hard\libc_nano.a(libc_a-nano-vfprintf_float.o)
                0x0800a7f2                __exponent
 *fill*         0x0800a866        0x2 
 .text._printf_float
                0x0800a868      0x454 C:/ST/STM32CubeIDE_1.16.0/STM32CubeIDE/plugins/com.st.stm32cube.ide.mcu.externaltools.gnu-tools-for-stm32.12.3.rel1.win32_1.0.200.202406191623/tools/bin/../lib/gcc/arm-none-eabi/12.3.1/../../../../arm-none-eabi/lib/thumb/v7e-m+fp/hard\libc_nano.a(libc_a-nano-vfprintf_float.o)
                0x0800a868                _printf_float
 .text._printf_common
                0x0800acbc       0xda C:/ST/STM32CubeIDE_1.16.0/STM32CubeIDE/plugins/com.st.stm32cube.ide.mcu.externaltools.gnu-tools-for-stm32.12.3.rel1.win32_1.0.200.202406191623/tools/bin/../lib/gcc/arm-none-eabi/12.3.1/../../../../arm-none-eabi/lib/thumb/v7e-m+fp/hard\libc_nano.a(libc_a-nano-vfprintf_i.o)
                0x0800acbc                _printf_common
 *fill*         0x0800ad96        0x2 
 .text._printf_i
                0x0800ad98      0x240 C:/ST/STM32CubeIDE_1.16.0/STM32CubeIDE/plugins/com.st.stm32cube.ide.mcu.externaltools.gnu-tools-for-stm32.12.3.rel1.win32_1.0.200.202406191623/tools/bin/../lib/gcc/arm-none-eabi/12.3.1/../../../../arm-none-eabi/lib/thumb/v7e-m+fp/hard\libc_nano.a(libc_a-nano-vfprintf_i.o)
                0x0800ad98                _printf_i
 .text.std      0x0800afd8       0x6c C:/ST/STM32CubeIDE_1.16.0/STM32CubeIDE/plugins/com.st.stm32cube.ide.mcu.externaltools.gnu-tools-for-stm32.12.3.rel1.win32_1.0.200.202406191623/tools/bin/../lib/gcc/arm-none-eabi/12.3.1/../../../../arm-none-eabi/lib/thumb/v7e-m+fp/hard\libc_nano.a(libc_a-findfp.o)
 .text.stdio_exit_handler
                0x0800b044       0x18 C:/ST/STM32CubeIDE_1.16.0/STM32CubeIDE/plugins/com.st.stm32cube.ide.mcu.externaltools.gnu-tools-for-stm32.12.3.rel1.win32_1.0.200.202406191623/tools/bin/../lib/gcc/arm-none-eabi/12.3.1/../../../../arm-none-eabi/lib/thumb/v7e-m+fp/hard\libc_nano.a(libc_a-findfp.o)
 .text.cleanup_stdio
                0x0800b05c       0x40 C:/ST/STM32CubeIDE_1.16.0/STM32CubeIDE/plugins/com.st.stm32cube.ide.mcu.externaltools.gnu-tools-for-stm32.12.3.rel1.win32_1.0.200.202406191623/tools/bin/../lib/gcc/arm-none-eabi/12.3.1/../../../../arm-none-eabi/lib/thumb/v7e-m+fp/hard\libc_nano.a(libc_a-findfp.o)
 .text.global_stdio_init.part.0
                0x0800b09c       0x3c C:/ST/STM32CubeIDE_1.16.0/STM32CubeIDE/plugins/com.st.stm32cube.ide.mcu.externaltools.gnu-tools-for-stm32.12.3.rel1.win32_1.0.200.202406191623/tools/bin/../lib/gcc/arm-none-eabi/12.3.1/../../../../arm-none-eabi/lib/thumb/v7e-m+fp/hard\libc_nano.a(libc_a-findfp.o)
 .text.__sfp_lock_acquire
                0x0800b0d8        0xc C:/ST/STM32CubeIDE_1.16.0/STM32CubeIDE/plugins/com.st.stm32cube.ide.mcu.externaltools.gnu-tools-for-stm32.12.3.rel1.win32_1.0.200.202406191623/tools/bin/../lib/gcc/arm-none-eabi/12.3.1/../../../../arm-none-eabi/lib/thumb/v7e-m+fp/hard\libc_nano.a(libc_a-findfp.o)
                0x0800b0d8                __sfp_lock_acquire
 .text.__sfp_lock_release
                0x0800b0e4        0xc C:/ST/STM32CubeIDE_1.16.0/STM32CubeIDE/plugins/com.st.stm32cube.ide.mcu.externaltools.gnu-tools-for-stm32.12.3.rel1.win32_1.0.200.202406191623/tools/bin/../lib/gcc/arm-none-eabi/12.3.1/../../../../arm-none-eabi/lib/thumb/v7e-m+fp/hard\libc_nano.a(libc_a-findfp.o)
                0x0800b0e4                __sfp_lock_release
 .text.__sinit  0x0800b0f0       0x30 C:/ST/STM32CubeIDE_1.16.0/STM32CubeIDE/plugins/com.st.stm32cube.ide.mcu.externaltools.gnu-tools-for-stm32.12.3.rel1.win32_1.0.200.202406191623/tools/bin/../lib/gcc/arm-none-eabi/12.3.1/../../../../arm-none-eabi/lib/thumb/v7e-m+fp/hard\libc_nano.a(libc_a-findfp.o)
                0x0800b0f0                __sinit
 .text._fwalk_sglue
                0x0800b120       0x3c C:/ST/STM32CubeIDE_1.16.0/STM32CubeIDE/plugins/com.st.stm32cube.ide.mcu.externaltools.gnu-tools-for-stm32.12.3.rel1.win32_1.0.200.202406191623/tools/bin/../lib/gcc/arm-none-eabi/12.3.1/../../../../arm-none-eabi/lib/thumb/v7e-m+fp/hard\libc_nano.a(libc_a-fwalk.o)
                0x0800b120                _fwalk_sglue
 .text.printf   0x0800b15c       0x24 C:/ST/STM32CubeIDE_1.16.0/STM32CubeIDE/plugins/com.st.stm32cube.ide.mcu.externaltools.gnu-tools-for-stm32.12.3.rel1.win32_1.0.200.202406191623/tools/bin/../lib/gcc/arm-none-eabi/12.3.1/../../../../arm-none-eabi/lib/thumb/v7e-m+fp/hard\libc_nano.a(libc_a-printf.o)
                0x0800b15c                iprintf
                0x0800b15c                printf
 .text._puts_r  0x0800b180       0xaa C:/ST/STM32CubeIDE_1.16.0/STM32CubeIDE/plugins/com.st.stm32cube.ide.mcu.externaltools.gnu-tools-for-stm32.12.3.rel1.win32_1.0.200.202406191623/tools/bin/../lib/gcc/arm-none-eabi/12.3.1/../../../../arm-none-eabi/lib/thumb/v7e-m+fp/hard\libc_nano.a(libc_a-puts.o)
                0x0800b180                _puts_r
 *fill*         0x0800b22a        0x2 
 .text.puts     0x0800b22c       0x10 C:/ST/STM32CubeIDE_1.16.0/STM32CubeIDE/plugins/com.st.stm32cube.ide.mcu.externaltools.gnu-tools-for-stm32.12.3.rel1.win32_1.0.200.202406191623/tools/bin/../lib/gcc/arm-none-eabi/12.3.1/../../../../arm-none-eabi/lib/thumb/v7e-m+fp/hard\libc_nano.a(libc_a-puts.o)
                0x0800b22c                puts
 .text.setvbuf  0x0800b23c      0x168 C:/ST/STM32CubeIDE_1.16.0/STM32CubeIDE/plugins/com.st.stm32cube.ide.mcu.externaltools.gnu-tools-for-stm32.12.3.rel1.win32_1.0.200.202406191623/tools/bin/../lib/gcc/arm-none-eabi/12.3.1/../../../../arm-none-eabi/lib/thumb/v7e-m+fp/hard\libc_nano.a(libc_a-setvbuf.o)
                0x0800b23c                setvbuf
 .text.__sread  0x0800b3a4       0x22 C:/ST/STM32CubeIDE_1.16.0/STM32CubeIDE/plugins/com.st.stm32cube.ide.mcu.externaltools.gnu-tools-for-stm32.12.3.rel1.win32_1.0.200.202406191623/tools/bin/../lib/gcc/arm-none-eabi/12.3.1/../../../../arm-none-eabi/lib/thumb/v7e-m+fp/hard\libc_nano.a(libc_a-stdio.o)
                0x0800b3a4                __sread
 .text.__swrite
                0x0800b3c6       0x38 C:/ST/STM32CubeIDE_1.16.0/STM32CubeIDE/plugins/com.st.stm32cube.ide.mcu.externaltools.gnu-tools-for-stm32.12.3.rel1.win32_1.0.200.202406191623/tools/bin/../lib/gcc/arm-none-eabi/12.3.1/../../../../arm-none-eabi/lib/thumb/v7e-m+fp/hard\libc_nano.a(libc_a-stdio.o)
                0x0800b3c6                __swrite
 .text.__sseek  0x0800b3fe       0x24 C:/ST/STM32CubeIDE_1.16.0/STM32CubeIDE/plugins/com.st.stm32cube.ide.mcu.externaltools.gnu-tools-for-stm32.12.3.rel1.win32_1.0.200.202406191623/tools/bin/../lib/gcc/arm-none-eabi/12.3.1/../../../../arm-none-eabi/lib/thumb/v7e-m+fp/hard\libc_nano.a(libc_a-stdio.o)
                0x0800b3fe                __sseek
 .text.__sclose
                0x0800b422        0x8 C:/ST/STM32CubeIDE_1.16.0/STM32CubeIDE/plugins/com.st.stm32cube.ide.mcu.externaltools.gnu-tools-for-stm32.12.3.rel1.win32_1.0.200.202406191623/tools/bin/../lib/gcc/arm-none-eabi/12.3.1/../../../../arm-none-eabi/lib/thumb/v7e-m+fp/hard\libc_nano.a(libc_a-stdio.o)
                0x0800b422                __sclose
 .text.__swbuf_r
                0x0800b42a       0x7c C:/ST/STM32CubeIDE_1.16.0/STM32CubeIDE/plugins/com.st.stm32cube.ide.mcu.externaltools.gnu-tools-for-stm32.12.3.rel1.win32_1.0.200.202406191623/tools/bin/../lib/gcc/arm-none-eabi/12.3.1/../../../../arm-none-eabi/lib/thumb/v7e-m+fp/hard\libc_nano.a(libc_a-wbuf.o)
                0x0800b42a                __swbuf_r
 *fill*         0x0800b4a6        0x2 
 .text.__swsetup_r
                0x0800b4a8       0xac C:/ST/STM32CubeIDE_1.16.0/STM32CubeIDE/plugins/com.st.stm32cube.ide.mcu.externaltools.gnu-tools-for-stm32.12.3.rel1.win32_1.0.200.202406191623/tools/bin/../lib/gcc/arm-none-eabi/12.3.1/../../../../arm-none-eabi/lib/thumb/v7e-m+fp/hard\libc_nano.a(libc_a-wsetup.o)
                0x0800b4a8                __swsetup_r
 .text.memset   0x0800b554       0x10 C:/ST/STM32CubeIDE_1.16.0/STM32CubeIDE/plugins/com.st.stm32cube.ide.mcu.externaltools.gnu-tools-for-stm32.12.3.rel1.win32_1.0.200.202406191623/tools/bin/../lib/gcc/arm-none-eabi/12.3.1/../../../../arm-none-eabi/lib/thumb/v7e-m+fp/hard\libc_nano.a(libc_a-memset.o)
                0x0800b554                memset
 .text._localeconv_r
                0x0800b564        0x8 C:/ST/STM32CubeIDE_1.16.0/STM32CubeIDE/plugins/com.st.stm32cube.ide.mcu.externaltools.gnu-tools-for-stm32.12.3.rel1.win32_1.0.200.202406191623/tools/bin/../lib/gcc/arm-none-eabi/12.3.1/../../../../arm-none-eabi/lib/thumb/v7e-m+fp/hard\libc_nano.a(libc_a-localeconv.o)
                0x0800b564                _localeconv_r
 .text._close_r
                0x0800b56c       0x20 C:/ST/STM32CubeIDE_1.16.0/STM32CubeIDE/plugins/com.st.stm32cube.ide.mcu.externaltools.gnu-tools-for-stm32.12.3.rel1.win32_1.0.200.202406191623/tools/bin/../lib/gcc/arm-none-eabi/12.3.1/../../../../arm-none-eabi/lib/thumb/v7e-m+fp/hard\libc_nano.a(libc_a-closer.o)
                0x0800b56c                _close_r
 .text._lseek_r
                0x0800b58c       0x24 C:/ST/STM32CubeIDE_1.16.0/STM32CubeIDE/plugins/com.st.stm32cube.ide.mcu.externaltools.gnu-tools-for-stm32.12.3.rel1.win32_1.0.200.202406191623/tools/bin/../lib/gcc/arm-none-eabi/12.3.1/../../../../arm-none-eabi/lib/thumb/v7e-m+fp/hard\libc_nano.a(libc_a-lseekr.o)
                0x0800b58c                _lseek_r
 .text._read_r  0x0800b5b0       0x24 C:/ST/STM32CubeIDE_1.16.0/STM32CubeIDE/plugins/com.st.stm32cube.ide.mcu.externaltools.gnu-tools-for-stm32.12.3.rel1.win32_1.0.200.202406191623/tools/bin/../lib/gcc/arm-none-eabi/12.3.1/../../../../arm-none-eabi/lib/thumb/v7e-m+fp/hard\libc_nano.a(libc_a-readr.o)
                0x0800b5b0                _read_r
 .text._write_r
                0x0800b5d4       0x24 C:/ST/STM32CubeIDE_1.16.0/STM32CubeIDE/plugins/com.st.stm32cube.ide.mcu.externaltools.gnu-tools-for-stm32.12.3.rel1.win32_1.0.200.202406191623/tools/bin/../lib/gcc/arm-none-eabi/12.3.1/../../../../arm-none-eabi/lib/thumb/v7e-m+fp/hard\libc_nano.a(libc_a-writer.o)
                0x0800b5d4                _write_r
 .text.__errno  0x0800b5f8        0xc C:/ST/STM32CubeIDE_1.16.0/STM32CubeIDE/plugins/com.st.stm32cube.ide.mcu.externaltools.gnu-tools-for-stm32.12.3.rel1.win32_1.0.200.202406191623/tools/bin/../lib/gcc/arm-none-eabi/12.3.1/../../../../arm-none-eabi/lib/thumb/v7e-m+fp/hard\libc_nano.a(libc_a-errno.o)
                0x0800b5f8                __errno
 .text.__libc_init_array
                0x0800b604       0x48 C:/ST/STM32CubeIDE_1.16.0/STM32CubeIDE/plugins/com.st.stm32cube.ide.mcu.externaltools.gnu-tools-for-stm32.12.3.rel1.win32_1.0.200.202406191623/tools/bin/../lib/gcc/arm-none-eabi/12.3.1/../../../../arm-none-eabi/lib/thumb/v7e-m+fp/hard\libc_nano.a(libc_a-init.o)
                0x0800b604                __libc_init_array
 .text.__retarget_lock_init_recursive
                0x0800b64c        0x2 C:/ST/STM32CubeIDE_1.16.0/STM32CubeIDE/plugins/com.st.stm32cube.ide.mcu.externaltools.gnu-tools-for-stm32.12.3.rel1.win32_1.0.200.202406191623/tools/bin/../lib/gcc/arm-none-eabi/12.3.1/../../../../arm-none-eabi/lib/thumb/v7e-m+fp/hard\libc_nano.a(libc_a-lock.o)
                0x0800b64c                __retarget_lock_init_recursive
 .text.__retarget_lock_acquire_recursive
                0x0800b64e        0x2 C:/ST/STM32CubeIDE_1.16.0/STM32CubeIDE/plugins/com.st.stm32cube.ide.mcu.externaltools.gnu-tools-for-stm32.12.3.rel1.win32_1.0.200.202406191623/tools/bin/../lib/gcc/arm-none-eabi/12.3.1/../../../../arm-none-eabi/lib/thumb/v7e-m+fp/hard\libc_nano.a(libc_a-lock.o)
                0x0800b64e                __retarget_lock_acquire_recursive
 .text.__retarget_lock_release_recursive
                0x0800b650        0x2 C:/ST/STM32CubeIDE_1.16.0/STM32CubeIDE/plugins/com.st.stm32cube.ide.mcu.externaltools.gnu-tools-for-stm32.12.3.rel1.win32_1.0.200.202406191623/tools/bin/../lib/gcc/arm-none-eabi/12.3.1/../../../../arm-none-eabi/lib/thumb/v7e-m+fp/hard\libc_nano.a(libc_a-lock.o)
                0x0800b650                __retarget_lock_release_recursive
 .text.quorem   0x0800b652      0x110 C:/ST/STM32CubeIDE_1.16.0/STM32CubeIDE/plugins/com.st.stm32cube.ide.mcu.externaltools.gnu-tools-for-stm32.12.3.rel1.win32_1.0.200.202406191623/tools/bin/../lib/gcc/arm-none-eabi/12.3.1/../../../../arm-none-eabi/lib/thumb/v7e-m+fp/hard\libc_nano.a(libc_a-dtoa.o)
 *fill*         0x0800b762        0x6 
 .text._dtoa_r  0x0800b768      0xb88 C:/ST/STM32CubeIDE_1.16.0/STM32CubeIDE/plugins/com.st.stm32cube.ide.mcu.externaltools.gnu-tools-for-stm32.12.3.rel1.win32_1.0.200.202406191623/tools/bin/../lib/gcc/arm-none-eabi/12.3.1/../../../../arm-none-eabi/lib/thumb/v7e-m+fp/hard\libc_nano.a(libc_a-dtoa.o)
                0x0800b768                _dtoa_r
 .text._free_r  0x0800c2f0       0x94 C:/ST/STM32CubeIDE_1.16.0/STM32CubeIDE/plugins/com.st.stm32cube.ide.mcu.externaltools.gnu-tools-for-stm32.12.3.rel1.win32_1.0.200.202406191623/tools/bin/../lib/gcc/arm-none-eabi/12.3.1/../../../../arm-none-eabi/lib/thumb/v7e-m+fp/hard\libc_nano.a(libc_a-freer.o)
                0x0800c2f0                _free_r
 .text.malloc   0x0800c384       0x10 C:/ST/STM32CubeIDE_1.16.0/STM32CubeIDE/plugins/com.st.stm32cube.ide.mcu.externaltools.gnu-tools-for-stm32.12.3.rel1.win32_1.0.200.202406191623/tools/bin/../lib/gcc/arm-none-eabi/12.3.1/../../../../arm-none-eabi/lib/thumb/v7e-m+fp/hard\libc_nano.a(libc_a-malloc.o)
                0x0800c384                malloc
 .text.sbrk_aligned
                0x0800c394       0x44 C:/ST/STM32CubeIDE_1.16.0/STM32CubeIDE/plugins/com.st.stm32cube.ide.mcu.externaltools.gnu-tools-for-stm32.12.3.rel1.win32_1.0.200.202406191623/tools/bin/../lib/gcc/arm-none-eabi/12.3.1/../../../../arm-none-eabi/lib/thumb/v7e-m+fp/hard\libc_nano.a(libc_a-mallocr.o)
 .text._malloc_r
                0x0800c3d8      0x100 C:/ST/STM32CubeIDE_1.16.0/STM32CubeIDE/plugins/com.st.stm32cube.ide.mcu.externaltools.gnu-tools-for-stm32.12.3.rel1.win32_1.0.200.202406191623/tools/bin/../lib/gcc/arm-none-eabi/12.3.1/../../../../arm-none-eabi/lib/thumb/v7e-m+fp/hard\libc_nano.a(libc_a-mallocr.o)
                0x0800c3d8                _malloc_r
 .text.__malloc_lock
                0x0800c4d8        0xc C:/ST/STM32CubeIDE_1.16.0/STM32CubeIDE/plugins/com.st.stm32cube.ide.mcu.externaltools.gnu-tools-for-stm32.12.3.rel1.win32_1.0.200.202406191623/tools/bin/../lib/gcc/arm-none-eabi/12.3.1/../../../../arm-none-eabi/lib/thumb/v7e-m+fp/hard\libc_nano.a(libc_a-mlock.o)
                0x0800c4d8                __malloc_lock
 .text.__malloc_unlock
                0x0800c4e4        0xc C:/ST/STM32CubeIDE_1.16.0/STM32CubeIDE/plugins/com.st.stm32cube.ide.mcu.externaltools.gnu-tools-for-stm32.12.3.rel1.win32_1.0.200.202406191623/tools/bin/../lib/gcc/arm-none-eabi/12.3.1/../../../../arm-none-eabi/lib/thumb/v7e-m+fp/hard\libc_nano.a(libc_a-mlock.o)
                0x0800c4e4                __malloc_unlock
 .text._Balloc  0x0800c4f0       0x80 C:/ST/STM32CubeIDE_1.16.0/STM32CubeIDE/plugins/com.st.stm32cube.ide.mcu.externaltools.gnu-tools-for-stm32.12.3.rel1.win32_1.0.200.202406191623/tools/bin/../lib/gcc/arm-none-eabi/12.3.1/../../../../arm-none-eabi/lib/thumb/v7e-m+fp/hard\libc_nano.a(libc_a-mprec.o)
                0x0800c4f0                _Balloc
 .text._Bfree   0x0800c570       0x44 C:/ST/STM32CubeIDE_1.16.0/STM32CubeIDE/plugins/com.st.stm32cube.ide.mcu.externaltools.gnu-tools-for-stm32.12.3.rel1.win32_1.0.200.202406191623/tools/bin/../lib/gcc/arm-none-eabi/12.3.1/../../../../arm-none-eabi/lib/thumb/v7e-m+fp/hard\libc_nano.a(libc_a-mprec.o)
                0x0800c570                _Bfree
 .text.__multadd
                0x0800c5b4       0x8c C:/ST/STM32CubeIDE_1.16.0/STM32CubeIDE/plugins/com.st.stm32cube.ide.mcu.externaltools.gnu-tools-for-stm32.12.3.rel1.win32_1.0.200.202406191623/tools/bin/../lib/gcc/arm-none-eabi/12.3.1/../../../../arm-none-eabi/lib/thumb/v7e-m+fp/hard\libc_nano.a(libc_a-mprec.o)
                0x0800c5b4                __multadd
 .text.__hi0bits
                0x0800c640       0x3e C:/ST/STM32CubeIDE_1.16.0/STM32CubeIDE/plugins/com.st.stm32cube.ide.mcu.externaltools.gnu-tools-for-stm32.12.3.rel1.win32_1.0.200.202406191623/tools/bin/../lib/gcc/arm-none-eabi/12.3.1/../../../../arm-none-eabi/lib/thumb/v7e-m+fp/hard\libc_nano.a(libc_a-mprec.o)
                0x0800c640                __hi0bits
 .text.__lo0bits
                0x0800c67e       0x5a C:/ST/STM32CubeIDE_1.16.0/STM32CubeIDE/plugins/com.st.stm32cube.ide.mcu.externaltools.gnu-tools-for-stm32.12.3.rel1.win32_1.0.200.202406191623/tools/bin/../lib/gcc/arm-none-eabi/12.3.1/../../../../arm-none-eabi/lib/thumb/v7e-m+fp/hard\libc_nano.a(libc_a-mprec.o)
                0x0800c67e                __lo0bits
 .text.__i2b    0x0800c6d8       0x2c C:/ST/STM32CubeIDE_1.16.0/STM32CubeIDE/plugins/com.st.stm32cube.ide.mcu.externaltools.gnu-tools-for-stm32.12.3.rel1.win32_1.0.200.202406191623/tools/bin/../lib/gcc/arm-none-eabi/12.3.1/../../../../arm-none-eabi/lib/thumb/v7e-m+fp/hard\libc_nano.a(libc_a-mprec.o)
                0x0800c6d8                __i2b
 .text.__multiply
                0x0800c704      0x154 C:/ST/STM32CubeIDE_1.16.0/STM32CubeIDE/plugins/com.st.stm32cube.ide.mcu.externaltools.gnu-tools-for-stm32.12.3.rel1.win32_1.0.200.202406191623/tools/bin/../lib/gcc/arm-none-eabi/12.3.1/../../../../arm-none-eabi/lib/thumb/v7e-m+fp/hard\libc_nano.a(libc_a-mprec.o)
                0x0800c704                __multiply
 .text.__pow5mult
                0x0800c858       0xb4 C:/ST/STM32CubeIDE_1.16.0/STM32CubeIDE/plugins/com.st.stm32cube.ide.mcu.externaltools.gnu-tools-for-stm32.12.3.rel1.win32_1.0.200.202406191623/tools/bin/../lib/gcc/arm-none-eabi/12.3.1/../../../../arm-none-eabi/lib/thumb/v7e-m+fp/hard\libc_nano.a(libc_a-mprec.o)
                0x0800c858                __pow5mult
 .text.__lshift
                0x0800c90c       0xd8 C:/ST/STM32CubeIDE_1.16.0/STM32CubeIDE/plugins/com.st.stm32cube.ide.mcu.externaltools.gnu-tools-for-stm32.12.3.rel1.win32_1.0.200.202406191623/tools/bin/../lib/gcc/arm-none-eabi/12.3.1/../../../../arm-none-eabi/lib/thumb/v7e-m+fp/hard\libc_nano.a(libc_a-mprec.o)
                0x0800c90c                __lshift
 .text.__mcmp   0x0800c9e4       0x36 C:/ST/STM32CubeIDE_1.16.0/STM32CubeIDE/plugins/com.st.stm32cube.ide.mcu.externaltools.gnu-tools-for-stm32.12.3.rel1.win32_1.0.200.202406191623/tools/bin/../lib/gcc/arm-none-eabi/12.3.1/../../../../arm-none-eabi/lib/thumb/v7e-m+fp/hard\libc_nano.a(libc_a-mprec.o)
                0x0800c9e4                __mcmp
 *fill*         0x0800ca1a        0x2 
 .text.__mdiff  0x0800ca1c      0x128 C:/ST/STM32CubeIDE_1.16.0/STM32CubeIDE/plugins/com.st.stm32cube.ide.mcu.externaltools.gnu-tools-for-stm32.12.3.rel1.win32_1.0.200.202406191623/tools/bin/../lib/gcc/arm-none-eabi/12.3.1/../../../../arm-none-eabi/lib/thumb/v7e-m+fp/hard\libc_nano.a(libc_a-mprec.o)
                0x0800ca1c                __mdiff
 .text.__d2b    0x0800cb44       0xb0 C:/ST/STM32CubeIDE_1.16.0/STM32CubeIDE/plugins/com.st.stm32cube.ide.mcu.externaltools.gnu-tools-for-stm32.12.3.rel1.win32_1.0.200.202406191623/tools/bin/../lib/gcc/arm-none-eabi/12.3.1/../../../../arm-none-eabi/lib/thumb/v7e-m+fp/hard\libc_nano.a(libc_a-mprec.o)
                0x0800cb44                __d2b
 .text.__sfputc_r
                0x0800cbf4       0x2e C:/ST/STM32CubeIDE_1.16.0/STM32CubeIDE/plugins/com.st.stm32cube.ide.mcu.externaltools.gnu-tools-for-stm32.12.3.rel1.win32_1.0.200.202406191623/tools/bin/../lib/gcc/arm-none-eabi/12.3.1/../../../../arm-none-eabi/lib/thumb/v7e-m+fp/hard\libc_nano.a(libc_a-nano-vfprintf.o)
 .text.__sfputs_r
                0x0800cc22       0x24 C:/ST/STM32CubeIDE_1.16.0/STM32CubeIDE/plugins/com.st.stm32cube.ide.mcu.externaltools.gnu-tools-for-stm32.12.3.rel1.win32_1.0.200.202406191623/tools/bin/../lib/gcc/arm-none-eabi/12.3.1/../../../../arm-none-eabi/lib/thumb/v7e-m+fp/hard\libc_nano.a(libc_a-nano-vfprintf.o)
                0x0800cc22                __sfputs_r
 *fill*         0x0800cc46        0x2 
 .text._vfprintf_r
                0x0800cc48      0x230 C:/ST/STM32CubeIDE_1.16.0/STM32CubeIDE/plugins/com.st.stm32cube.ide.mcu.externaltools.gnu-tools-for-stm32.12.3.rel1.win32_1.0.200.202406191623/tools/bin/../lib/gcc/arm-none-eabi/12.3.1/../../../../arm-none-eabi/lib/thumb/v7e-m+fp/hard\libc_nano.a(libc_a-nano-vfprintf.o)
                0x0800cc48                _vfprintf_r
                0x0800cc48                _vfiprintf_r
 .text.__sflush_r
                0x0800ce78      0x108 C:/ST/STM32CubeIDE_1.16.0/STM32CubeIDE/plugins/com.st.stm32cube.ide.mcu.externaltools.gnu-tools-for-stm32.12.3.rel1.win32_1.0.200.202406191623/tools/bin/../lib/gcc/arm-none-eabi/12.3.1/../../../../arm-none-eabi/lib/thumb/v7e-m+fp/hard\libc_nano.a(libc_a-fflush.o)
                0x0800ce78                __sflush_r
 .text._fflush_r
                0x0800cf80       0x50 C:/ST/STM32CubeIDE_1.16.0/STM32CubeIDE/plugins/com.st.stm32cube.ide.mcu.externaltools.gnu-tools-for-stm32.12.3.rel1.win32_1.0.200.202406191623/tools/bin/../lib/gcc/arm-none-eabi/12.3.1/../../../../arm-none-eabi/lib/thumb/v7e-m+fp/hard\libc_nano.a(libc_a-fflush.o)
                0x0800cf80                _fflush_r
 .text.__swhatbuf_r
                0x0800cfd0       0x4c C:/ST/STM32CubeIDE_1.16.0/STM32CubeIDE/plugins/com.st.stm32cube.ide.mcu.externaltools.gnu-tools-for-stm32.12.3.rel1.win32_1.0.200.202406191623/tools/bin/../lib/gcc/arm-none-eabi/12.3.1/../../../../arm-none-eabi/lib/thumb/v7e-m+fp/hard\libc_nano.a(libc_a-makebuf.o)
                0x0800cfd0                __swhatbuf_r
 .text.__smakebuf_r
                0x0800d01c       0x78 C:/ST/STM32CubeIDE_1.16.0/STM32CubeIDE/plugins/com.st.stm32cube.ide.mcu.externaltools.gnu-tools-for-stm32.12.3.rel1.win32_1.0.200.202406191623/tools/bin/../lib/gcc/arm-none-eabi/12.3.1/../../../../arm-none-eabi/lib/thumb/v7e-m+fp/hard\libc_nano.a(libc_a-makebuf.o)
                0x0800d01c                __smakebuf_r
 .text._fstat_r
                0x0800d094       0x24 C:/ST/STM32CubeIDE_1.16.0/STM32CubeIDE/plugins/com.st.stm32cube.ide.mcu.externaltools.gnu-tools-for-stm32.12.3.rel1.win32_1.0.200.202406191623/tools/bin/../lib/gcc/arm-none-eabi/12.3.1/../../../../arm-none-eabi/lib/thumb/v7e-m+fp/hard\libc_nano.a(libc_a-fstatr.o)
                0x0800d094                _fstat_r
 .text._isatty_r
                0x0800d0b8       0x20 C:/ST/STM32CubeIDE_1.16.0/STM32CubeIDE/plugins/com.st.stm32cube.ide.mcu.externaltools.gnu-tools-for-stm32.12.3.rel1.win32_1.0.200.202406191623/tools/bin/../lib/gcc/arm-none-eabi/12.3.1/../../../../arm-none-eabi/lib/thumb/v7e-m+fp/hard\libc_nano.a(libc_a-isattyr.o)
                0x0800d0b8                _isatty_r
 .text._sbrk_r  0x0800d0d8       0x20 C:/ST/STM32CubeIDE_1.16.0/STM32CubeIDE/plugins/com.st.stm32cube.ide.mcu.externaltools.gnu-tools-for-stm32.12.3.rel1.win32_1.0.200.202406191623/tools/bin/../lib/gcc/arm-none-eabi/12.3.1/../../../../arm-none-eabi/lib/thumb/v7e-m+fp/hard\libc_nano.a(libc_a-sbrkr.o)
                0x0800d0d8                _sbrk_r
 .text.memcpy   0x0800d0f8       0x1c C:/ST/STM32CubeIDE_1.16.0/STM32CubeIDE/plugins/com.st.stm32cube.ide.mcu.externaltools.gnu-tools-for-stm32.12.3.rel1.win32_1.0.200.202406191623/tools/bin/../lib/gcc/arm-none-eabi/12.3.1/../../../../arm-none-eabi/lib/thumb/v7e-m+fp/hard\libc_nano.a(libc_a-memcpy-stub.o)
                0x0800d0f8                memcpy
 .text.__assert_func
                0x0800d114       0x3c C:/ST/STM32CubeIDE_1.16.0/STM32CubeIDE/plugins/com.st.stm32cube.ide.mcu.externaltools.gnu-tools-for-stm32.12.3.rel1.win32_1.0.200.202406191623/tools/bin/../lib/gcc/arm-none-eabi/12.3.1/../../../../arm-none-eabi/lib/thumb/v7e-m+fp/hard\libc_nano.a(libc_a-assert.o)
                0x0800d114                __assert_func
 .text._calloc_r
                0x0800d150       0x28 C:/ST/STM32CubeIDE_1.16.0/STM32CubeIDE/plugins/com.st.stm32cube.ide.mcu.externaltools.gnu-tools-for-stm32.12.3.rel1.win32_1.0.200.202406191623/tools/bin/../lib/gcc/arm-none-eabi/12.3.1/../../../../arm-none-eabi/lib/thumb/v7e-m+fp/hard\libc_nano.a(libc_a-callocr.o)
                0x0800d150                _calloc_r
 .text.__ascii_mbtowc
                0x0800d178       0x24 C:/ST/STM32CubeIDE_1.16.0/STM32CubeIDE/plugins/com.st.stm32cube.ide.mcu.externaltools.gnu-tools-for-stm32.12.3.rel1.win32_1.0.200.202406191623/tools/bin/../lib/gcc/arm-none-eabi/12.3.1/../../../../arm-none-eabi/lib/thumb/v7e-m+fp/hard\libc_nano.a(libc_a-mbtowc_r.o)
                0x0800d178                __ascii_mbtowc
 .text.__ascii_wctomb
                0x0800d19c       0x1a C:/ST/STM32CubeIDE_1.16.0/STM32CubeIDE/plugins/com.st.stm32cube.ide.mcu.externaltools.gnu-tools-for-stm32.12.3.rel1.win32_1.0.200.202406191623/tools/bin/../lib/gcc/arm-none-eabi/12.3.1/../../../../arm-none-eabi/lib/thumb/v7e-m+fp/hard\libc_nano.a(libc_a-wctomb_r.o)
                0x0800d19c                __ascii_wctomb
 *fill*         0x0800d1b6        0x2 
 .text.fprintf  0x0800d1b8       0x24 C:/ST/STM32CubeIDE_1.16.0/STM32CubeIDE/plugins/com.st.stm32cube.ide.mcu.externaltools.gnu-tools-for-stm32.12.3.rel1.win32_1.0.200.202406191623/tools/bin/../lib/gcc/arm-none-eabi/12.3.1/../../../../arm-none-eabi/lib/thumb/v7e-m+fp/hard\libc_nano.a(libc_a-fprintf.o)
                0x0800d1b8                fiprintf
                0x0800d1b8                fprintf
 .text.abort    0x0800d1dc        0xe C:/ST/STM32CubeIDE_1.16.0/STM32CubeIDE/plugins/com.st.stm32cube.ide.mcu.externaltools.gnu-tools-for-stm32.12.3.rel1.win32_1.0.200.202406191623/tools/bin/../lib/gcc/arm-none-eabi/12.3.1/../../../../arm-none-eabi/lib/thumb/v7e-m+fp/hard\libc_nano.a(libc_a-abort.o)
                0x0800d1dc                abort
 .text._raise_r
                0x0800d1ea       0x50 C:/ST/STM32CubeIDE_1.16.0/STM32CubeIDE/plugins/com.st.stm32cube.ide.mcu.externaltools.gnu-tools-for-stm32.12.3.rel1.win32_1.0.200.202406191623/tools/bin/../lib/gcc/arm-none-eabi/12.3.1/../../../../arm-none-eabi/lib/thumb/v7e-m+fp/hard\libc_nano.a(libc_a-signal.o)
                0x0800d1ea                _raise_r
 *fill*         0x0800d23a        0x2 
 .text.raise    0x0800d23c       0x10 C:/ST/STM32CubeIDE_1.16.0/STM32CubeIDE/plugins/com.st.stm32cube.ide.mcu.externaltools.gnu-tools-for-stm32.12.3.rel1.win32_1.0.200.202406191623/tools/bin/../lib/gcc/arm-none-eabi/12.3.1/../../../../arm-none-eabi/lib/thumb/v7e-m+fp/hard\libc_nano.a(libc_a-signal.o)
                0x0800d23c                raise
 .text._kill_r  0x0800d24c       0x24 C:/ST/STM32CubeIDE_1.16.0/STM32CubeIDE/plugins/com.st.stm32cube.ide.mcu.externaltools.gnu-tools-for-stm32.12.3.rel1.win32_1.0.200.202406191623/tools/bin/../lib/gcc/arm-none-eabi/12.3.1/../../../../arm-none-eabi/lib/thumb/v7e-m+fp/hard\libc_nano.a(libc_a-signalr.o)
                0x0800d24c                _kill_r
 .text._getpid_r
                0x0800d270        0x4 C:/ST/STM32CubeIDE_1.16.0/STM32CubeIDE/plugins/com.st.stm32cube.ide.mcu.externaltools.gnu-tools-for-stm32.12.3.rel1.win32_1.0.200.202406191623/tools/bin/../lib/gcc/arm-none-eabi/12.3.1/../../../../arm-none-eabi/lib/thumb/v7e-m+fp/hard\libc_nano.a(libc_a-signalr.o)
                0x0800d270                _getpid_r
 .text.roundf   0x0800d274       0x48 C:/ST/STM32CubeIDE_1.16.0/STM32CubeIDE/plugins/com.st.stm32cube.ide.mcu.externaltools.gnu-tools-for-stm32.12.3.rel1.win32_1.0.200.202406191623/tools/bin/../lib/gcc/arm-none-eabi/12.3.1/../../../../arm-none-eabi/lib/thumb/v7e-m+fp/hard\libm.a(libm_a-sf_round.o)
                0x0800d274                roundf
 *(.glue_7)
 .glue_7        0x0800d2bc        0x0 linker stubs
 *(.glue_7t)
 .glue_7t       0x0800d2bc        0x0 linker stubs
 *(.eh_frame)
 .eh_frame      0x0800d2bc        0x0 C:/ST/STM32CubeIDE_1.16.0/STM32CubeIDE/plugins/com.st.stm32cube.ide.mcu.externaltools.gnu-tools-for-stm32.12.3.rel1.win32_1.0.200.202406191623/tools/bin/../lib/gcc/arm-none-eabi/12.3.1/thumb/v7e-m+fp/hard/crtbegin.o
 *(.init)
 .init          0x0800d2bc        0x4 C:/ST/STM32CubeIDE_1.16.0/STM32CubeIDE/plugins/com.st.stm32cube.ide.mcu.externaltools.gnu-tools-for-stm32.12.3.rel1.win32_1.0.200.202406191623/tools/bin/../lib/gcc/arm-none-eabi/12.3.1/thumb/v7e-m+fp/hard/crti.o
                0x0800d2bc                _init
 .init          0x0800d2c0        0x8 C:/ST/STM32CubeIDE_1.16.0/STM32CubeIDE/plugins/com.st.stm32cube.ide.mcu.externaltools.gnu-tools-for-stm32.12.3.rel1.win32_1.0.200.202406191623/tools/bin/../lib/gcc/arm-none-eabi/12.3.1/thumb/v7e-m+fp/hard/crtn.o
 *(.fini)
 .fini          0x0800d2c8        0x4 C:/ST/STM32CubeIDE_1.16.0/STM32CubeIDE/plugins/com.st.stm32cube.ide.mcu.externaltools.gnu-tools-for-stm32.12.3.rel1.win32_1.0.200.202406191623/tools/bin/../lib/gcc/arm-none-eabi/12.3.1/thumb/v7e-m+fp/hard/crti.o
                0x0800d2c8                _fini
 .fini          0x0800d2cc        0x8 C:/ST/STM32CubeIDE_1.16.0/STM32CubeIDE/plugins/com.st.stm32cube.ide.mcu.externaltools.gnu-tools-for-stm32.12.3.rel1.win32_1.0.200.202406191623/tools/bin/../lib/gcc/arm-none-eabi/12.3.1/thumb/v7e-m+fp/hard/crtn.o
                0x0800d2d4                        . = ALIGN (0x4)
                0x0800d2d4                        _etext = .

.vfp11_veneer   0x0800d2d4        0x0
 .vfp11_veneer  0x0800d2d4        0x0 linker stubs

.v4_bx          0x0800d2d4        0x0
 .v4_bx         0x0800d2d4        0x0 linker stubs

.iplt           0x0800d2d4        0x0
 .iplt          0x0800d2d4        0x0 C:/ST/STM32CubeIDE_1.16.0/STM32CubeIDE/plugins/com.st.stm32cube.ide.mcu.externaltools.gnu-tools-for-stm32.12.3.rel1.win32_1.0.200.202406191623/tools/bin/../lib/gcc/arm-none-eabi/12.3.1/thumb/v7e-m+fp/hard/crtbegin.o

.rodata         0x0800d2d8      0x638
                0x0800d2d8                        . = ALIGN (0x4)
 *(.rodata)
 .rodata        0x0800d2d8       0x14 ./Core/Src/adc_handler.o
 .rodata        0x0800d2ec       0x1d ./Core/Src/main.o
 *fill*         0x0800d309        0x3 
 .rodata        0x0800d30c        0x8 ./Core/Src/tasks.o
 .rodata        0x0800d314       0x5a ./Core/Src/uart_handler.o
 *fill*         0x0800d36e        0x2 
 .rodata        0x0800d370       0x22 ./Middlewares/uCOSII/Source/os_core.o
 *fill*         0x0800d392        0x2 
 .rodata        0x0800d394        0x2 ./Middlewares/uCOSII/Source/os_flag.o
 *fill*         0x0800d396        0x2 
 .rodata        0x0800d398        0x2 ./Middlewares/uCOSII/Source/os_mem.o
 *fill*         0x0800d39a        0x2 
 .rodata        0x0800d39c        0x2 ./Middlewares/uCOSII/Source/os_q.o
 *fill*         0x0800d39e        0x2 
 .rodata        0x0800d3a0        0x2 ./Middlewares/uCOSII/Source/os_sem.o
 *fill*         0x0800d3a2        0x2 
 .rodata        0x0800d3a4        0x2 ./Middlewares/uCOSII/Source/os_task.o
 *fill*         0x0800d3a6        0x2 
 .rodata        0x0800d3a8       0x39 ./Middlewares/uCOSII/Source/os_tmr.o
 *(.rodata*)
 *fill*         0x0800d3e1        0x3 
 .rodata.AHBPrescTable
                0x0800d3e4       0x10 ./Core/Src/system_stm32l4xx.o
                0x0800d3e4                AHBPrescTable
 .rodata.APBPrescTable
                0x0800d3f4        0x8 ./Core/Src/system_stm32l4xx.o
                0x0800d3f4                APBPrescTable
 .rodata.MSIRangeTable
                0x0800d3fc       0x30 ./Core/Src/system_stm32l4xx.o
                0x0800d3fc                MSIRangeTable
 .rodata.OSDebugEn
                0x0800d42c        0x2 ./Middlewares/uCOSII/Ports/ARM-Cortex-M/ARMv7-M/GNU/os_dbg.o
                0x0800d42c                OSDebugEn
 *fill*         0x0800d42e        0x2 
 .rodata.OSEndiannessTest
                0x0800d430        0x4 ./Middlewares/uCOSII/Ports/ARM-Cortex-M/ARMv7-M/GNU/os_dbg.o
                0x0800d430                OSEndiannessTest
 .rodata.OSEventEn
                0x0800d434        0x2 ./Middlewares/uCOSII/Ports/ARM-Cortex-M/ARMv7-M/GNU/os_dbg.o
                0x0800d434                OSEventEn
 .rodata.OSEventMax
                0x0800d436        0x2 ./Middlewares/uCOSII/Ports/ARM-Cortex-M/ARMv7-M/GNU/os_dbg.o
                0x0800d436                OSEventMax
 .rodata.OSEventNameEn
                0x0800d438        0x2 ./Middlewares/uCOSII/Ports/ARM-Cortex-M/ARMv7-M/GNU/os_dbg.o
                0x0800d438                OSEventNameEn
 .rodata.OSEventSize
                0x0800d43a        0x2 ./Middlewares/uCOSII/Ports/ARM-Cortex-M/ARMv7-M/GNU/os_dbg.o
                0x0800d43a                OSEventSize
 .rodata.OSEventTblSize
                0x0800d43c        0x2 ./Middlewares/uCOSII/Ports/ARM-Cortex-M/ARMv7-M/GNU/os_dbg.o
                0x0800d43c                OSEventTblSize
 .rodata.OSEventMultiEn
                0x0800d43e        0x2 ./Middlewares/uCOSII/Ports/ARM-Cortex-M/ARMv7-M/GNU/os_dbg.o
                0x0800d43e                OSEventMultiEn
 .rodata.OSFlagEn
                0x0800d440        0x2 ./Middlewares/uCOSII/Ports/ARM-Cortex-M/ARMv7-M/GNU/os_dbg.o
                0x0800d440                OSFlagEn
 .rodata.OSFlagGrpSize
                0x0800d442        0x2 ./Middlewares/uCOSII/Ports/ARM-Cortex-M/ARMv7-M/GNU/os_dbg.o
                0x0800d442                OSFlagGrpSize
 .rodata.OSFlagNodeSize
                0x0800d444        0x2 ./Middlewares/uCOSII/Ports/ARM-Cortex-M/ARMv7-M/GNU/os_dbg.o
                0x0800d444                OSFlagNodeSize
 .rodata.OSFlagWidth
                0x0800d446        0x2 ./Middlewares/uCOSII/Ports/ARM-Cortex-M/ARMv7-M/GNU/os_dbg.o
                0x0800d446                OSFlagWidth
 .rodata.OSFlagMax
                0x0800d448        0x2 ./Middlewares/uCOSII/Ports/ARM-Cortex-M/ARMv7-M/GNU/os_dbg.o
                0x0800d448                OSFlagMax
 .rodata.OSFlagNameEn
                0x0800d44a        0x2 ./Middlewares/uCOSII/Ports/ARM-Cortex-M/ARMv7-M/GNU/os_dbg.o
                0x0800d44a                OSFlagNameEn
 .rodata.OSLowestPrio
                0x0800d44c        0x2 ./Middlewares/uCOSII/Ports/ARM-Cortex-M/ARMv7-M/GNU/os_dbg.o
                0x0800d44c                OSLowestPrio
 .rodata.OSMboxEn
                0x0800d44e        0x2 ./Middlewares/uCOSII/Ports/ARM-Cortex-M/ARMv7-M/GNU/os_dbg.o
                0x0800d44e                OSMboxEn
 .rodata.OSMemEn
                0x0800d450        0x2 ./Middlewares/uCOSII/Ports/ARM-Cortex-M/ARMv7-M/GNU/os_dbg.o
                0x0800d450                OSMemEn
 .rodata.OSMemMax
                0x0800d452        0x2 ./Middlewares/uCOSII/Ports/ARM-Cortex-M/ARMv7-M/GNU/os_dbg.o
                0x0800d452                OSMemMax
 .rodata.OSMemNameEn
                0x0800d454        0x2 ./Middlewares/uCOSII/Ports/ARM-Cortex-M/ARMv7-M/GNU/os_dbg.o
                0x0800d454                OSMemNameEn
 .rodata.OSMemSize
                0x0800d456        0x2 ./Middlewares/uCOSII/Ports/ARM-Cortex-M/ARMv7-M/GNU/os_dbg.o
                0x0800d456                OSMemSize
 .rodata.OSMemTblSize
                0x0800d458        0x2 ./Middlewares/uCOSII/Ports/ARM-Cortex-M/ARMv7-M/GNU/os_dbg.o
                0x0800d458                OSMemTblSize
 .rodata.OSMutexEn
                0x0800d45a        0x2 ./Middlewares/uCOSII/Ports/ARM-Cortex-M/ARMv7-M/GNU/os_dbg.o
                0x0800d45a                OSMutexEn
 .rodata.OSPtrSize
                0x0800d45c        0x2 ./Middlewares/uCOSII/Ports/ARM-Cortex-M/ARMv7-M/GNU/os_dbg.o
                0x0800d45c                OSPtrSize
 .rodata.OSQEn  0x0800d45e        0x2 ./Middlewares/uCOSII/Ports/ARM-Cortex-M/ARMv7-M/GNU/os_dbg.o
                0x0800d45e                OSQEn
 .rodata.OSQMax
                0x0800d460        0x2 ./Middlewares/uCOSII/Ports/ARM-Cortex-M/ARMv7-M/GNU/os_dbg.o
                0x0800d460                OSQMax
 .rodata.OSQSize
                0x0800d462        0x2 ./Middlewares/uCOSII/Ports/ARM-Cortex-M/ARMv7-M/GNU/os_dbg.o
                0x0800d462                OSQSize
 .rodata.OSRdyTblSize
                0x0800d464        0x2 ./Middlewares/uCOSII/Ports/ARM-Cortex-M/ARMv7-M/GNU/os_dbg.o
                0x0800d464                OSRdyTblSize
 .rodata.OSSemEn
                0x0800d466        0x2 ./Middlewares/uCOSII/Ports/ARM-Cortex-M/ARMv7-M/GNU/os_dbg.o
                0x0800d466                OSSemEn
 .rodata.OSStkWidth
                0x0800d468        0x2 ./Middlewares/uCOSII/Ports/ARM-Cortex-M/ARMv7-M/GNU/os_dbg.o
                0x0800d468                OSStkWidth
 .rodata.OSTaskCreateEn
                0x0800d46a        0x2 ./Middlewares/uCOSII/Ports/ARM-Cortex-M/ARMv7-M/GNU/os_dbg.o
                0x0800d46a                OSTaskCreateEn
 .rodata.OSTaskCreateExtEn
                0x0800d46c        0x2 ./Middlewares/uCOSII/Ports/ARM-Cortex-M/ARMv7-M/GNU/os_dbg.o
                0x0800d46c                OSTaskCreateExtEn
 .rodata.OSTaskDelEn
                0x0800d46e        0x2 ./Middlewares/uCOSII/Ports/ARM-Cortex-M/ARMv7-M/GNU/os_dbg.o
                0x0800d46e                OSTaskDelEn
 .rodata.OSTaskIdleStkSize
                0x0800d470        0x2 ./Middlewares/uCOSII/Ports/ARM-Cortex-M/ARMv7-M/GNU/os_dbg.o
                0x0800d470                OSTaskIdleStkSize
 .rodata.OSTaskProfileEn
                0x0800d472        0x2 ./Middlewares/uCOSII/Ports/ARM-Cortex-M/ARMv7-M/GNU/os_dbg.o
                0x0800d472                OSTaskProfileEn
 .rodata.OSTaskMax
                0x0800d474        0x2 ./Middlewares/uCOSII/Ports/ARM-Cortex-M/ARMv7-M/GNU/os_dbg.o
                0x0800d474                OSTaskMax
 .rodata.OSTaskNameEn
                0x0800d476        0x2 ./Middlewares/uCOSII/Ports/ARM-Cortex-M/ARMv7-M/GNU/os_dbg.o
                0x0800d476                OSTaskNameEn
 .rodata.OSTaskStatEn
                0x0800d478        0x2 ./Middlewares/uCOSII/Ports/ARM-Cortex-M/ARMv7-M/GNU/os_dbg.o
                0x0800d478                OSTaskStatEn
 .rodata.OSTaskStatStkSize
                0x0800d47a        0x2 ./Middlewares/uCOSII/Ports/ARM-Cortex-M/ARMv7-M/GNU/os_dbg.o
                0x0800d47a                OSTaskStatStkSize
 .rodata.OSTaskStatStkChkEn
                0x0800d47c        0x2 ./Middlewares/uCOSII/Ports/ARM-Cortex-M/ARMv7-M/GNU/os_dbg.o
                0x0800d47c                OSTaskStatStkChkEn
 .rodata.OSTaskSwHookEn
                0x0800d47e        0x2 ./Middlewares/uCOSII/Ports/ARM-Cortex-M/ARMv7-M/GNU/os_dbg.o
                0x0800d47e                OSTaskSwHookEn
 .rodata.OSTCBPrioTblMax
                0x0800d480        0x2 ./Middlewares/uCOSII/Ports/ARM-Cortex-M/ARMv7-M/GNU/os_dbg.o
                0x0800d480                OSTCBPrioTblMax
 .rodata.OSTCBSize
                0x0800d482        0x2 ./Middlewares/uCOSII/Ports/ARM-Cortex-M/ARMv7-M/GNU/os_dbg.o
                0x0800d482                OSTCBSize
 .rodata.OSTicksPerSec
                0x0800d484        0x2 ./Middlewares/uCOSII/Ports/ARM-Cortex-M/ARMv7-M/GNU/os_dbg.o
                0x0800d484                OSTicksPerSec
 .rodata.OSTimeTickHookEn
                0x0800d486        0x2 ./Middlewares/uCOSII/Ports/ARM-Cortex-M/ARMv7-M/GNU/os_dbg.o
                0x0800d486                OSTimeTickHookEn
 .rodata.OSVersionNbr
                0x0800d488        0x2 ./Middlewares/uCOSII/Ports/ARM-Cortex-M/ARMv7-M/GNU/os_dbg.o
                0x0800d488                OSVersionNbr
 .rodata.OSTmrEn
                0x0800d48a        0x2 ./Middlewares/uCOSII/Ports/ARM-Cortex-M/ARMv7-M/GNU/os_dbg.o
                0x0800d48a                OSTmrEn
 .rodata.OSTmrCfgMax
                0x0800d48c        0x2 ./Middlewares/uCOSII/Ports/ARM-Cortex-M/ARMv7-M/GNU/os_dbg.o
                0x0800d48c                OSTmrCfgMax
 .rodata.OSTmrCfgNameEn
                0x0800d48e        0x2 ./Middlewares/uCOSII/Ports/ARM-Cortex-M/ARMv7-M/GNU/os_dbg.o
                0x0800d48e                OSTmrCfgNameEn
 .rodata.OSTmrCfgWheelSize